An error occurred while executing the following cell:
------------------
try:
    import tinygp
except ImportError:
    %pip install -q tinygp
    import tinygp

try:
    from statsmodels.datasets import co2
except ModuleNotFoundError:
    %pip install -qq statsmodels
    from statsmodels.datasets import co2


import jax
import jax.numpy as jnp
from tinygp import kernels, transforms, GaussianProcess
from jax.config import config
from scipy.optimize import minimize
import matplotlib.pyplot as plt
import seaborn as sns

try:
    from probml_utils import latexify, savefig, is_latexify_enabled
except ModuleNotFoundError:
    %pip install git+https://github.com/probml/probml-utils.git
    from probml_utils import latexify, savefig, is_latexify_enabled


latexify(width_scale_factor=2, fig_height=2)
config.update("jax_enable_x64", True)

marksize = 6 if is_latexify_enabled() else 50
------------------

----- stdout -----
WARNING: Ignoring invalid distribution -ax (/github/home/miniconda3/envs/py310/lib/python3.10/site-packages)

----- stdout -----
WARNING: Ignoring invalid distribution -ax (/github/home/miniconda3/envs/py310/lib/python3.10/site-packages)

----- stdout -----
ERROR: pip's dependency resolver does not currently take into account all the packages that are installed. This behaviour is the source of the following dependency conflicts.
distrax 0.1.3 requires numpy<1.23,>=1.18.0, but you have numpy 2.2.6 which is incompatible.
WARNING: Running pip as the 'root' user can result in broken permissions and conflicting behaviour with the system package manager, possibly rendering your system unusable. It is recommended to use a virtual environment instead: https://pip.pypa.io/warnings/venv. Use the --root-user-action option if you know what you are doing and want to suppress this warning.

----- stdout -----
Note: you may need to restart the kernel to use updated packages.
----- stdout -----
Note: you may need to restart the kernel to use updated packages.
------------------

---------------------------------------------------------------------------
ModuleNotFoundError                       Traceback (most recent call last)
Cell In[1], line 17
     15 import jax.numpy as jnp
     16 from tinygp import kernels, transforms, GaussianProcess
---> 17 from jax.config import config
     18 from scipy.optimize import minimize
     19 import matplotlib.pyplot as plt

ModuleNotFoundError: No module named 'jax.config'
