An error occurred while executing the following cell:
------------------
%matplotlib inline
import matplotlib as mpl
from matplotlib import pylab as plt
import matplotlib.dates as mdates
import seaborn as sns

import collections

import numpy as np

try:
    import tensorflow.compat.v2 as tf
except ModuleNotFoundError:
    %pip install -qq tensorflow
    import tensorflow.compat.v2 as tf
try:
    import tensorflow_probability as tfp
except ModuleNotFoundError:
    %pip install -qq tensorflow-probability
    import tensorflow_probability as tfp

from tensorflow_probability import distributions as tfd
from tensorflow_probability import sts

try:
    import probml_utils as pml
    from probml_utils import latexify, savefig

except ModuleNotFoundError:
    %pip install -qq git+https://github.com/probml/probml-utils.git
    import probml_utils as pml
    from probml_utils import latexify, savefig

tf.enable_v2_behavior()
------------------

----- stdout -----
Note: you may need to restart the kernel to use updated packages.
----- stdout -----


Failed to import TF-Keras. Please note that TF-Keras is not installed by default when you install TensorFlow Probability. This is so that JAX-only users do not have to install TensorFlow or TF-Keras. To use TensorFlow Probability with TensorFlow, please install the tf-keras or tf-keras-nightly package.
This can be be done through installing the tensorflow-probability[tf] extra.
----- stdout -----
Note: you may need to restart the kernel to use updated packages.


Failed to import TF-Keras. Please note that TF-Keras is not installed by default when you install TensorFlow Probability. This is so that JAX-only users do not have to install TensorFlow or TF-Keras. To use TensorFlow Probability with TensorFlow, please install the tf-keras or tf-keras-nightly package.
This can be be done through installing the tensorflow-probability[tf] extra.
------------------

---------------------------------------------------------------------------
ModuleNotFoundError                       Traceback (most recent call last)
Cell In[1], line 17
     16 try:
---> 17     import tensorflow_probability as tfp
     18 except ModuleNotFoundError:

File ~/miniconda3/envs/py310/lib/python3.10/site-packages/tensorflow_probability/__init__.py:22
     17 # Contributors to the `python/` dir should not alter this file; instead update
     18 # `python/__init__.py` as necessary.
     19 
     20 # from tensorflow_probability.google import staging  # DisableOnExport
     21 # from tensorflow_probability.google import tfp_google  # DisableOnExport
---> 22 from tensorflow_probability.python import *  # pylint: disable=wildcard-import
     23 from tensorflow_probability.python.version import __version__

File ~/miniconda3/envs/py310/lib/python3.10/site-packages/tensorflow_probability/python/__init__.py:152
    151   for pkg_name in _maybe_nonlazy_load:
--> 152     dir(globals()[pkg_name])  # Forces loading the package from its lazy loader.
    155 all_util.remove_undocumented(__name__, _lazy_load + _maybe_nonlazy_load)

File ~/miniconda3/envs/py310/lib/python3.10/site-packages/tensorflow_probability/python/internal/lazy_loader.py:60, in LazyLoader.__dir__(self)
     59 def __dir__(self):
---> 60   module = self._load()
     61   return dir(module)

File ~/miniconda3/envs/py310/lib/python3.10/site-packages/tensorflow_probability/python/internal/lazy_loader.py:40, in LazyLoader._load(self)
     39 if callable(self._on_first_access):
---> 40   self._on_first_access()
     41   self._on_first_access = None

File ~/miniconda3/envs/py310/lib/python3.10/site-packages/tensorflow_probability/python/__init__.py:79, in _validate_tf_environment(package)
     78 try:
---> 79   import tf_keras  # pylint: disable=unused-import
     80 except (ImportError, ModuleNotFoundError):
     81   # Print more informative error message, then reraise.

ModuleNotFoundError: No module named 'tf_keras'

During handling of the above exception, another exception occurred:

ModuleNotFoundError                       Traceback (most recent call last)
Cell In[1], line 20
     18 except ModuleNotFoundError:
     19     get_ipython().run_line_magic('pip', 'install -qq tensorflow-probability')
---> 20     import tensorflow_probability as tfp
     22 from tensorflow_probability import distributions as tfd
     23 from tensorflow_probability import sts

File ~/miniconda3/envs/py310/lib/python3.10/site-packages/tensorflow_probability/__init__.py:22
     15 """Tools for probabilistic reasoning in TensorFlow."""
     17 # Contributors to the `python/` dir should not alter this file; instead update
     18 # `python/__init__.py` as necessary.
     19 
     20 # from tensorflow_probability.google import staging  # DisableOnExport
     21 # from tensorflow_probability.google import tfp_google  # DisableOnExport
---> 22 from tensorflow_probability.python import *  # pylint: disable=wildcard-import
     23 from tensorflow_probability.python.version import __version__
     25 # tfp_google.bind(globals())  # DisableOnExport
     26 # del tfp_google  # DisableOnExport

File ~/miniconda3/envs/py310/lib/python3.10/site-packages/tensorflow_probability/python/__init__.py:152
    149 if _tf_loaded():
    150   # Non-lazy load of packages that register with tensorflow or keras.
    151   for pkg_name in _maybe_nonlazy_load:
--> 152     dir(globals()[pkg_name])  # Forces loading the package from its lazy loader.
    155 all_util.remove_undocumented(__name__, _lazy_load + _maybe_nonlazy_load)

File ~/miniconda3/envs/py310/lib/python3.10/site-packages/tensorflow_probability/python/internal/lazy_loader.py:60, in LazyLoader.__dir__(self)
     59 def __dir__(self):
---> 60   module = self._load()
     61   return dir(module)

File ~/miniconda3/envs/py310/lib/python3.10/site-packages/tensorflow_probability/python/internal/lazy_loader.py:40, in LazyLoader._load(self)
     38 """Load the module and insert it into the parent's globals."""
     39 if callable(self._on_first_access):
---> 40   self._on_first_access()
     41   self._on_first_access = None
     42 # Import the target module and insert it into the parent's namespace

File ~/miniconda3/envs/py310/lib/python3.10/site-packages/tensorflow_probability/python/__init__.py:79, in _validate_tf_environment(package)
     77 if required_tensorflow_version[0] == '2':
     78   try:
---> 79     import tf_keras  # pylint: disable=unused-import
     80   except (ImportError, ModuleNotFoundError):
     81     # Print more informative error message, then reraise.
     82     print('\n\nFailed to import TF-Keras. Please note that TF-Keras is not '
     83           'installed by default when you install TensorFlow Probability. '
     84           'This is so that JAX-only users do not have to install TensorFlow '
   (...)
     87           'This can be be done through installing the '
     88           'tensorflow-probability[tf] extra.\n\n')

ModuleNotFoundError: No module named 'tf_keras'
