An error occurred while executing the following cell:
------------------
# -*- coding: utf-8 -*-
# based on https://github.com/probml/pmtk3/blob/master/demos/arsEnvelope.m
# author : alokpriyadarshii
import numpy as np
import matplotlib.pyplot as plt
import matplotlib

%matplotlib inline

try:
    from scipy.stats import norm
except ModuleNotFoundError:
    %pip install -qq scipy.stats
    from scipy.stats import norm

try:
    from probml_utils import savefig, latexify
except ModuleNotFoundError:
    %pip install -qq git+https://github.com/probml/probml-utils.git
    from probml_utils import savefig, latexify
------------------


---------------------------------------------------------------------------
ImportError                               Traceback (most recent call last)
Cell In[1], line 5
      1 # -*- coding: utf-8 -*-
      2 # based on https://github.com/probml/pmtk3/blob/master/demos/arsEnvelope.m
      3 # author : alokpriyadarshii
      4 import numpy as np
----> 5 import matplotlib.pyplot as plt
      6 import matplotlib
      8 get_ipython().run_line_magic('matplotlib', 'inline')

File ~/miniconda3/envs/py310/lib/python3.10/site-packages/matplotlib/__init__.py:264
    259         if parse_version(module.__version__) < parse_version(minver):
    260             raise ImportError(f"Matplotlib requires {modname}>={minver}; "
    261                               f"you have {module.__version__}")
--> 264 _check_versions()
    267 # The decorator ensures this always returns the same handler (and it is only
    268 # attached once).
    269 @functools.cache
    270 def _ensure_handler():

File ~/miniconda3/envs/py310/lib/python3.10/site-packages/matplotlib/__init__.py:260, in _check_versions()
    258 module = importlib.import_module(modname)
    259 if parse_version(module.__version__) < parse_version(minver):
--> 260     raise ImportError(f"Matplotlib requires {modname}>={minver}; "
    261                       f"you have {module.__version__}")

ImportError: Matplotlib requires numpy>=1.23; you have 1.22.4
