An error occurred while executing the following cell:
------------------
try:
    import distrax
except ModuleNotFoundError:
    %pip install -qq distrax
    import distrax
import ipywidgets as widgets
import jax
import jax.numpy as jnp
import matplotlib.pyplot as plt

import os

try:
    import probml_utils as pml
except ModuleNotFoundError:
    %pip install -qq git+https://github.com/probml/probml-utils.git
    import probml_utils as pml

from scipy.stats import gaussian_kde
from scipy.stats import norm
import seaborn as sns
import warnings

warnings.filterwarnings("ignore")
jax.config.update("jax_platform_name", "cpu")

key = jax.random.PRNGKey(500)
------------------

----- stdout -----
ERROR: pip's dependency resolver does not currently take into account all the packages that are installed. This behaviour is the source of the following dependency conflicts.
optax 0.2.5 requires chex>=0.1.87, but you have chex 0.1.7 which is incompatible.
orbax-checkpoint 0.11.39 requires jax>=0.6.0, but you have jax 0.4.30 which is incompatible.
tensorflow-cpu 2.21.0 requires numpy>=1.26.0, but you have numpy 1.22.4 which is incompatible.
treescope 0.1.10 requires numpy>=1.25.2, but you have numpy 1.22.4 which is incompatible.

----- stdout -----
Note: you may need to restart the kernel to use updated packages.
------------------

---------------------------------------------------------------------------
ModuleNotFoundError                       Traceback (most recent call last)
File ~/miniconda3/envs/py310/lib/python3.10/site-packages/jax/_src/lib/__init__.py:26
     25 try:
---> 26   import jaxlib as jaxlib
     27 except ModuleNotFoundError as err:

File ~/miniconda3/envs/py310/lib/python3.10/site-packages/jaxlib/__init__.py:15
      1 # Copyright 2018 The JAX Authors.
      2 #
      3 # Licensed under the Apache License, Version 2.0 (the "License");
   (...)
     12 # See the License for the specific language governing permissions and
     13 # limitations under the License.
---> 15 from .version import __version__  # noqa: F401

ModuleNotFoundError: No module named 'jaxlib.version'

The above exception was the direct cause of the following exception:

ModuleNotFoundError                       Traceback (most recent call last)
Cell In[1], line 2
      1 try:
----> 2     import distrax
      3 except ModuleNotFoundError:

File ~/miniconda3/envs/py310/lib/python3.10/site-packages/distrax/__init__.py:18
     17 # Bijectors.
---> 18 from distrax._src.bijectors.bijector import Bijector
     19 from distrax._src.bijectors.bijector import BijectorLike

File ~/miniconda3/envs/py310/lib/python3.10/site-packages/distrax/_src/bijectors/bijector.py:21
     19 from typing import Callable, Optional, Tuple, Union
---> 21 from distrax._src.utils import jittable
     22 import jax.numpy as jnp

File ~/miniconda3/envs/py310/lib/python3.10/site-packages/distrax/_src/utils/jittable.py:18
     17 import abc
---> 18 import jax
     21 class Jittable(metaclass=abc.ABCMeta):

File ~/miniconda3/envs/py310/lib/python3.10/site-packages/jax/__init__.py:25
     24 # Set Cloud TPU env vars if necessary before transitively loading C++ backend
---> 25 from jax._src.cloud_tpu_init import cloud_tpu_init as _cloud_tpu_init
     26 try:

File ~/miniconda3/envs/py310/lib/python3.10/site-packages/jax/_src/cloud_tpu_init.py:17
     16 import os
---> 17 import re
     18 import warnings

File ~/miniconda3/envs/py310/lib/python3.10/site-packages/jax/_src/config.py:27
     25 from typing import Any, Generic, NoReturn, Optional, Protocol, TypeVar, cast
---> 27 from jax._src.lib import guard_lib
     28 from jax._src.lib import jax_jit

File ~/miniconda3/envs/py310/lib/python3.10/site-packages/jax/_src/lib/__init__.py:28
     27 except ModuleNotFoundError as err:
---> 28   raise ModuleNotFoundError(
     29     'jax requires jaxlib to be installed. See '
     30     'https://github.com/jax-ml/jax#installation for installation instructions.'
     31     ) from err
     33 import jax.version

ModuleNotFoundError: jax requires jaxlib to be installed. See https://github.com/google/jax#installation for installation instructions.

During handling of the above exception, another exception occurred:

AttributeError                            Traceback (most recent call last)
Cell In[1], line 5
      3 except ModuleNotFoundError:
      4     get_ipython().run_line_magic('pip', 'install -qq distrax')
----> 5     import distrax
      6 import ipywidgets as widgets
      7 import jax

File ~/miniconda3/envs/py310/lib/python3.10/site-packages/distrax/__init__.py:18
     15 """Distrax: Probability distributions in JAX."""
     17 # Bijectors.
---> 18 from distrax._src.bijectors.bijector import Bijector
     19 from distrax._src.bijectors.bijector import BijectorLike
     20 from distrax._src.bijectors.block import Block

File ~/miniconda3/envs/py310/lib/python3.10/site-packages/distrax/_src/bijectors/bijector.py:21
     18 import typing
     19 from typing import Callable, Optional, Tuple, Union
---> 21 from distrax._src.utils import jittable
     22 import jax.numpy as jnp
     23 from tensorflow_probability.substrates import jax as tfp

File ~/miniconda3/envs/py310/lib/python3.10/site-packages/distrax/_src/utils/jittable.py:18
     15 """Abstract class for Jittable objects."""
     17 import abc
---> 18 import jax
     21 class Jittable(metaclass=abc.ABCMeta):
     22   """ABC that can be passed as an arg to a jitted fn, with readable state."""

File ~/miniconda3/envs/py310/lib/python3.10/site-packages/jax/__init__.py:25
     22 from jax.version import __version_info__ as __version_info__
     24 # Set Cloud TPU env vars if necessary before transitively loading C++ backend
---> 25 from jax._src.cloud_tpu_init import cloud_tpu_init as _cloud_tpu_init
     26 try:
     27   _cloud_tpu_init()

File ~/miniconda3/envs/py310/lib/python3.10/site-packages/jax/_src/cloud_tpu_init.py:20
     18 import warnings
     19 from jax import version
---> 20 from jax._src import config
     21 from jax._src import hardware_utils
     23 running_in_cloud_tpu_vm: bool = False

File ~/miniconda3/envs/py310/lib/python3.10/site-packages/jax/_src/config.py:27
     24 import sys
     25 from typing import Any, Generic, NoReturn, Optional, Protocol, TypeVar, cast
---> 27 from jax._src.lib import guard_lib
     28 from jax._src.lib import jax_jit
     29 from jax._src.lib import xla_client

File ~/miniconda3/envs/py310/lib/python3.10/site-packages/jax/_src/lib/__init__.py:76
     71   return _jaxlib_version
     74 version_str = jaxlib.version.__version__
     75 version = check_jaxlib_version(
---> 76   jax_version=jax.version.__version__,
     77   jaxlib_version=jaxlib.version.__version__,
     78   minimum_jaxlib_version=jax.version._minimum_jaxlib_version)
     80 # Before importing any C compiled modules, first import the CPU
     81 # feature guard module to verify that jaxlib was compiled in a way that only
     82 # uses instructions that are present on this machine.
     83 import jaxlib.cpu_feature_guard as cpu_feature_guard

AttributeError: partially initialized module 'jax' has no attribute 'version' (most likely due to a circular import)
