An error occurred while executing the following cell:
------------------
import jax
import jax.nn as nn
import jax.numpy as jnp
import numpy as np
from jax.flatten_util import ravel_pytree
import matplotlib.pyplot as plt
import seaborn as sns

try:
    import flax
except ModuleNotFoundError:
    %pip install -qq flax
    import flax
from flax import linen as nn
from flax.core.frozen_dict import unfreeze

try:
    import optax
except ModuleNotFoundError:
    %pip install -qq optax
    import optax

try:
    import tensorflow_probability.substrates.jax as tfp
except:
    %pip install -qq tensorflow_probability
    import tensorflow_probability.substrates.jax as tfp


try:
    import blackjax
except:
    %pip install -qq jaxopt blackjax
    import blackjax
from blackjax.sgmcmc.gradients import grad_estimator


try:
    import tensorflow_datasets as tfds
except ModuleNotFoundError:
    %pip install -qq tensorflow tensorflow_datasets
    import tensorflow_datasets as tfds


try:
    import probml_utils as pml
except ModuleNotFoundError:
    %pip install git+https://github.com/probml/probml-utils.git
    import probml_utils as pml

tfd = tfp.distributions
------------------

----- stdout -----
ERROR: pip's dependency resolver does not currently take into account all the packages that are installed. This behaviour is the source of the following dependency conflicts.
arviz 0.17.1 requires numpy<2.0,>=1.22.0, but you have numpy 2.2.6 which is incompatible.
distrax 0.1.3 requires numpy<1.23,>=1.18.0, but you have numpy 2.2.6 which is incompatible.

----- stdout -----
Note: you may need to restart the kernel to use updated packages.
------------------

---------------------------------------------------------------------------
ModuleNotFoundError                       Traceback (most recent call last)
Cell In[2], line 10
      9 try:
---> 10     import flax
     11 except ModuleNotFoundError:

ModuleNotFoundError: No module named 'flax'

During handling of the above exception, another exception occurred:

ImportError                               Traceback (most recent call last)
Cell In[2], line 13
     11 except ModuleNotFoundError:
     12     get_ipython().run_line_magic('pip', 'install -qq flax')
---> 13     import flax
     14 from flax import linen as nn
     15 from flax.core.frozen_dict import unfreeze

File ~/miniconda3/envs/py310/lib/python3.10/site-packages/flax/__init__.py:24
     21 config: configurations.Config = configurations.config
     22 del configurations
---> 24 from flax import core
     25 from flax import jax_utils
     26 from flax import linen

File ~/miniconda3/envs/py310/lib/python3.10/site-packages/flax/core/__init__.py:15
      1 # Copyright 2024 The Flax Authors.
      2 #
      3 # Licensed under the Apache License, Version 2.0 (the "License");
   (...)
     12 # See the License for the specific language governing permissions and
     13 # limitations under the License.
---> 15 from .axes_scan import broadcast as broadcast
     16 from .frozen_dict import (
     17     FrozenDict as FrozenDict,
     18     copy as copy,
   (...)
     22     unfreeze as unfreeze,
     23 )
     24 from .lift import (
     25     custom_vjp as custom_vjp,
     26     jit as jit,
   (...)
     33     while_loop as while_loop,
     34 )

File ~/miniconda3/envs/py310/lib/python3.10/site-packages/flax/core/axes_scan.py:23
     21 from jax import core
     22 from jax import lax
---> 23 from jax.extend import linear_util as lu
     24 from jax.interpreters import partial_eval as pe
     25 import jax.numpy as jnp

File ~/miniconda3/envs/py310/lib/python3.10/site-packages/jax/extend/__init__.py:39
      1 # Copyright 2023 The JAX Authors.
      2 #
      3 # Licensed under the Apache License, Version 2.0 (the "License");
   (...)
     12 # See the License for the specific language governing permissions and
     13 # limitations under the License.
     15 """Modules for JAX extensions.
     16 
     17 The :mod:`jax.extend` module provides modules for access to JAX
   (...)
     36 `JAX project changelog <https://docs.jax.dev/en/latest/changelog.html>`_.
     37 """
---> 39 from jax.extend import (
     40     backend as backend,
     41     core as core,
     42     ffi as ffi,
     43     linear_util as linear_util,
     44     random as random,
     45     source_info_util as source_info_util,
     46 )

File ~/miniconda3/envs/py310/lib/python3.10/site-packages/jax/extend/backend.py:27
     18 from jax._src.api import (
     19   clear_backends as clear_backends,
     20 )
     21 from jax._src.xla_bridge import (
     22   backends as backends,
     23   backend_xla_version as backend_xla_version,
     24   get_backend as get_backend,
     25   register_backend_factory as register_backend_factory,
     26 )
---> 27 from jax._src.interpreters.pxla import (
     28   get_default_device as get_default_device
     29 )
     30 from jax._src import (
     31     util as _util
     32 )
     33 add_clear_backends_callback = _util.cache_clearing_funs.add  # type: ignore

ImportError: cannot import name 'get_default_device' from 'jax._src.interpreters.pxla' (/github/home/miniconda3/envs/py310/lib/python3.10/site-packages/jax/_src/interpreters/pxla.py)
