An error occurred while executing the following cell:
------------------
import jax.numpy as jnp
from jax.experimental import optimizers
import jax

try:
    import jax_bayes
except ModuleNotFoundError:
    %pip install -qq jax_bayes
    import jax_bayes

try:
    import sys, os, math, time
except ModuleNotFoundError:
    %pip install -qq sys,
    import sys, os, math, time
import numpy as np
from functools import partial
from matplotlib import pyplot as plt

os.environ["TF_CPP_MIN_LOG_LEVEL"] = "2"
try:
    import tensorflow_datasets as tfds
except ModuleNotFoundError:
    %pip install -qq tensorflow tensorflow_datasets
    import tensorflow_datasets as tfds
------------------


---------------------------------------------------------------------------
ImportError                               Traceback (most recent call last)
Cell In[2], line 2
      1 import jax.numpy as jnp
----> 2 from jax.experimental import optimizers
      3 import jax
      5 try:

ImportError: cannot import name 'optimizers' from 'jax.experimental' (/github/home/miniconda3/envs/py310/lib/python3.10/site-packages/jax/experimental/__init__.py)
