An error occurred while executing the following cell:
------------------
# Gaussian process binary classification in 1d
# Code is based on
# https://github.com/aloctavodia/BAP/blob/master/code/Chp7/07_Gaussian%20process.ipynb


try:
    import pymc3 as pm
except ModuleNotFoundError:
    %pip install -qq pymc3
    import pymc3 as pm
import numpy as np

try:
    import pandas as pd
except ModuleNotFoundError:
    %pip install -qq pandas
    import pandas as pd
from scipy import stats
from scipy.special import expit as logistic

try:
    import probml_utils as pml
except ModuleNotFoundError:
    %pip install -qq git+https://github.com/probml/probml-utils.git
    import probml_utils as pml

import matplotlib.pyplot as plt

try:
    import arviz as az
except ModuleNotFoundError:
    %pip install -qq arviz
    import arviz as az

try:
    from sklearn.datasets import load_iris
except ModuleNotFoundError:
    %pip install -qq scikit-learn
    from sklearn.datasets import load_iris


iris = load_iris()
X = iris.data
y = iris.target

# Convert to pandas dataframe
df_iris = pd.DataFrame(data=iris.data, columns=["sepal_length", "sepal_width", "petal_length", "petal_width"])
df_iris["species"] = pd.Series(iris.target_names[y], dtype="category")


# Covnert to a two-class problem, and extract 1 feature to make 1d
df = df_iris.query("species == ('setosa', 'versicolor')")
y = pd.Categorical(df["species"]).codes
x_1 = df["sepal_length"].values
X_1 = x_1[:, None]

# For evaluating posterior predictive
X_new = np.linspace(np.floor(x_1.min()), np.ceil(x_1.max()), 200)[:, None]


def find_midpoint(array1, array2, value):
    array1 = np.asarray(array1)
    idx0 = np.argsort(np.abs(array1 - value))[0]
    idx1 = idx0 - 1 if array1[idx0] > value else idx0 + 1
    if idx1 == len(array1):
        idx1 -= 1
    return (array2[idx0] + array2[idx1]) / 2


if 1:
    # Posterior over length scale l of kernel
    with pm.Model() as model_iris:
        # ℓ = pm.HalfCauchy("ℓ", 1)
        ℓ = pm.Gamma("ℓ", 2, 0.5)
        cov = pm.gp.cov.ExpQuad(1, ℓ) + pm.gp.cov.WhiteNoise(1e-5)
        gp = pm.gp.Latent(cov_func=cov)
        f = gp.prior("f", X=X_1)
        # logistic inverse link function and Bernoulli likelihood
        y_ = pm.Bernoulli("y", p=pm.math.sigmoid(f), observed=y)
        trace_iris = pm.sample(1000, chains=1, cores=1, compute_convergence_checks=False)

    # Posterior predictive

    with model_iris:
        f_pred = gp.conditional("f_pred", X_new)
        pred_samples = pm.sample_posterior_predictive(trace_iris, var_names=["f_pred"], samples=1000)

    # Plot results
    _, ax = plt.subplots(figsize=(10, 6))

    fp = logistic(pred_samples["f_pred"])
    fp_mean = np.mean(fp, 0)

    ax.plot(X_new[:, 0], fp_mean)
    # plot the data (with some jitter) and the true latent function
    ax.scatter(x_1, np.random.normal(y, 0.02), marker=".", color=[f"C{x}" for x in y])

    az.plot_hdi(X_new[:, 0], fp, color="C2")

    db = np.array([find_midpoint(f, X_new[:, 0], 0.5) for f in fp])
    db_mean = db.mean()
    db_hpd = az.hdi(db)
    ax.vlines(db_mean, 0, 1, color="k")
    ax.fill_betweenx([0, 1], db_hpd[0], db_hpd[1], color="k", alpha=0.5)
    ax.set_xlabel("sepal_length")
    ax.set_ylabel("θ", rotation=0)
    pml.savefig("gp_classify_iris1.pdf", dpi=300)

# Change kernel to be sum of SE and linear, to improve tail behavior

with pm.Model() as model_iris2:
    # ℓ = pm.HalfCauchy("ℓ", 1)
    ℓ = pm.Gamma("ℓ", 2, 0.5)
    c = pm.Normal("c", x_1.min())
    τ = pm.HalfNormal("τ", 5)
    cov = pm.gp.cov.ExpQuad(1, ℓ) + τ * pm.gp.cov.Linear(1, c) + pm.gp.cov.WhiteNoise(1e-5)
    gp = pm.gp.Latent(cov_func=cov)
    f = gp.prior("f", X=X_1)
    # logistic inverse link function and Bernoulli likelihood
    y_ = pm.Bernoulli("y", p=pm.math.sigmoid(f), observed=y)
    trace_iris2 = pm.sample(1000, chains=1, cores=1, compute_convergence_checks=False)

with model_iris2:
    f_pred = gp.conditional("f_pred", X_new)
    pred_samples = pm.sample_posterior_predictive(trace_iris2, var_names=["f_pred"], samples=1000)

_, ax = plt.subplots(figsize=(10, 6))

fp = logistic(pred_samples["f_pred"])
fp_mean = np.mean(fp, 0)

ax.scatter(x_1, np.random.normal(y, 0.02), marker=".", color=[f"C{ci}" for ci in y])

db = np.array([find_midpoint(f, X_new[:, 0], 0.5) for f in fp])
db_mean = db.mean()
db_hpd = az.hdi(db)
ax.vlines(db_mean, 0, 1, color="k")
ax.fill_betweenx([0, 1], db_hpd[0], db_hpd[1], color="k", alpha=0.5)

ax.plot(X_new[:, 0], fp_mean, "C2", lw=3)
az.plot_hdi(X_new[:, 0], fp, color="C2")

ax.set_xlabel("sepal_length")
ax.set_ylabel("θ", rotation=0)
pml.savefig("gp_classify_iris2.pdf", dpi=300)

plt.show()
------------------

----- stdout -----
ERROR: pip's dependency resolver does not currently take into account all the packages that are installed. This behaviour is the source of the following dependency conflicts.
jax 0.4.30 requires scipy>=1.9, but you have scipy 1.7.3 which is incompatible.
jaxlib 0.4.30 requires scipy>=1.9, but you have scipy 1.7.3 which is incompatible.
optax 0.2.8 requires jax>=0.5.3, but you have jax 0.4.30 which is incompatible.
optax 0.2.8 requires jaxlib>=0.5.3, but you have jaxlib 0.4.30 which is incompatible.
orbax-checkpoint 0.11.39 requires jax>=0.6.0, but you have jax 0.4.30 which is incompatible.
scikit-learn 1.7.2 requires scipy>=1.8.0, but you have scipy 1.7.3 which is incompatible.
tensorflow 2.21.0 requires numpy>=1.26.0, but you have numpy 1.22.1 which is incompatible.
treescope 0.1.10 requires numpy>=1.25.2, but you have numpy 1.22.1 which is incompatible.

----- stdout -----
Note: you may need to restart the kernel to use updated packages.
------------------

---------------------------------------------------------------------------
ModuleNotFoundError                       Traceback (most recent call last)
Cell In[1], line 7
      6 try:
----> 7     import pymc3 as pm
      8 except ModuleNotFoundError:

ModuleNotFoundError: No module named 'pymc3'

During handling of the above exception, another exception occurred:

ModuleNotFoundError                       Traceback (most recent call last)
Cell In[1], line 10
      8 except ModuleNotFoundError:
      9     get_ipython().run_line_magic('pip', 'install -qq pymc3')
---> 10     import pymc3 as pm
     11 import numpy as np
     13 try:

File ~/miniconda3/envs/py310/lib/python3.10/site-packages/pymc3/__init__.py:35
     26 # Workaround for Theano bug that tries to access blas_opt_info;
     27 #  must be done before importing theano.
     28 # https://github.com/pymc-devs/pymc/issues/5310
     29 # Copied from theano/link/c/cmodule.py: default_blas_ldflags()
     30 if (
     31     hasattr(numpy.distutils, "__config__")
     32     and numpy.distutils.__config__
     33     and not hasattr(numpy.distutils.__config__, "blas_opt_info")
     34 ):
---> 35     import numpy.distutils.system_info  # noqa
     37     # We need to catch warnings as in some cases NumPy print
     38     # stuff that we don't want the user to see.
     39     with warnings.catch_warnings(record=True):

File ~/miniconda3/envs/py310/lib/python3.10/site-packages/numpy/distutils/system_info.py:196
    191 from numpy.distutils.exec_command import (
    192     find_executable, filepath_from_subprocess_output,
    193     )
    194 from numpy.distutils.misc_util import (is_sequence, is_string,
    195                                        get_shared_lib_extension)
--> 196 from numpy.distutils.command.config import config as cmd_config
    197 from numpy.distutils import customized_ccompiler as _customized_ccompiler
    198 from numpy.distutils import _shell_utils

File ~/miniconda3/envs/py310/lib/python3.10/site-packages/numpy/distutils/command/config.py:19
     17 import distutils
     18 from numpy.distutils.exec_command import filepath_from_subprocess_output
---> 19 from numpy.distutils.mingw32ccompiler import generate_manifest
     20 from numpy.distutils.command.autodist import (check_gcc_function_attribute,
     21                                               check_gcc_function_attribute_with_intrinsics,
     22                                               check_gcc_variable_attribute,
   (...)
     25                                               check_restrict,
     26                                               check_compiler_gcc)
     28 LANG_EXT['f77'] = '.f'

File ~/miniconda3/envs/py310/lib/python3.10/site-packages/numpy/distutils/mingw32ccompiler.py:28
     26 import distutils.cygwinccompiler
     27 from distutils.unixccompiler import UnixCCompiler
---> 28 from distutils.msvccompiler import get_build_version as get_build_msvc_version
     29 from distutils.errors import UnknownFileError
     30 from numpy.distutils.misc_util import (msvc_runtime_library,
     31                                        msvc_runtime_version,
     32                                        msvc_runtime_major,
     33                                        get_build_architecture)

ModuleNotFoundError: No module named 'distutils.msvccompiler'
