An error occurred while executing the following cell:
------------------
def gp_kernel_plot(seed):
    n_xstar = 201
    num_examples = 3
    x_range = jnp.linspace(-10, 10, n_xstar).reshape(-1, 1)
    numerical_noise = 1e-5
    k = kernels.Matern52(scale=1.0)
    gp = GaussianProcess(k, x_range, diag=numerical_noise)
    no_grid_rows = 4
    no_grid_cols = 3

    label = np.array(["(a)", "(b)", "(c)", "(d)", "(e)", "(f)", "(g)", "(h)", "(i)", "(j)", "(k)", "(l)"])
    se_kernel = kernels.ExpSquared(scale=1.0)
    lin_kernel = LinearKernel(scale=1.0)
    quad_kernel = QuadKernel(scale=1.0)
    matern_kernel_1 = kernels.Exp(scale=1.0)
    matern_kernel_3 = kernels.Matern32(scale=1.0)
    matern_kernel_5 = kernels.Matern52(scale=1.0)
    periodic_kernel = kernels.ExpSineSquared(scale=4.0, gamma=jnp.array(1.0))
    cosine_kernel = kernels.Cosine(scale=5.0)
    rational_quadratic_kernel = kernels.RationalQuadratic(scale=2, alpha=5)
    constant_kernel = ConstantKernel(scale=1)
    poly_linear_kernel = PolyLinearKernel(scale=0.5)
    white_noise_kernel = WhiteNoiseKernel(scale=1)

    kernel_names = {
        "Matern12": (matern_kernel_1, 0.0),
        "Matern32": (matern_kernel_3, 0.0),
        "Matern52": (matern_kernel_5, 0.0),
        "Periodic": (periodic_kernel, 0.0),
        "Cosine": (cosine_kernel, 0.0),
        "RBF": (se_kernel, 0.0),
        "Rational quadratic": (rational_quadratic_kernel, 0.0),
        "Constant": (constant_kernel, 0.0),
        "Linear": (lin_kernel, 1.0),
        "Quadratic": (quad_kernel, 1.0),
        "Polynomial": (poly_linear_kernel, 1.0),
        "White noise": (white_noise_kernel, 0.0),
    }

    fig, axs = plt.subplots(nrows=no_grid_rows, ncols=no_grid_cols)
    plt.subplots_adjust(hspace=0.5)
    for fig_no, (kernel_name, ax) in enumerate(zip(kernel_names, axs.ravel())):
        kernel = kernel_names[kernel_name][0]

        gp = GaussianProcess(kernel, x_range, diag=numerical_noise)
        samples = jnp.atleast_2d(gp.sample(jax.random.PRNGKey(seed), shape=(num_examples,)).T)
        ax.plot(x_range, samples, alpha=0.8)
        ax.set_xlabel(label[fig_no] + " " + kernel_name)
    sns.despine()
    plt.show()
    savefig("gpKernelSamples_latexified")

    fig, axs = plt.subplots(nrows=no_grid_rows, ncols=no_grid_cols)
    plt.subplots_adjust(hspace=0.5)

    for fig_no, (kernel_name, ax) in enumerate(zip(kernel_names, axs.ravel())):
        kernel = kernel_names[kernel_name][0]
        X1 = jnp.array([[0.0]]) if kernel_names[kernel_name][1] == 0.0 else jnp.array([[1.0]])
        ax.plot(x_range, kernel(x_range, X1))
        ax.set_xlabel(label[fig_no] + " " + f"{kernel_name} k(x,{kernel_names[kernel_name][1]})")
    sns.despine()
    plt.show()
    savefig("gpKernels_latexified")


gp_kernel_plot(15)
------------------


---------------------------------------------------------------------------
FrozenInstanceError                       Traceback (most recent call last)
Cell In[3], line 66
     62     plt.show()
     63     savefig("gpKernels_latexified")
---> 66 gp_kernel_plot(15)

Cell In[3], line 13, in gp_kernel_plot(seed)
     11 label = np.array(["(a)", "(b)", "(c)", "(d)", "(e)", "(f)", "(g)", "(h)", "(i)", "(j)", "(k)", "(l)"])
     12 se_kernel = kernels.ExpSquared(scale=1.0)
---> 13 lin_kernel = LinearKernel(scale=1.0)
     14 quad_kernel = QuadKernel(scale=1.0)
     15 matern_kernel_1 = kernels.Exp(scale=1.0)

    [... skipping hidden 2 frame]

Cell In[2], line 3, in LinearKernel.__init__(self, scale)
      2 def __init__(self, scale):
----> 3     self.scale = scale

File ~/miniconda3/envs/py310/lib/python3.10/site-packages/equinox/_module/_module.py:583, in Module.__setattr__(self, name, value)
    581 if name == "__orig_class__":
    582     object.__setattr__(self, name, value)
--> 583 raise dataclasses.FrozenInstanceError(f"cannot assign to field '{name}'")

FrozenInstanceError: cannot assign to field 'scale'
