An error occurred while executing the following cell:
------------------
"""
This code is a python version of
https://github.com/probml/pmtk3/blob/master/demos/svmRegrDemo.m
This file performs demos for rbf kernel regressors using L1reg, L2reg, SVM, RVM for noisy sine data
Author: alokpriyadarshii(@alokpriyadarshii)
"""

import numpy as np
import matplotlib.pyplot as plt
import math

try:
    from sklearn import linear_model
except ModuleNotFoundError:
    %pip install -qq scikit-learn
    from sklearn import linear_model
from sklearn.svm import SVR

try:
    from cycler import cycler
except ModuleNotFoundError:
    %pip install -qq cycler
    from cycler import cycler
from sklearn.kernel_approximation import RBFSampler
from sklearn.model_selection import cross_val_score

try:
    from probml_utils.rvm_regressor import RelevanceVectorRegressor as RVR
except ModuleNotFoundError:
    %pip install -qq git+https://github.com/probml/probml-utils.git
    from probml_utils.rvm_regressor import RelevanceVectorRegressor as RVR
from sklearn.gaussian_process.kernels import RBF
import probml_utils as pml


def main():
    # CB_color = ['#377eb8', '#ff7f00', '#4daf4a']
    # cb_cycler = (cycler(linestyle=['-', '--', '-.']) * cycler(color=CB_color))
    # plt.rc('axes', prop_cycle=cb_cycler)

    # -------------------------------------------
    # making the data
    np.random.seed(0)
    N = 100
    x = 10 * (np.linspace(-1, 1, 100).reshape(-1, 1))
    ytrue = np.array([math.sin(abs(el)) / (abs(el)) for el in x]).reshape(-1, 1)
    noise = 0.1
    y = ytrue + noise * np.random.randn(N, 1)
    X = (x - x.mean()) / x.std()  # normalizing.

    lambd_l2 = 0.1  # regularization parameter for L2reg
    lambd_l1 = 1e-3  # regularization parameter for L1reg
    rbf_scale = 0.3
    gamma = 1 / (2 * rbf_scale**2)

    xtest = np.arange(-10, 10.1, 0.1)
    Xtest = (xtest - xtest.mean()) / xtest.std()
    Xtest = Xtest.reshape((-1, 1))

    # applying the rbf kernel feature scaling
    rbf_features = RBFSampler(gamma=gamma, random_state=1)
    rbf_X = rbf_features.fit_transform(X)
    rbf_Xtest = rbf_features.fit_transform(Xtest)

    # -------------------------------------------
    # l2
    reg = linear_model.Ridge(alpha=lambd_l2, fit_intercept=False).fit(rbf_X, y)
    ypred = reg.predict(rbf_Xtest)

    plt.figure()
    plt.plot(X, y, "*")
    plt.plot(Xtest, ypred, "-", color="blue")
    plt.title("linregL2")
    pml.savefig("rvm_data_l2.pdf")

    plt.figure()
    # stem plot of weight vectors.
    plt.title("linregL2")
    plt.stem(reg.coef_.ravel(), use_line_collection=True)
    plt.tight_layout()
    pml.savefig("rvm_stem_l2.pdf")

    # -------------------------------------------
    # l1
    reg = linear_model.Lasso(alpha=lambd_l1, fit_intercept=False, tol=1e-3)
    ypred = reg.fit(rbf_X, y).predict(rbf_Xtest)

    plt.figure()
    plt.plot(X, y, "*")
    plt.plot(Xtest, ypred, "-", color="blue")

    # coefficient vectors of l1reg
    SV_idx = np.abs(reg.coef_) > 1e-5
    plt.scatter(X[SV_idx], y[SV_idx], s=200, facecolor="none", edgecolor="red")
    plt.title("linregL1")
    pml.savefig("rvm_data_l1.pdf")

    plt.figure()
    # stem plot of weight vectors.
    plt.title("linregL1")
    plt.stem(reg.coef_.ravel(), use_line_collection=True)
    plt.tight_layout()
    pml.savefig("rvm_stem_l1.pdf")

    # -------------------------------------------
    # RVR
    kernel = RBF(0.3)
    reg = RVR(kernel=kernel)
    reg.fit(X, y.ravel())
    ypred = reg.predict(Xtest)[0]

    plt.figure()
    plt.plot(X, y, "*")
    plt.plot(Xtest, ypred, "-", color="blue")
    # support vectors of RVR
    plt.scatter(reg.X, reg.t, s=200, facecolor="none", edgecolor="red")
    plt.title("RVM")
    plt.tight_layout()
    pml.savefig("rvm_data_rvm.pdf")

    plt.figure()
    # stem plot of weight vectors.
    plt.title("RVM")
    plt.stem(reg.mean.ravel(), use_line_collection=True)
    plt.tight_layout()
    pml.savefig("rvm_stem_rvm.pdf")

    # -------------------------------------------
    # SVM
    C = np.arange(10) + 1
    crossval_scores = [
        cross_val_score(SVR(gamma=gamma, C=c), X, y.ravel(), scoring="neg_mean_squared_error", cv=5).mean() for c in C
    ]
    c_opt = np.argmin(crossval_scores)
    reg = SVR(gamma=gamma, C=c_opt)
    reg.fit(X, y.ravel())
    ypred = reg.predict(Xtest)

    plt.figure()
    plt.plot(X, y, "*")
    plt.plot(Xtest, ypred, "-", color="blue")

    # support vectors of SVR.
    SV_idx = reg.support_
    plt.scatter(X[SV_idx], y[SV_idx], s=200, facecolor="none", edgecolor="red")
    plt.title("SVM")
    plt.tight_layout()
    pml.savefig("rvm_data_svm.pdf")

    plt.figure()
    # stem plot of weight vectors.
    plt.title("SVM")
    plt.stem(reg.dual_coef_.ravel(), use_line_collection=True)
    plt.tight_layout()
    pml.savefig("rvm_stem_svm.pdf")

    # -------------------------------------------
    plt.show()


if __name__ == "__main__":
    main()
------------------


---------------------------------------------------------------------------
AttributeError                            Traceback (most recent call last)
Cell In[1], line 13
     10 import math
     12 try:
---> 13     from sklearn import linear_model
     14 except ModuleNotFoundError:
     15     get_ipython().run_line_magic('pip', 'install -qq scikit-learn')

File ~/miniconda3/envs/py310/lib/python3.10/site-packages/sklearn/__init__.py:73
     62 # `_distributor_init` allows distributors to run custom init code.
     63 # For instance, for the Windows wheel, this is used to pre-load the
     64 # vcomp shared library runtime for OpenMP embedded in the sklearn/.libs
   (...)
     67 # later is linked to the OpenMP runtime to make it possible to introspect
     68 # it and importing it first would fail if the OpenMP dll cannot be found.
     69 from . import (  # noqa: F401 E402
     70     __check_build,
     71     _distributor_init,
     72 )
---> 73 from .base import clone  # noqa: E402
     74 from .utils._show_versions import show_versions  # noqa: E402
     76 _submodules = [
     77     "calibration",
     78     "cluster",
   (...)
    114     "compose",
    115 ]

File ~/miniconda3/envs/py310/lib/python3.10/site-packages/sklearn/base.py:19
     17 from ._config import config_context, get_config
     18 from .exceptions import InconsistentVersionWarning
---> 19 from .utils._metadata_requests import _MetadataRequester, _routing_enabled
     20 from .utils._missing import is_scalar_nan
     21 from .utils._param_validation import validate_parameter_constraints

File ~/miniconda3/envs/py310/lib/python3.10/site-packages/sklearn/utils/__init__.py:9
      7 from . import metadata_routing
      8 from ._bunch import Bunch
----> 9 from ._chunking import gen_batches, gen_even_slices
     11 # Make _safe_indexing importable from here for backward compat as this particular
     12 # helper is considered semi-private and typically very useful for third-party
     13 # libraries that want to comply with scikit-learn's estimator API. In particular,
     14 # _safe_indexing was included in our public API documentation despite the leading
     15 # `_` in its name.
     16 from ._indexing import (
     17     _safe_indexing,  # noqa: F401
     18     resample,
     19     shuffle,
     20 )

File ~/miniconda3/envs/py310/lib/python3.10/site-packages/sklearn/utils/_chunking.py:11
      8 import numpy as np
     10 from .._config import get_config
---> 11 from ._param_validation import Interval, validate_params
     14 def chunk_generator(gen, chunksize):
     15     """Chunk generator, ``gen`` into lists of length ``chunksize``. The last
     16     chunk may have a length less than ``chunksize``."""

File ~/miniconda3/envs/py310/lib/python3.10/site-packages/sklearn/utils/_param_validation.py:17
     14 from scipy.sparse import csr_matrix, issparse
     16 from .._config import config_context, get_config
---> 17 from .validation import _is_arraylike_not_scalar
     20 class InvalidParameterError(ValueError, TypeError):
     21     """Custom exception to be raised when the parameter of a class/method/function
     22     does not have a valid type or value.
     23     """

File ~/miniconda3/envs/py310/lib/python3.10/site-packages/sklearn/utils/validation.py:21
     19 from .. import get_config as _get_config
     20 from ..exceptions import DataConversionWarning, NotFittedError, PositiveSpectrumWarning
---> 21 from ..utils._array_api import _asarray_with_order, _is_numpy_namespace, get_namespace
     22 from ..utils.deprecation import _deprecate_force_all_finite
     23 from ..utils.fixes import ComplexWarning, _preserve_dia_indices_dtype

File ~/miniconda3/envs/py310/lib/python3.10/site-packages/sklearn/utils/_array_api.py:20
     18 from ..externals import array_api_extra as xpx
     19 from ..externals.array_api_compat import numpy as np_compat
---> 20 from .fixes import parse_version
     22 # TODO: complete __all__
     23 __all__ = ["xpx"]  # we import xpx here just to re-export it, need this to appease ruff

File ~/miniconda3/envs/py310/lib/python3.10/site-packages/sklearn/utils/fixes.py:37
     33 sp_base_version = parse_version(sp_version.base_version)
     35 # TODO: We can consider removing the containers and importing
     36 # directly from SciPy when sparse matrices will be deprecated.
---> 37 CSR_CONTAINERS = [scipy.sparse.csr_matrix, scipy.sparse.csr_array]
     38 CSC_CONTAINERS = [scipy.sparse.csc_matrix, scipy.sparse.csc_array]
     39 COO_CONTAINERS = [scipy.sparse.coo_matrix, scipy.sparse.coo_array]

AttributeError: module 'scipy.sparse' has no attribute 'csr_array'
