An error occurred while executing the following cell:
------------------
# SVM for binary classification in 2d
# Code is based on
# https://github.com/ageron/handson-ml2/blob/master/05_support_vector_machines.ipynb


import numpy as np
import matplotlib.pyplot as plt

try:
    import probml_utils as pml
except ModuleNotFoundError:
    %pip install -qq git+https://github.com/probml/probml-utils.git
    import probml_utils as pml

try:
    from sklearn.svm import SVC
except ModuleNotFoundError:
    %pip install -qq scikit-learn
    from sklearn.svm import SVC
from sklearn import datasets
from sklearn.datasets import make_moons
from sklearn.pipeline import Pipeline
from sklearn.preprocessing import PolynomialFeatures
from sklearn.preprocessing import StandardScaler
from sklearn.svm import LinearSVC

X, y = make_moons(n_samples=100, noise=0.15, random_state=42)


def plot_dataset(X, y, axes):
    plt.plot(X[:, 0][y == 0], X[:, 1][y == 0], "bs")
    plt.plot(X[:, 0][y == 1], X[:, 1][y == 1], "g^")
    plt.axis(axes)
    plt.grid(True, which="both")
    plt.xlabel(r"$x_1$", fontsize=20)
    plt.ylabel(r"$x_2$", fontsize=20, rotation=0)


def plot_predictions(clf, axes):
    x0s = np.linspace(axes[0], axes[1], 100)
    x1s = np.linspace(axes[2], axes[3], 100)
    x0, x1 = np.meshgrid(x0s, x1s)
    X = np.c_[x0.ravel(), x1.ravel()]
    y_pred = clf.predict(X).reshape(x0.shape)
    y_decision = clf.decision_function(X).reshape(x0.shape)
    plt.contourf(x0, x1, y_pred, cmap=plt.cm.brg, alpha=0.2)
    plt.contourf(x0, x1, y_decision, cmap=plt.cm.brg, alpha=0.1)


###

# Linear SVC with poly degree features

polynomial_svm_clf = Pipeline(
    [
        ("poly_features", PolynomialFeatures(degree=3)),
        ("scaler", StandardScaler()),
        ("svm_clf", LinearSVC(C=10, loss="hinge", random_state=42)),
    ]
)

polynomial_svm_clf.fit(X, y)

plot_predictions(polynomial_svm_clf, [-1.5, 2.5, -1, 1.5])
plot_dataset(X, y, [-1.5, 2.5, -1, 1.5])
plt.savefig("svm_classifier_moons_polynomial_preproc.pdf")
plt.show()


###
# RBF kernel with different hparams

gamma1, gamma2 = 0.1, 5
C1, C2 = 0.001, 1000
hyperparams = (gamma1, C1), (gamma1, C2), (gamma2, C1), (gamma2, C2)

svm_clfs = []
for gamma, C in hyperparams:
    rbf_kernel_svm_clf = Pipeline([("scaler", StandardScaler()), ("svm_clf", SVC(kernel="rbf", gamma=gamma, C=C))])
    rbf_kernel_svm_clf.fit(X, y)
    svm_clfs.append(rbf_kernel_svm_clf)

fig, axes = plt.subplots(nrows=2, ncols=2, figsize=(10.5, 7), sharex=True, sharey=True)

for i, svm_clf in enumerate(svm_clfs):
    plt.sca(axes[i // 2, i % 2])
    plot_predictions(svm_clf, [-1.5, 2.45, -1, 1.5])
    plot_dataset(X, y, [-1.5, 2.45, -1, 1.5])
    gamma, C = hyperparams[i]
    plt.title(r"$\gamma = {}, C = {}$".format(gamma, C), fontsize=16)
    if i in (0, 1):
        plt.xlabel("")
    if i in (1, 3):
        plt.ylabel("")

pml.savefig("svm_classifier_moons_rbf.pdf")
plt.show()
------------------


---------------------------------------------------------------------------
ImportError                               Traceback (most recent call last)
Cell In[1], line 7
      1 # SVM for binary classification in 2d
      2 # Code is based on
      3 # https://github.com/ageron/handson-ml2/blob/master/05_support_vector_machines.ipynb
      6 import numpy as np
----> 7 import matplotlib.pyplot as plt
      9 try:
     10     import probml_utils as pml

File ~/miniconda3/envs/py310/lib/python3.10/site-packages/matplotlib/__init__.py:259
    254         if parse_version(module.__version__) < parse_version(minver):
    255             raise ImportError(f"Matplotlib requires {modname}>={minver}; "
    256                               f"you have {module.__version__}")
--> 259 _check_versions()
    262 # The decorator ensures this always returns the same handler (and it is only
    263 # attached once).
    264 @functools.cache
    265 def _ensure_handler():

File ~/miniconda3/envs/py310/lib/python3.10/site-packages/matplotlib/__init__.py:244, in _check_versions()
    240 def _check_versions():
    241 
    242     # Quickfix to ensure Microsoft Visual C++ redistributable
    243     # DLLs are loaded before importing kiwisolver
--> 244     from . import ft2font
    246     for modname, minver in [
    247             ("cycler", "0.10"),
    248             ("dateutil", "2.7"),
   (...)
    251             ("pyparsing", "2.3.1"),
    252     ]:
    253         module = importlib.import_module(modname)

ImportError: numpy._core.multiarray failed to import
