An error occurred while executing the following cell:
------------------
lcolors = ["black", "tab:blue", "tab:red"]
plot_adf_post_laplace(
    means_hist[:: max(1, len(output) // 100)],
    vars_hist[:: max(1, len(output) // 100)],
    w_laplace,
    lcolors,
    label,
    legend_font_size=14,
    bb2=(1.1, 0.3),
    bb3=(0.8, 0.3),
)
------------------


---------------------------------------------------------------------------
NameError                                 Traceback (most recent call last)
Cell In[20], line 7
      1 lcolors = ["black", "tab:blue", "tab:red"]
      2 plot_adf_post_laplace(
      3     means_hist[:: max(1, len(output) // 100)],
      4     vars_hist[:: max(1, len(output) // 100)],
      5     w_laplace,
      6     lcolors,
----> 7     label,
      8     legend_font_size=14,
      9     bb2=(1.1, 0.3),
     10     bb3=(0.8, 0.3),
     11 )

NameError: name 'label' is not defined
