An error occurred while executing the following cell:
------------------
# This code is referenced from
# https://github.com/probml/pmtk3/blob/master/demos/fisherDiscrimVowelDemo.m
# Author:alokpriyadarshii-Reddy-Jilugu(@alokpriyadarshii)


import numpy as np
import matplotlib.pyplot as plt
from scipy.io import loadmat

try:
    from sklearn.decomposition import PCA
except ModuleNotFoundError:
    %pip install -qq scikit-learn
    from sklearn.decomposition import PCA
from sklearn.discriminant_analysis import LinearDiscriminantAnalysis

try:
    from probml_utils.fisher_lda_fit import fisher_lda_fit
except ModuleNotFoundError:
    %pip install -qq git+https://github.com/probml/probml-utils.git
    from probml_utils.fisher_lda_fit import fisher_lda_fit
import probml_utils as pml
import requests
from io import BytesIO

url = "https://github.com/probml/probml-data/blob/main/data/vowelTrain.mat?raw=true"
r = requests.get(url, allow_redirects=True)
rawdata = BytesIO(r.content)

data = loadmat(rawdata)
X = data["Xtrain"]
y = data["ytrain"]
nsamples, ndims = X.shape
nclasses = np.max(y)


def plot_projection_data(X, y, mu, nclasses, figure_num):
    """
    2d data is visualized with their respective symbol and color
    and the centroids of the data are plotted with black filled-in color.
    """

    # To match the Hastie color scheme
    lightblue = [55, 155, 255]
    orange = [255, 128, 0]
    magenta = [255, 0, 128]
    green2 = [132, 199, 71]
    cyan = [61, 220, 176]
    yellow = [255, 255, 0]
    brown = [128, 64, 0]
    blue = [0, 0, 255]
    red = [255, 0, 0]
    black = [0, 0, 0]
    gray = [128, 128, 128]

    colors = [lightblue, blue, brown, magenta, orange, cyan, gray, yellow, black, red, green2]

    plt.figure(figure_num)
    for c in range(0, nclasses):
        colors[c] = [col / 255 for col in colors[c]]
        ndx = np.where(y == (c + 1))
        plt.scatter(X[ndx, 0], X[ndx, 1], marker=symbols[c], s=30, facecolor="none", edgecolor=colors[c])
        plt.scatter(mu[c, 0], mu[c, 1], marker=symbols[c], s=40, facecolor="black")


# ------------------------

K = 2

# PCA projection

pca = PCA(K)
X_pca = pca.fit_transform(X)
X_pca = -X_pca  # make it look like the Hastie figure
muC = np.zeros((nclasses, ndims))
for c in range(0, nclasses):
    muC[c, :] = np.mean((X[np.where(y == (c + 1))[0], :]), axis=0)

muC2d_pca = pca.fit_transform(muC)

symbols = "+ovd*.xs^d><ph"
plot_projection_data(X_pca, y, muC2d_pca, nclasses, figure_num=0)
plt.title("PCA projection of vowel data to 2d")
pml.savefig("fisherDiscrimVowelPCA.pdf")

# ------------------------
# FLDA projection

W = fisher_lda_fit(X, y, K)
W[:, 0] = -W[:, 0]  # make it look like the Hastie figure
X_lda = X @ W
muC2d_lda = muC @ W
plot_projection_data(X_lda, y, muC2d_lda, nclasses, figure_num=1)
plt.title("FLDA projection of vowel data to 2d")
pml.savefig("fisherDiscrimVowelLDA.pdf")

plt.show()
------------------


---------------------------------------------------------------------------
AttributeError                            Traceback (most recent call last)
Cell In[1], line 11
      8 from scipy.io import loadmat
     10 try:
---> 11     from sklearn.decomposition import PCA
     12 except ModuleNotFoundError:
     13     get_ipython().run_line_magic('pip', 'install -qq scikit-learn')

File ~/miniconda3/envs/py310/lib/python3.10/site-packages/sklearn/__init__.py:73
     62 # `_distributor_init` allows distributors to run custom init code.
     63 # For instance, for the Windows wheel, this is used to pre-load the
     64 # vcomp shared library runtime for OpenMP embedded in the sklearn/.libs
   (...)
     67 # later is linked to the OpenMP runtime to make it possible to introspect
     68 # it and importing it first would fail if the OpenMP dll cannot be found.
     69 from . import (  # noqa: F401 E402
     70     __check_build,
     71     _distributor_init,
     72 )
---> 73 from .base import clone  # noqa: E402
     74 from .utils._show_versions import show_versions  # noqa: E402
     76 _submodules = [
     77     "calibration",
     78     "cluster",
   (...)
    114     "compose",
    115 ]

File ~/miniconda3/envs/py310/lib/python3.10/site-packages/sklearn/base.py:19
     17 from ._config import config_context, get_config
     18 from .exceptions import InconsistentVersionWarning
---> 19 from .utils._metadata_requests import _MetadataRequester, _routing_enabled
     20 from .utils._missing import is_scalar_nan
     21 from .utils._param_validation import validate_parameter_constraints

File ~/miniconda3/envs/py310/lib/python3.10/site-packages/sklearn/utils/__init__.py:9
      7 from . import metadata_routing
      8 from ._bunch import Bunch
----> 9 from ._chunking import gen_batches, gen_even_slices
     11 # Make _safe_indexing importable from here for backward compat as this particular
     12 # helper is considered semi-private and typically very useful for third-party
     13 # libraries that want to comply with scikit-learn's estimator API. In particular,
     14 # _safe_indexing was included in our public API documentation despite the leading
     15 # `_` in its name.
     16 from ._indexing import (
     17     _safe_indexing,  # noqa: F401
     18     resample,
     19     shuffle,
     20 )

File ~/miniconda3/envs/py310/lib/python3.10/site-packages/sklearn/utils/_chunking.py:11
      8 import numpy as np
     10 from .._config import get_config
---> 11 from ._param_validation import Interval, validate_params
     14 def chunk_generator(gen, chunksize):
     15     """Chunk generator, ``gen`` into lists of length ``chunksize``. The last
     16     chunk may have a length less than ``chunksize``."""

File ~/miniconda3/envs/py310/lib/python3.10/site-packages/sklearn/utils/_param_validation.py:17
     14 from scipy.sparse import csr_matrix, issparse
     16 from .._config import config_context, get_config
---> 17 from .validation import _is_arraylike_not_scalar
     20 class InvalidParameterError(ValueError, TypeError):
     21     """Custom exception to be raised when the parameter of a class/method/function
     22     does not have a valid type or value.
     23     """

File ~/miniconda3/envs/py310/lib/python3.10/site-packages/sklearn/utils/validation.py:21
     19 from .. import get_config as _get_config
     20 from ..exceptions import DataConversionWarning, NotFittedError, PositiveSpectrumWarning
---> 21 from ..utils._array_api import _asarray_with_order, _is_numpy_namespace, get_namespace
     22 from ..utils.deprecation import _deprecate_force_all_finite
     23 from ..utils.fixes import ComplexWarning, _preserve_dia_indices_dtype

File ~/miniconda3/envs/py310/lib/python3.10/site-packages/sklearn/utils/_array_api.py:20
     18 from ..externals import array_api_extra as xpx
     19 from ..externals.array_api_compat import numpy as np_compat
---> 20 from .fixes import parse_version
     22 # TODO: complete __all__
     23 __all__ = ["xpx"]  # we import xpx here just to re-export it, need this to appease ruff

File ~/miniconda3/envs/py310/lib/python3.10/site-packages/sklearn/utils/fixes.py:37
     33 sp_base_version = parse_version(sp_version.base_version)
     35 # TODO: We can consider removing the containers and importing
     36 # directly from SciPy when sparse matrices will be deprecated.
---> 37 CSR_CONTAINERS = [scipy.sparse.csr_matrix, scipy.sparse.csr_array]
     38 CSC_CONTAINERS = [scipy.sparse.csc_matrix, scipy.sparse.csc_array]
     39 COO_CONTAINERS = [scipy.sparse.coo_matrix, scipy.sparse.coo_array]

AttributeError: module 'scipy.sparse' has no attribute 'csr_array'
