An error occurred while executing the following cell:
------------------
import matplotlib.pyplot as plt
import numpy as np
import pandas as pd
import patsy
import scipy
import statsmodels.api as sm
import statsmodels.formula.api as smf
------------------


---------------------------------------------------------------------------
ImportError                               Traceback (most recent call last)
Cell In[1], line 1
----> 1 import matplotlib.pyplot as plt
      2 import numpy as np
      3 import pandas as pd

File ~/miniconda3/envs/py310/lib/python3.10/site-packages/matplotlib/__init__.py:264
    259         if parse_version(module.__version__) < parse_version(minver):
    260             raise ImportError(f"Matplotlib requires {modname}>={minver}; "
    261                               f"you have {module.__version__}")
--> 264 _check_versions()
    267 # The decorator ensures this always returns the same handler (and it is only
    268 # attached once).
    269 @functools.cache
    270 def _ensure_handler():

File ~/miniconda3/envs/py310/lib/python3.10/site-packages/matplotlib/__init__.py:260, in _check_versions()
    258 module = importlib.import_module(modname)
    259 if parse_version(module.__version__) < parse_version(minver):
--> 260     raise ImportError(f"Matplotlib requires {modname}>={minver}; "
    261                       f"you have {module.__version__}")

ImportError: Matplotlib requires numpy>=1.23; you have 1.22.4
