An error occurred while executing the following cell:
------------------
import arviz as az
import jax
import jax.numpy as jnp
import matplotlib.pyplot as plt
import pandas as pd
import seaborn as sns

pd.set_option("display.max_rows", 80)

try:
    import blackjax
except ModuleNotFoundError:
    %pip install -qq jaxopt blackjax
    import blackjax

try:
    import tensorflow_probability.substrates.jax as tfp
except ModuleNotFoundError:
    %pip install -qq tensorflow_probability
    import tensorflow_probability.substrates.jax as tfp

tfd = tfp.distributions
plt.rc("xtick", labelsize=12)  # fontsize of the xtick labels
plt.rc("ytick", labelsize=12)  # fontsize of the tyick labels
------------------


---------------------------------------------------------------------------
ModuleNotFoundError                       Traceback (most recent call last)
Cell In[1], line 1
----> 1 import arviz as az
      2 import jax
      3 import jax.numpy as jnp

File ~/miniconda3/envs/py310/lib/python3.10/site-packages/arviz/__init__.py:9
      6 import os
      7 import re
----> 9 from matplotlib.colors import LinearSegmentedColormap
     10 from matplotlib.pyplot import style
     11 import matplotlib as mpl

ModuleNotFoundError: No module named 'matplotlib'
