An error occurred while executing the following cell:
------------------


#We illustrate  linear using the "waffle divorce" example in sec 5.1  of [Statistical Rethinking ed 2](https://xcelab.net/rm/statistical-rethinking/). 
#The numpyro code is from [Du Phan's site](https://fehiepsi.github.io/rethinking-numpyro/05-the-many-variables-and-the-spurious-waffles.html)
  



try:
    import probml_utils as pml
except ModuleNotFoundError:
    %pip install -qq git+https://github.com/probml/probml-utils.git
    import probml_utils as pml
   
import numpy as np
np.set_printoptions(precision=3)
import matplotlib.pyplot as plt
import math
import os
import warnings
import pandas as pd

import jax
print("jax version {}".format(jax.__version__))
print("jax backend {}".format(jax.lib.xla_bridge.get_backend().platform))

import jax.numpy as jnp
from jax import random, vmap

rng_key = random.PRNGKey(0)
rng_key, rng_key_ = random.split(rng_key)

try:
    import numpyro
except ModuleNotFoundError:
    %pip install -qq numpyro
    import numpyro
import numpyro.distributions as dist
from numpyro.distributions import constraints
from numpyro.distributions.transforms import AffineTransform
from numpyro.diagnostics import hpdi, print_summary
from numpyro.infer import Predictive, log_likelihood
from numpyro.infer import MCMC, NUTS
from numpyro.infer import SVI, Trace_ELBO, init_to_value
from numpyro.infer.autoguide import AutoLaplaceApproximation
import numpyro.optim as optim


try:
    import arviz as az
except ModuleNotFoundError:
    %pip install -qq arviz
    import arviz as az

# Data

# load data and copy
url = 'https://raw.githubusercontent.com/fehiepsi/rethinking-numpyro/master/data/WaffleDivorce.csv'
WaffleDivorce = pd.read_csv(url, sep=";")
d = WaffleDivorce

# standardize variables
d["A"] = d.MedianAgeMarriage.pipe(lambda x: (x - x.mean()) / x.std())
d["D"] = d.Divorce.pipe(lambda x: (x - x.mean()) / x.std())
d["M"] = d.Marriage.pipe(lambda x: (x - x.mean()) / x.std())

# Model

def model(M, A, D=None):
    a = numpyro.sample("a", dist.Normal(0, 0.2))
    bM = numpyro.sample("bM", dist.Normal(0, 0.5))
    bA = numpyro.sample("bA", dist.Normal(0, 0.5))
    sigma = numpyro.sample("sigma", dist.Exponential(1))
    mu = numpyro.deterministic("mu", a + bM * M + bA * A)
    numpyro.sample("D", dist.Normal(mu, sigma), obs=D)


m5_3 = AutoLaplaceApproximation(model)
svi = SVI(model, m5_3, optim.Adam(1), Trace_ELBO(), M=d.M.values, A=d.A.values, D=d.D.values)
p5_3, losses = svi.run(random.PRNGKey(0), 1000)
post = m5_3.sample_posterior(random.PRNGKey(1), p5_3, (1000,))

# Posterior

param_names = {'a', 'bA', 'bM', 'sigma'}
for p in param_names:
  print(f'posterior for {p}')
  print_summary(post[p], 0.95, False)
  
  
# PPC

# call predictive without specifying new data
# so it uses original data
post = m5_3.sample_posterior(random.PRNGKey(1), p5_3, (int(1e4),))
post_pred = Predictive(m5_3.model, post)(random.PRNGKey(2), M=d.M.values, A=d.A.values)
mu = post_pred["mu"]

# summarize samples across cases
mu_mean = jnp.mean(mu, 0)
mu_PI = jnp.percentile(mu, q=(5.5, 94.5), axis=0)


ax = plt.subplot(
    ylim=(float(mu_PI.min()), float(mu_PI.max())),
    xlabel="Observed divorce",
    ylabel="Predicted divorce"
)
plt.plot(d.D, mu_mean, "o")
x = jnp.linspace(mu_PI.min(), mu_PI.max(), 101)
plt.plot(x, x, "--")
for i in range(d.shape[0]):
    plt.plot([d.D[i]] * 2, mu_PI[:, i], "b")
fig = plt.gcf()

for i in range(d.shape[0]):
    if d.Loc[i] in ["ID", "UT", "RI", "ME"]:
        ax.annotate(
            d.Loc[i], (d.D[i], mu_mean[i]), xytext=(1,0), textcoords="offset pixels"
        )
plt.tight_layout()
pml.savefig('linreg_divorce_postpred.pdf', dpi=300)
plt.show()



  
------------------

----- stdout -----
ERROR: Could not install packages due to an OSError: [Errno 2] No such file or directory: '/github/home/miniconda3/envs/py310/lib/python3.10/site-packages/jax-0.6.2.dist-info/METADATA'


----- stdout -----
Note: you may need to restart the kernel to use updated packages.
----- stdout -----
jax version 0.4.30
jax backend cpu
----- stderr -----
/github/home/miniconda3/envs/py310/lib/python3.10/pty.py:89: RuntimeWarning: os.fork() was called. os.fork() is incompatible with multithreaded code, and JAX is multithreaded, so this will likely lead to a deadlock.
  pid, fd = os.forkpty()
----- stdout -----
Note: you may need to restart the kernel to use updated packages.
------------------

---------------------------------------------------------------------------
ImportError                               Traceback (most recent call last)
Cell In[1], line 48
     44 import numpyro.optim as optim
     47 try:
---> 48     import arviz as az
     49 except ModuleNotFoundError:
     50     get_ipython().run_line_magic('pip', 'install -qq arviz')

File ~/miniconda3/envs/py310/lib/python3.10/site-packages/arviz/__init__.py:34
     30 _log = Logger("arviz")
     33 from .data import *
---> 34 from .plots import *
     35 from .plots.backends import *
     36 from .stats import *

File ~/miniconda3/envs/py310/lib/python3.10/site-packages/arviz/plots/__init__.py:2
      1 """Plotting functions."""
----> 2 from .autocorrplot import plot_autocorr
      3 from .bpvplot import plot_bpv
      4 from .bfplot import plot_bf

File ~/miniconda3/envs/py310/lib/python3.10/site-packages/arviz/plots/autocorrplot.py:7
      5 from ..rcparams import rcParams
      6 from ..utils import _var_names
----> 7 from .plot_utils import default_grid, filter_plotters_list, get_plotting_function
     10 def plot_autocorr(
     11     data,
     12     var_names=None,
   (...)
     24     show=None,
     25 ):
     26     r"""Bar plot of the autocorrelation function (ACF) for a sequence of data.
     27 
     28     The ACF plots are helpful as a convergence diagnostic for posteriors from MCMC
   (...)
    117         >>> az.plot_autocorr(data, var_names=['mu', 'tau'], max_lag=200, combined=True)
    118     """

File ~/miniconda3/envs/py310/lib/python3.10/site-packages/arviz/plots/plot_utils.py:15
     11 from scipy.interpolate import CubicSpline
     14 from ..rcparams import rcParams
---> 15 from ..stats.density_utils import kde
     16 from ..stats import hdi
     18 KwargSpec = Dict[str, Any]

File ~/miniconda3/envs/py310/lib/python3.10/site-packages/arviz/stats/__init__.py:3
      1 # pylint: disable=wildcard-import
      2 """Statistical tests and diagnostics for ArviZ."""
----> 3 from .density_utils import *
      4 from .diagnostics import *
      5 from .stats import *

File ~/miniconda3/envs/py310/lib/python3.10/site-packages/arviz/stats/density_utils.py:8
      6 from scipy.fftpack import fft
      7 from scipy.optimize import brentq
----> 8 from scipy.signal import convolve, convolve2d, gaussian  # pylint: disable=no-name-in-module
      9 from scipy.sparse import coo_matrix
     10 from scipy.special import ive  # pylint: disable=no-name-in-module

ImportError: cannot import name 'gaussian' from 'scipy.signal' (/github/home/miniconda3/envs/py310/lib/python3.10/site-packages/scipy/signal/__init__.py)
