An error occurred while executing the following cell:
------------------
!pip install -qq -U pymc3>=3.8
try:
    import pymc3 as pm
except ModuleNotFoundError:
    %pip install -qq pymc3
    import pymc3 as pm
print(pm.__version__)
try:
    import theano.tensor as tt
except ModuleNotFoundError:
    %pip install -qq theano
    import theano.tensor as tt
import theano

#!pip install -qq arviz
try:
    import arviz as az
except ModuleNotFoundError:
    %pip install -qq arviz
    import arviz as az
------------------

----- stdout -----
ERROR: pip's dependency resolver does not currently take into account all the packages that are installed. This behaviour is the source of the following dependency conflicts.
jax 0.6.2 requires numpy>=1.26, but you have numpy 1.22.1 which is incompatible.
jax 0.6.2 requires scipy>=1.12, but you have scipy 1.7.3 which is incompatible.
jaxlib 0.6.2 requires numpy>=1.26, but you have numpy 1.22.1 which is incompatible.
jaxlib 0.6.2 requires scipy>=1.12, but you have scipy 1.7.3 which is incompatible.
pgmpy 1.1.2 requires numpy>=2.0, but you have numpy 1.22.1 which is incompatible.
pgmpy 1.1.2 requires scipy>=1.10, but you have scipy 1.7.3 which is incompatible.
scikit-learn 1.7.2 requires scipy>=1.8.0, but you have scipy 1.7.3 which is incompatible.
statsmodels 0.14.6 requires numpy<3,>=1.22.3, but you have numpy 1.22.1 which is incompatible.
statsmodels 0.14.6 requires scipy!=1.9.2,>=1.8, but you have scipy 1.7.3 which is incompatible.
tensorflow 2.21.0 requires numpy>=1.26.0, but you have numpy 1.22.1 which is incompatible.
treescope 0.1.10 requires numpy>=1.25.2, but you have numpy 1.22.1 which is incompatible.

----- stdout -----
Note: you may need to restart the kernel to use updated packages.
------------------

---------------------------------------------------------------------------
ModuleNotFoundError                       Traceback (most recent call last)
Cell In[2], line 3
      2 try:
----> 3     import pymc3 as pm
      4 except ModuleNotFoundError:

File ~/miniconda3/envs/py310/lib/python3.10/site-packages/pymc3/__init__.py:35
     30 if (
     31     hasattr(numpy.distutils, "__config__")
     32     and numpy.distutils.__config__
     33     and not hasattr(numpy.distutils.__config__, "blas_opt_info")
     34 ):
---> 35     import numpy.distutils.system_info  # noqa
     37     # We need to catch warnings as in some cases NumPy print
     38     # stuff that we don't want the user to see.

File ~/miniconda3/envs/py310/lib/python3.10/site-packages/numpy/distutils/system_info.py:196
    194 from numpy.distutils.misc_util import (is_sequence, is_string,
    195                                        get_shared_lib_extension)
--> 196 from numpy.distutils.command.config import config as cmd_config
    197 from numpy.distutils import customized_ccompiler as _customized_ccompiler

File ~/miniconda3/envs/py310/lib/python3.10/site-packages/numpy/distutils/command/config.py:19
     18 from numpy.distutils.exec_command import filepath_from_subprocess_output
---> 19 from numpy.distutils.mingw32ccompiler import generate_manifest
     20 from numpy.distutils.command.autodist import (check_gcc_function_attribute,
     21                                               check_gcc_function_attribute_with_intrinsics,
     22                                               check_gcc_variable_attribute,
   (...)
     25                                               check_restrict,
     26                                               check_compiler_gcc)

File ~/miniconda3/envs/py310/lib/python3.10/site-packages/numpy/distutils/mingw32ccompiler.py:28
     27 from distutils.unixccompiler import UnixCCompiler
---> 28 from distutils.msvccompiler import get_build_version as get_build_msvc_version
     29 from distutils.errors import UnknownFileError

ModuleNotFoundError: No module named 'distutils.msvccompiler'

During handling of the above exception, another exception occurred:

ModuleNotFoundError                       Traceback (most recent call last)
Cell In[2], line 6
      4 except ModuleNotFoundError:
      5     get_ipython().run_line_magic('pip', 'install -qq pymc3')
----> 6     import pymc3 as pm
      7 print(pm.__version__)
      8 try:

File ~/miniconda3/envs/py310/lib/python3.10/site-packages/pymc3/__init__.py:35
     26 # Workaround for Theano bug that tries to access blas_opt_info;
     27 #  must be done before importing theano.
     28 # https://github.com/pymc-devs/pymc/issues/5310
     29 # Copied from theano/link/c/cmodule.py: default_blas_ldflags()
     30 if (
     31     hasattr(numpy.distutils, "__config__")
     32     and numpy.distutils.__config__
     33     and not hasattr(numpy.distutils.__config__, "blas_opt_info")
     34 ):
---> 35     import numpy.distutils.system_info  # noqa
     37     # We need to catch warnings as in some cases NumPy print
     38     # stuff that we don't want the user to see.
     39     with warnings.catch_warnings(record=True):

File ~/miniconda3/envs/py310/lib/python3.10/site-packages/numpy/distutils/system_info.py:196
    191 from numpy.distutils.exec_command import (
    192     find_executable, filepath_from_subprocess_output,
    193     )
    194 from numpy.distutils.misc_util import (is_sequence, is_string,
    195                                        get_shared_lib_extension)
--> 196 from numpy.distutils.command.config import config as cmd_config
    197 from numpy.distutils import customized_ccompiler as _customized_ccompiler
    198 from numpy.distutils import _shell_utils

File ~/miniconda3/envs/py310/lib/python3.10/site-packages/numpy/distutils/command/config.py:19
     17 import distutils
     18 from numpy.distutils.exec_command import filepath_from_subprocess_output
---> 19 from numpy.distutils.mingw32ccompiler import generate_manifest
     20 from numpy.distutils.command.autodist import (check_gcc_function_attribute,
     21                                               check_gcc_function_attribute_with_intrinsics,
     22                                               check_gcc_variable_attribute,
   (...)
     25                                               check_restrict,
     26                                               check_compiler_gcc)
     28 LANG_EXT['f77'] = '.f'

File ~/miniconda3/envs/py310/lib/python3.10/site-packages/numpy/distutils/mingw32ccompiler.py:28
     26 import distutils.cygwinccompiler
     27 from distutils.unixccompiler import UnixCCompiler
---> 28 from distutils.msvccompiler import get_build_version as get_build_msvc_version
     29 from distutils.errors import UnknownFileError
     30 from numpy.distutils.misc_util import (msvc_runtime_library,
     31                                        msvc_runtime_version,
     32                                        msvc_runtime_major,
     33                                        get_build_architecture)

ModuleNotFoundError: No module named 'distutils.msvccompiler'
