An error occurred while executing the following cell:
------------------
# Plots the posterior and plugin predictives for the Beta-Binomial distribution.


import numpy as np
import matplotlib.pyplot as plt

try:
    import probml_utils as pml
except ModuleNotFoundError:
    %pip install -qq git+https://github.com/probml/probml-utils.git
    import probml_utils as pml

from scipy.special import comb, beta
from scipy.stats import binom


N = 10  # Future sample size M
# Hyperparameters
a = 1
b = 1
N1 = 4
N0 = 1

ind = np.arange(N + 1)
post_a = a + N1
post_b = b + N0

# Compound beta-binomial distribution
distribution = []
for k in range(N + 1):
    distribution.append(comb(N, k) * beta(k + post_a, N - k + post_b) / beta(post_a, post_b))

fig, ax = plt.subplots()
rects = ax.bar(ind, distribution, align="center")
ax.set_title("posterior predictive")
ax.set_xticks(list(range(N + 1)))
ax.set_xticklabels(list(range(N + 1)))
pml.savefig("BBpostpred.pdf")
plt.show()

# Plugin binomial distribution
mu = (post_a - 1) / float(post_a + post_b - 2)  # MAP estimate
distribution = []
rv = binom(N, mu)
for k in range(N + 1):
    distribution.append(rv.pmf(k))

fig, ax = plt.subplots()
rects = ax.bar(ind, distribution, align="center")
ax.set_title("plugin predictive")
ax.set_xticks(list(range(N + 1)))
ax.set_xticklabels(list(range(N + 1)))
pml.savefig("BBpluginpred.pdf")
plt.show()
------------------

----- stderr -----
/github/home/miniconda3/envs/py310/lib/python3.10/site-packages/scipy/__init__.py:146: UserWarning: A NumPy version >=1.16.5 and <1.23.0 is required for this version of SciPy (detected version 2.2.6
  warnings.warn(f"A NumPy version >={np_minversion} and <{np_maxversion}"
------------------

---------------------------------------------------------------------------
ValueError                                Traceback (most recent call last)
Cell In[1], line 13
     10     get_ipython().run_line_magic('pip', 'install -qq git+https://github.com/probml/probml-utils.git')
     11     import probml_utils as pml
---> 13 from scipy.special import comb, beta
     14 from scipy.stats import binom
     17 N = 10  # Future sample size M

File ~/miniconda3/envs/py310/lib/python3.10/site-packages/scipy/special/__init__.py:643
      1 """
      2 ========================================
      3 Special functions (:mod:`scipy.special`)
   (...)
    638 
    639 """
    641 from .sf_error import SpecialFunctionWarning, SpecialFunctionError
--> 643 from . import _ufuncs
    644 from ._ufuncs import *
    646 from . import _basic

File _ufuncs.pyx:1, in init scipy.special._ufuncs()

ValueError: numpy.dtype size changed, may indicate binary incompatibility. Expected 96 from C header, got 88 from PyObject
