An error occurred while executing the following cell:
------------------
# Movie review classifier using keras. Based on
# https://www.tensorflow.org/tutorials/keras/basic_text_classification


from __future__ import absolute_import, division, print_function

import numpy as np
import matplotlib.pyplot as plt
import os

figdir = "figures"


def savefig(fname):
    if figdir:
        plt.savefig(os.path.join(figdir, fname))


try:
    import tensorflow as tf
except ModuleNotFoundError:
    %pip install -qq tensorflow
    import tensorflow as tf
from tensorflow import keras


print(tf.__version__)
np.random.seed(0)

imdb = keras.datasets.imdb

vocab_size = 10000
(train_data, train_labels), (test_data, test_labels) = imdb.load_data(num_words=vocab_size)
print(np.shape(train_data))  # (25000)
print(len(train_data[0]))
print(len(train_data[1]))
print(train_data[0])
# [1, 14, 22, 16, 43, 530, 973, 1622, 1385, 65, 458, 4468, 66, 3941...]

word_index = imdb.get_word_index()

# The first indices are reserved
word_index = {k: (v + 3) for k, v in word_index.items()}
word_index["<PAD>"] = 0
word_index["<START>"] = 1
word_index["<UNK>"] = 2  # unknown
word_index["<UNUSED>"] = 3

reverse_word_index = dict([(value, key) for (key, value) in word_index.items()])


def decode_review(text):
    return " ".join([reverse_word_index.get(i, "?") for i in text])


for i in range(2):
    print("example {}, label {}".format(i, train_labels[i]))
    print(decode_review(train_data[i]))


"""
example 0, label 1
<START> this film was just brilliant casting location scenery story direction everyone's really suited the part they played and you could just imagine being there robert <UNK> is an amazing actor and now the same being director <UNK> father came from the same scottish island as myself so i loved the fact there was a real connection with this film the witty remarks throughout the film were great it was just brilliant so much that i bought the film as soon as it was released for <UNK> and would recommend it to everyone to watch and the fly fishing was amazing really cried at the end it was so sad and you know what they say if you cry at a film it must have been good and this definitely was also <UNK> to the two little boy's that played the <UNK> of norman and paul they were just brilliant children are often left out of the <UNK> list i think because the stars that play them all grown up are such a big profile for the whole film but these children are amazing and should be praised for what they have done don't you think the whole story was so lovely because it was true and was someone's life after all that was shared with us all

example 1, label 0
<START> big hair big boobs bad music and a giant safety pin these are the words to best describe this terrible movie i love cheesy horror movies and i've seen hundreds but this had got to be on of the worst ever made the plot is paper thin and ridiculous the acting is an abomination the script is completely laughable the best is the end showdown with the cop and how he worked out who the killer is it's just so damn terribly written the clothes are sickening and funny in equal <UNK> the hair is big lots of boobs <UNK> men wear those cut <UNK> shirts that show off their <UNK> sickening that men actually wore them and the music is just <UNK> trash that plays over and over again in almost every scene there is trashy music boobs and <UNK> taking away bodies and the gym still doesn't close for <UNK> all joking aside this is a truly bad film whose only charm is to look back on the disaster that was the 80's and have a good old laugh at how bad everything was back then
"""

train_data = keras.preprocessing.sequence.pad_sequences(
    train_data, value=word_index["<PAD>"], padding="post", maxlen=256
)

test_data = keras.preprocessing.sequence.pad_sequences(test_data, value=word_index["<PAD>"], padding="post", maxlen=256)

print(train_data[0])


embed_size = 16


def make_model(embed_size):
    tf.random.set_seed(42)
    np.random.seed(42)
    model = keras.Sequential()
    model.add(keras.layers.Embedding(vocab_size, embed_size))
    model.add(keras.layers.GlobalAveragePooling1D())
    model.add(keras.layers.Dense(16, activation=tf.nn.relu))
    model.add(keras.layers.Dense(1, activation=tf.nn.sigmoid))
    model.compile(optimizer="adam", loss="binary_crossentropy", metrics=["acc"])
    return model


model = make_model(embed_size)
model.summary()

x_val = train_data[:10000]
x_train = train_data[10000:]

y_val = train_labels[:10000]
y_train = train_labels[10000:]

history = model.fit(x_train, y_train, epochs=50, batch_size=512, validation_data=(x_val, y_val), verbose=1)


history_dict = history.history
print(history_dict.keys())

results = model.evaluate(test_data, test_labels)
print(results)


acc = history_dict["acc"]
val_acc = history_dict["val_acc"]
loss = history_dict["loss"]
val_loss = history_dict["val_loss"]
epochs = range(1, len(acc) + 1)
fig, ax = plt.subplots()
plt.plot(epochs, loss, "bo", label="Training loss")
plt.plot(epochs, val_loss, "r-", label="Validation loss")
plt.title("Training and validation loss")
plt.xlabel("Epochs")
plt.ylabel("Loss")
plt.legend()
savefig("imdb-loss.pdf")
plt.show()


fig, ax = plt.subplots()
plt.plot(epochs, acc, "bo", label="Training acc")
plt.plot(epochs, val_acc, "r", label="Validation acc")
plt.title("Training and validation accuracy")
plt.xlabel("Epochs")
plt.ylabel("Accuracy")
plt.legend()
savefig("imdb-acc.pdf")
plt.show()

# Now turn on early stopping
# https://chrisalbon.com/deep_learning/keras/neural_network_early_stopping/


class PrintDot(keras.callbacks.Callback):
    def on_epoch_end(self, epoch, logs):
        if epoch % 100 == 0:
            print("")
        print(".", end="")


callbacks = [
    PrintDot(),
    keras.callbacks.EarlyStopping(monitor="val_acc", patience=2),
    keras.callbacks.ModelCheckpoint(filepath="imdb_keras_best_model.ckpt", monitor="val_acc", save_best_only=True),
]

# Reset parameters to a new random state
model = make_model(embed_size)
history = model.fit(
    x_train, y_train, epochs=50, batch_size=512, validation_data=(x_val, y_val), verbose=0, callbacks=callbacks
)

history_dict = history.history
acc = history_dict["acc"]
val_acc = history_dict["val_acc"]
loss = history_dict["loss"]
val_loss = history_dict["val_loss"]
epochs = range(1, len(acc) + 1)
fig, ax = plt.subplots()
plt.plot(epochs, loss, "bo", label="Training loss")
plt.plot(epochs, val_loss, "r-", label="Validation loss")
plt.title("Training and validation loss")
plt.xlabel("Epochs")
plt.ylabel("Loss")
plt.legend()
savefig("imdb-loss-early-stop.pdf")
plt.show()
------------------


---------------------------------------------------------------------------
AttributeError                            Traceback (most recent call last)
Cell In[1], line 20
     16         plt.savefig(os.path.join(figdir, fname))
     19 try:
---> 20     import tensorflow as tf
     21 except ModuleNotFoundError:
     22     get_ipython().run_line_magic('pip', 'install -qq tensorflow')

File ~/miniconda3/envs/py310/lib/python3.10/site-packages/tensorflow/__init__.py:49
     46 from tensorflow.python import tf2 as _tf2
     47 _tf2.enable()
---> 49 from tensorflow._api.v2 import __internal__
     50 from tensorflow._api.v2 import __operators__
     51 from tensorflow._api.v2 import audio

File ~/miniconda3/envs/py310/lib/python3.10/site-packages/tensorflow/_api/v2/__internal__/__init__.py:8
      3 """Public API for tf._api.v2.__internal__ namespace
      4 """
      6 import sys as _sys
----> 8 from tensorflow._api.v2.__internal__ import autograph
      9 from tensorflow._api.v2.__internal__ import decorator
     10 from tensorflow._api.v2.__internal__ import dispatch

File ~/miniconda3/envs/py310/lib/python3.10/site-packages/tensorflow/_api/v2/__internal__/autograph/__init__.py:8
      3 """Public API for tf._api.v2.__internal__.autograph namespace
      4 """
      6 import sys as _sys
----> 8 from tensorflow.python.autograph.core.ag_ctx import control_status_ctx # line: 34
      9 from tensorflow.python.autograph.impl.api import tf_convert # line: 493

File ~/miniconda3/envs/py310/lib/python3.10/site-packages/tensorflow/python/autograph/core/ag_ctx.py:21
     18 import inspect
     19 import threading
---> 21 from tensorflow.python.autograph.utils import ag_logging
     22 from tensorflow.python.util.tf_export import tf_export
     25 stacks = threading.local()

File ~/miniconda3/envs/py310/lib/python3.10/site-packages/tensorflow/python/autograph/utils/__init__.py:17
      1 # Copyright 2016 The TensorFlow Authors. All Rights Reserved.
      2 #
      3 # Licensed under the Apache License, Version 2.0 (the "License");
   (...)
     13 # limitations under the License.
     14 # ==============================================================================
     15 """Utility module that contains APIs usable in the generated code."""
---> 17 from tensorflow.python.autograph.utils.context_managers import control_dependency_on_returns
     18 from tensorflow.python.autograph.utils.misc import alias_tensors
     19 from tensorflow.python.autograph.utils.tensor_list import dynamic_list_append

File ~/miniconda3/envs/py310/lib/python3.10/site-packages/tensorflow/python/autograph/utils/context_managers.py:19
     15 """Various context managers."""
     17 import contextlib
---> 19 from tensorflow.python.framework import ops
     20 from tensorflow.python.ops import tensor_array_ops
     23 def control_dependency_on_returns(return_value):

File ~/miniconda3/envs/py310/lib/python3.10/site-packages/tensorflow/python/framework/ops.py:50
     48 from tensorflow.python import tf2
     49 from tensorflow.python.client import pywrap_tf_session
---> 50 from tensorflow.python.eager import context
     51 from tensorflow.python.eager import core
     52 from tensorflow.python.eager import monitoring

File ~/miniconda3/envs/py310/lib/python3.10/site-packages/tensorflow/python/eager/context.py:38
     36 from tensorflow.python.client import pywrap_tf_session
     37 from tensorflow.python.eager import cancellation
---> 38 from tensorflow.python.eager import execute
     39 from tensorflow.python.eager import executor
     40 from tensorflow.python.eager import monitoring

File ~/miniconda3/envs/py310/lib/python3.10/site-packages/tensorflow/python/eager/execute.py:21
     19 from tensorflow.python import pywrap_tfe
     20 from tensorflow.python.eager import core
---> 21 from tensorflow.python.framework import dtypes
     22 from tensorflow.python.framework import tensor_conversion_registry
     23 from tensorflow.python.framework import tensor_shape

File ~/miniconda3/envs/py310/lib/python3.10/site-packages/tensorflow/python/framework/dtypes.py:786
    782   if pdt not in _NP_TO_TF:
    783     _NP_TO_TF[pdt] = next(
    784         _NP_TO_TF[dt] for dt in _NP_TO_TF if dt == pdt().dtype)  # pylint: disable=no-value-for-parameter
--> 786 if hasattr(np.dtypes, "StringDType"):
    787   _NP_TO_TF[np.dtypes.StringDType()] = string
    789 TF_VALUE_DTYPES = set(_NP_TO_TF.values())

File ~/miniconda3/envs/py310/lib/python3.10/site-packages/numpy/__init__.py:315, in __getattr__(attr)
    312     from .testing import Tester
    313     return Tester
--> 315 raise AttributeError("module {!r} has no attribute "
    316                      "{!r}".format(__name__, attr))

AttributeError: module 'numpy' has no attribute 'dtypes'
