An error occurred while executing the following cell:
------------------
# Bayesian Binary logistic regression in 1d for iris flowers

# Code is based on
# https://github.com/aloctavodia/BAP/blob/master/code/Chp4/04_Generalizing_linear_models.ipynb


try:
    import pymc3 as pm
except ModuleNotFoundError:
    %pip install -qq pymc3
    import pymc3 as pm
import numpy as np

try:
    import pandas as pd
except ModuleNotFoundError:
    %pip install -qq pandas
    import pandas as pd
try:
    import theano.tensor as tt
except ModuleNotFoundError:
    %pip install -qq theano
    import theano.tensor as tt
# import seaborn as sns
import scipy.stats as stats
from scipy.special import expit as logistic
import matplotlib.pyplot as plt

try:
    import arviz as az
except ModuleNotFoundError:
    %pip install -qq arviz
    import arviz as az
try:
    from sklearn.datasets import load_iris
except ModuleNotFoundError:
    %pip install -qq scikit-learn
    from sklearn.datasets import load_iris
try:
    import probml_utils as pml
except ModuleNotFoundError:
    %pip install -qq git+https://github.com/probml/probml-utils.git
    import probml_utils as pml

if 0:
    # SAT data from
    # https://github.com/probml/pmtk3/blob/master/demos/logregSATdemoBayes.m

    X = [
        525,
        533,
        545,
        582,
        581,
        576,
        572,
        609,
        559,
        543,
        576,
        525,
        574,
        582,
        574,
        471,
        595,
        557,
        557,
        584,
        599,
        517,
        649,
        584,
        463,
        591,
        488,
        563,
        553,
        549,
    ]

    y = [0, 0, 1, 0, 1, 1, 1, 1, 1, 1, 1, 1, 1, 1, 1, 0, 1, 0, 0, 1, 1, 0, 1, 1, 0, 1, 0, 1, 1, 1]

    x_n = "SAT"
    x_0 = np.array(X)
    y_0 = np.array(y)
else:
    iris = load_iris()
    X = iris.data
    y = iris.target

    # Convert to pandas dataframe
    df_iris = pd.DataFrame(data=iris.data, columns=["sepal_length", "sepal_width", "petal_length", "petal_width"])
    df_iris["species"] = pd.Series(iris.target_names[y], dtype="category")

    df = df_iris.query("species == ('setosa', 'versicolor')")
    y_0 = pd.Categorical(df["species"]).codes
    x_n = "sepal_length"
    x_0 = df[x_n].values

xmean = np.mean(x_0)
x_c = x_0 - xmean

print(x_c)


with pm.Model() as model_0:
    α = pm.Normal("α", mu=0, sd=10)
    β = pm.Normal("β", mu=0, sd=10)

    μ = α + pm.math.dot(x_c, β)
    θ = pm.Deterministic("θ", pm.math.sigmoid(μ))
    bd = pm.Deterministic("bd", -α / β)  # decision boundary

    yl = pm.Bernoulli("yl", p=θ, observed=y_0)

    trace_0 = pm.sample(1000, cores=1, chains=2)


varnames = ["α", "β", "bd"]
az.summary(trace_0, varnames)


theta = trace_0["θ"].mean(axis=0)
idx = np.argsort(x_c)

plt.figure()
# plot logistic curve
plt.plot(x_c[idx], theta[idx], color="C2", lw=3)
az.plot_hdi(x_c, trace_0["θ"], color="C2")

# plot decision boundary
plt.vlines(trace_0["bd"].mean(), 0, 1, color="k")
bd_hpd = az.hdi(trace_0["bd"])
plt.fill_betweenx([0, 1], bd_hpd[0], bd_hpd[1], color="k", alpha=0.5)

# plot jittered data
plt.scatter(x_c, np.random.normal(y_0, 0.02), marker=".", color=[f"C{x}" for x in y_0])


plt.xlabel(x_n)
plt.ylabel("p(y=1)", rotation=0)
# use original scale for xticks
locs, _ = plt.xticks()
plt.xticks(locs, np.round(locs + xmean, 1))
# plt.xticks(x_c[idx], np.round(x_0[idx], 1))
plt.tight_layout()
pml.savefig("logreg_iris_bayes_1d.pdf", dpi=300)

plt.show()
------------------

----- stdout -----
ERROR: pip's dependency resolver does not currently take into account all the packages that are installed. This behaviour is the source of the following dependency conflicts.
jax 0.6.2 requires numpy>=1.26, but you have numpy 1.22.1 which is incompatible.
jax 0.6.2 requires scipy>=1.12, but you have scipy 1.7.3 which is incompatible.
jaxlib 0.6.2 requires numpy>=1.26, but you have numpy 1.22.1 which is incompatible.
jaxlib 0.6.2 requires scipy>=1.12, but you have scipy 1.7.3 which is incompatible.
scikit-learn 1.7.2 requires scipy>=1.8.0, but you have scipy 1.7.3 which is incompatible.
tensorflow 2.21.0 requires numpy>=1.26.0, but you have numpy 1.22.1 which is incompatible.
umap-learn 0.5.12 requires numpy>=1.23, but you have numpy 1.22.1 which is incompatible.

----- stdout -----
Note: you may need to restart the kernel to use updated packages.
------------------

---------------------------------------------------------------------------
ModuleNotFoundError                       Traceback (most recent call last)
Cell In[1], line 8
      7 try:
----> 8     import pymc3 as pm
      9 except ModuleNotFoundError:

ModuleNotFoundError: No module named 'pymc3'

During handling of the above exception, another exception occurred:

ModuleNotFoundError                       Traceback (most recent call last)
Cell In[1], line 11
      9 except ModuleNotFoundError:
     10     get_ipython().run_line_magic('pip', 'install -qq pymc3')
---> 11     import pymc3 as pm
     12 import numpy as np
     14 try:

File ~/miniconda3/envs/py310/lib/python3.10/site-packages/pymc3/__init__.py:35
     26 # Workaround for Theano bug that tries to access blas_opt_info;
     27 #  must be done before importing theano.
     28 # https://github.com/pymc-devs/pymc/issues/5310
     29 # Copied from theano/link/c/cmodule.py: default_blas_ldflags()
     30 if (
     31     hasattr(numpy.distutils, "__config__")
     32     and numpy.distutils.__config__
     33     and not hasattr(numpy.distutils.__config__, "blas_opt_info")
     34 ):
---> 35     import numpy.distutils.system_info  # noqa
     37     # We need to catch warnings as in some cases NumPy print
     38     # stuff that we don't want the user to see.
     39     with warnings.catch_warnings(record=True):

File ~/miniconda3/envs/py310/lib/python3.10/site-packages/numpy/distutils/system_info.py:196
    191 from numpy.distutils.exec_command import (
    192     find_executable, filepath_from_subprocess_output,
    193     )
    194 from numpy.distutils.misc_util import (is_sequence, is_string,
    195                                        get_shared_lib_extension)
--> 196 from numpy.distutils.command.config import config as cmd_config
    197 from numpy.distutils import customized_ccompiler as _customized_ccompiler
    198 from numpy.distutils import _shell_utils

File ~/miniconda3/envs/py310/lib/python3.10/site-packages/numpy/distutils/command/config.py:19
     17 import distutils
     18 from numpy.distutils.exec_command import filepath_from_subprocess_output
---> 19 from numpy.distutils.mingw32ccompiler import generate_manifest
     20 from numpy.distutils.command.autodist import (check_gcc_function_attribute,
     21                                               check_gcc_function_attribute_with_intrinsics,
     22                                               check_gcc_variable_attribute,
   (...)
     25                                               check_restrict,
     26                                               check_compiler_gcc)
     28 LANG_EXT['f77'] = '.f'

File ~/miniconda3/envs/py310/lib/python3.10/site-packages/numpy/distutils/mingw32ccompiler.py:28
     26 import distutils.cygwinccompiler
     27 from distutils.unixccompiler import UnixCCompiler
---> 28 from distutils.msvccompiler import get_build_version as get_build_msvc_version
     29 from distutils.errors import UnknownFileError
     30 from numpy.distutils.misc_util import (msvc_runtime_library,
     31                                        msvc_runtime_version,
     32                                        msvc_runtime_major,
     33                                        get_build_architecture)

ModuleNotFoundError: No module named 'distutils.msvccompiler'
