An error occurred while executing the following cell:
------------------

import numpy as np
import math
try:
    from cycler import cycler
except ModuleNotFoundError:
    %pip install -qq cycler
    from cycler import cycler
try:
    from sklearn.model_selection import cross_val_score
except ModuleNotFoundError:
    %pip install -qq scikit-learn
    from sklearn.model_selection import cross_val_score
from sklearn.preprocessing import MinMaxScaler
from sklearn import linear_model
from sklearn.metrics import mean_squared_error, make_scorer
from matplotlib import pyplot as plt
try:
    import probml_utils as pml
except ModuleNotFoundError:
    %pip install -qq git+https://github.com/probml/probml-utils.git
    import probml_utils as pml

np.random.seed(0)

# Using Colorblind friendly colors

cb_color = [
    "#377eb8",
    "#ff7f00",
    "#4daf4a",
    "#f781bf",
    "#a65628",
    "#984ea3",
    "#999999",
    "#e41a1c",
    "#dede00",
]

cb_cycler = cycler(linestyle=["-", "--", "-."]) * cycler(color=cb_color)
plt.rc("axes", prop_cycle=cb_cycler)


def func(x, w):
    return w[0] * x + w[1] * np.square(x)


# 'Data as mentioned in the matlab code'
def polydatemake():
    n = 21
    sigma2 = 4
    xtrain = np.linspace(0, 20, n)
    xtest = np.arange(0, 20.1, 0.1)
    w = np.array([-1.5, 1 / 9])
    ytrain = func(xtrain, w).reshape(-1, 1) + math.sqrt(sigma2) * np.random.randn(
        xtrain.shape[0], 1
    )
    ytest_noisefree = func(xtest, w).reshape(-1, 1)
    ytest_noisy = ytest_noisefree + math.sqrt(sigma2) * np.random.randn(
        xtest.shape[0], 1
    )

    return xtrain, ytrain, xtest, ytest_noisefree, ytest_noisy, sigma2


def rescale(X):
    scaler = MinMaxScaler((-1, 1))
    return scaler.fit_transform(X.reshape(-1, 1))


def poly_features(X, deg):
    X_deg = np.tile(X, deg)
    n_deg = np.arange(14) + 1
    degs = np.tile(np.repeat(n_deg, X.shape[1]), X.shape[0]).reshape(X.shape[0], -1)
    X_poly = np.power(X_deg, degs)

    return X_poly


# Not used, wrote it,as to use if needed.
def addones(X):
    # x is of shape (s,)
    return np.insert(X[:, np.newaxis], 0, [[1]], axis=1)


[xtrain, ytrain, xtest, ytest_noisefree, ytest, sigma2] = polydatemake()

deg = 14

poly_train = poly_features(rescale(xtrain), deg)
poly_test = poly_features(rescale(xtest), deg)

ytrain = ytrain - ytrain.mean()
ytest = ytest - ytest.mean()

# -------------------------------------------
# error vs lambda
#lambdas = np.logspace(-10, 2.5, 15)

# match lireng_poly_ridge

lambdas = np.logspace(-10, 1.3, 10)
train_mse, test_mse = [], []

for lam in lambdas:
    reg = linear_model.Ridge(alpha=lam, fit_intercept=False).fit(poly_train, ytrain)
    ypred_train = reg.predict(poly_train)
    ypred_test = reg.predict(poly_test)
    train_mse.append(((ypred_train - ytrain) ** 2).mean())
    test_mse.append(((ypred_test - ytest) ** 2).mean())

plt.figure()
plt.semilogx(lambdas, train_mse, "-s", lw=3)
plt.semilogx(lambdas, test_mse, "-x", lw=3)
plt.legend(["train_mse", "test_mse"],  fontsize=14)
plt.xlabel("log lambda", fontsize=12)
plt.ylabel("mean squared error",  fontsize=12)
pml.savefig("polyfitRidgeUcurve.pdf")

# -------------------------------------------
# cv vs lambda
cv_means = []
cv_stand_errors = []
n= len(xtrain)
n_folds = 5
scorer = make_scorer(mean_squared_error, greater_is_better=False)
for lam in lambdas:
    cross_validations = -np.array(
        cross_val_score(
            linear_model.Ridge(alpha=lam, fit_intercept=False),
            poly_train,
            ytrain,
            cv=n_folds,
            scoring=scorer,
        )
    )
    cv_means.append(cross_validations.mean())
    cv_stand_errors.append(cross_validations.std() / np.sqrt(n_folds))

plt.figure()
plt.errorbar(
    lambdas, np.log(cv_means), yerr=np.log(np.array(cv_stand_errors)) / 2, lw=3, fmt="-o"
)
plt.title("{}-fold cross validation, ntrain = {}".format(n_folds, poly_train.shape[0]), fontsize=12)
plt.axvline(
    lambdas[np.argmin(cv_means)], ls="--"
)  # lambda corresponding to minimum cv_mean.
plt.xscale("log")
plt.xlabel("log lambda", fontsize=12)
plt.ylabel("mean squared error", fontsize=12)
pml.savefig("polyfitRidgeCV.pdf")


plt.figure()
cvErr = np.log(cv_means) / np.max(np.log(cv_means))
cv_se = np.log(cv_stand_errors) / np.max(np.log(cv_stand_errors))
plt.errorbar(lambdas, cvErr, yerr=cv_se / 2, fmt="-x")
plt.xlabel("log lambda")
plt.xscale("log")
plt.legend(["CV estimate of MSE"])
plt.show()

------------------

----- stderr -----
/github/home/miniconda3/envs/py310/lib/python3.10/site-packages/scipy/__init__.py:146: UserWarning: A NumPy version >=1.16.5 and <1.23.0 is required for this version of SciPy (detected version 2.2.6
  warnings.warn(f"A NumPy version >={np_minversion} and <{np_maxversion}"

A module that was compiled using NumPy 1.x cannot be run in
NumPy 2.2.6 as it may crash. To support both 1.x and 2.x
versions of NumPy, modules must be compiled with NumPy 2.0.
Some module may need to rebuild instead e.g. with 'pybind11>=2.12'.

If you are a user of the module, the easiest solution will be to
downgrade to 'numpy<2' or try to upgrade the affected module.
We expect that some modules will need time to support NumPy 2.

Traceback (most recent call last):  File "/github/home/miniconda3/envs/py310/lib/python3.10/runpy.py", line 196, in _run_module_as_main
    return _run_code(code, main_globals, None,
  File "/github/home/miniconda3/envs/py310/lib/python3.10/runpy.py", line 86, in _run_code
    exec(code, run_globals)
  File "/github/home/miniconda3/envs/py310/lib/python3.10/site-packages/ipykernel_launcher.py", line 18, in <module>
    app.launch_new_instance()
  File "/github/home/miniconda3/envs/py310/lib/python3.10/site-packages/traitlets/config/application.py", line 1082, in launch_instance
    app.start()
  File "/github/home/miniconda3/envs/py310/lib/python3.10/site-packages/ipykernel/kernelapp.py", line 807, in start
    self.io_loop.start()
  File "/github/home/miniconda3/envs/py310/lib/python3.10/site-packages/tornado/platform/asyncio.py", line 211, in start
    self.asyncio_loop.run_forever()
  File "/github/home/miniconda3/envs/py310/lib/python3.10/asyncio/base_events.py", line 603, in run_forever
    self._run_once()
  File "/github/home/miniconda3/envs/py310/lib/python3.10/asyncio/base_events.py", line 1909, in _run_once
    handle._run()
  File "/github/home/miniconda3/envs/py310/lib/python3.10/asyncio/events.py", line 80, in _run
    self._context.run(self._callback, *self._args)
  File "/github/home/miniconda3/envs/py310/lib/python3.10/site-packages/ipykernel/utils.py", line 71, in preserve_context
    return await f(*args, **kwargs)
  File "/github/home/miniconda3/envs/py310/lib/python3.10/site-packages/ipykernel/kernelbase.py", line 621, in shell_main
    await self.dispatch_shell(msg, subshell_id=subshell_id)
  File "/github/home/miniconda3/envs/py310/lib/python3.10/site-packages/ipykernel/kernelbase.py", line 478, in dispatch_shell
    await result
  File "/github/home/miniconda3/envs/py310/lib/python3.10/site-packages/ipykernel/ipkernel.py", line 372, in execute_request
    await super().execute_request(stream, ident, parent)
  File "/github/home/miniconda3/envs/py310/lib/python3.10/site-packages/ipykernel/kernelbase.py", line 834, in execute_request
    reply_content = await reply_content
  File "/github/home/miniconda3/envs/py310/lib/python3.10/site-packages/ipykernel/ipkernel.py", line 460, in do_execute
    res = shell.run_cell(
  File "/github/home/miniconda3/envs/py310/lib/python3.10/site-packages/ipykernel/zmqshell.py", line 665, in run_cell
    return super().run_cell(*args, **kwargs)
  File "/github/home/miniconda3/envs/py310/lib/python3.10/site-packages/IPython/core/interactiveshell.py", line 3077, in run_cell
    result = self._run_cell(
  File "/github/home/miniconda3/envs/py310/lib/python3.10/site-packages/IPython/core/interactiveshell.py", line 3132, in _run_cell
    result = runner(coro)
  File "/github/home/miniconda3/envs/py310/lib/python3.10/site-packages/IPython/core/async_helpers.py", line 128, in _pseudo_sync_runner
    coro.send(None)
  File "/github/home/miniconda3/envs/py310/lib/python3.10/site-packages/IPython/core/interactiveshell.py", line 3336, in run_cell_async
    has_raised = await self.run_ast_nodes(code_ast.body, cell_name,
  File "/github/home/miniconda3/envs/py310/lib/python3.10/site-packages/IPython/core/interactiveshell.py", line 3519, in run_ast_nodes
    if await self.run_code(code, result, async_=asy):
  File "/github/home/miniconda3/envs/py310/lib/python3.10/site-packages/IPython/core/interactiveshell.py", line 3579, in run_code
    exec(code_obj, self.user_global_ns, self.user_ns)
  File "/tmp/ipykernel_2490/2969978979.py", line 9, in <module>
    from sklearn.model_selection import cross_val_score
  File "/github/home/miniconda3/envs/py310/lib/python3.10/site-packages/sklearn/__init__.py", line 73, in <module>
    from .base import clone  # noqa: E402
  File "/github/home/miniconda3/envs/py310/lib/python3.10/site-packages/sklearn/base.py", line 19, in <module>
    from .utils._metadata_requests import _MetadataRequester, _routing_enabled
  File "/github/home/miniconda3/envs/py310/lib/python3.10/site-packages/sklearn/utils/__init__.py", line 9, in <module>
    from ._chunking import gen_batches, gen_even_slices
  File "/github/home/miniconda3/envs/py310/lib/python3.10/site-packages/sklearn/utils/_chunking.py", line 11, in <module>
    from ._param_validation import Interval, validate_params
  File "/github/home/miniconda3/envs/py310/lib/python3.10/site-packages/sklearn/utils/_param_validation.py", line 14, in <module>
    from scipy.sparse import csr_matrix, issparse
  File "/github/home/miniconda3/envs/py310/lib/python3.10/site-packages/scipy/sparse/__init__.py", line 228, in <module>
    from .csr import *
  File "/github/home/miniconda3/envs/py310/lib/python3.10/site-packages/scipy/sparse/csr.py", line 10, in <module>
    from ._sparsetools import (csr_tocsc, csr_tobsr, csr_count_blocks,
------------------

---------------------------------------------------------------------------
ImportError                               Traceback (most recent call last)
Cell In[1], line 9
      7     from cycler import cycler
      8 try:
----> 9     from sklearn.model_selection import cross_val_score
     10 except ModuleNotFoundError:
     11     get_ipython().run_line_magic('pip', 'install -qq scikit-learn')

File ~/miniconda3/envs/py310/lib/python3.10/site-packages/sklearn/__init__.py:73
     62 # `_distributor_init` allows distributors to run custom init code.
     63 # For instance, for the Windows wheel, this is used to pre-load the
     64 # vcomp shared library runtime for OpenMP embedded in the sklearn/.libs
   (...)
     67 # later is linked to the OpenMP runtime to make it possible to introspect
     68 # it and importing it first would fail if the OpenMP dll cannot be found.
     69 from . import (  # noqa: F401 E402
     70     __check_build,
     71     _distributor_init,
     72 )
---> 73 from .base import clone  # noqa: E402
     74 from .utils._show_versions import show_versions  # noqa: E402
     76 _submodules = [
     77     "calibration",
     78     "cluster",
   (...)
    114     "compose",
    115 ]

File ~/miniconda3/envs/py310/lib/python3.10/site-packages/sklearn/base.py:19
     17 from ._config import config_context, get_config
     18 from .exceptions import InconsistentVersionWarning
---> 19 from .utils._metadata_requests import _MetadataRequester, _routing_enabled
     20 from .utils._missing import is_scalar_nan
     21 from .utils._param_validation import validate_parameter_constraints

File ~/miniconda3/envs/py310/lib/python3.10/site-packages/sklearn/utils/__init__.py:9
      7 from . import metadata_routing
      8 from ._bunch import Bunch
----> 9 from ._chunking import gen_batches, gen_even_slices
     11 # Make _safe_indexing importable from here for backward compat as this particular
     12 # helper is considered semi-private and typically very useful for third-party
     13 # libraries that want to comply with scikit-learn's estimator API. In particular,
     14 # _safe_indexing was included in our public API documentation despite the leading
     15 # `_` in its name.
     16 from ._indexing import (
     17     _safe_indexing,  # noqa: F401
     18     resample,
     19     shuffle,
     20 )

File ~/miniconda3/envs/py310/lib/python3.10/site-packages/sklearn/utils/_chunking.py:11
      8 import numpy as np
     10 from .._config import get_config
---> 11 from ._param_validation import Interval, validate_params
     14 def chunk_generator(gen, chunksize):
     15     """Chunk generator, ``gen`` into lists of length ``chunksize``. The last
     16     chunk may have a length less than ``chunksize``."""

File ~/miniconda3/envs/py310/lib/python3.10/site-packages/sklearn/utils/_param_validation.py:14
     11 from numbers import Integral, Real
     13 import numpy as np
---> 14 from scipy.sparse import csr_matrix, issparse
     16 from .._config import config_context, get_config
     17 from .validation import _is_arraylike_not_scalar

File ~/miniconda3/envs/py310/lib/python3.10/site-packages/scipy/sparse/__init__.py:228
    225 import warnings as _warnings
    227 from .base import *
--> 228 from .csr import *
    229 from .csc import *
    230 from .lil import *

File ~/miniconda3/envs/py310/lib/python3.10/site-packages/scipy/sparse/csr.py:10
      7 import numpy as np
      9 from .base import spmatrix
---> 10 from ._sparsetools import (csr_tocsc, csr_tobsr, csr_count_blocks,
     11                            get_csr_submatrix)
     12 from .sputils import upcast, get_index_dtype
     14 from .compressed import _cs_matrix

ImportError: numpy.core.multiarray failed to import
