An error occurred while executing the following cell:
------------------
import math
import os
import matplotlib.pyplot as plt
import pathlib
import time
from typing import List, Tuple

from IPython.display import clear_output
from sklearn import datasets, preprocessing
import jax
import jax.numpy as jnp
import numpy as np
import jax.lax as lax
import jax.nn as jnn
import jax.random as jrandom
import scipy.stats as stats

try:
    from probml_utils import savefig, latexify
except ModuleNotFoundError:
    %pip install -qq git+https://github.com/probml/probml-utils.git
    from probml_utils import savefig, latexify
try:
    import diffrax
except ModuleNotFoundError:
    %pip install -qq diffrax
    import diffrax
try:
    import optax
except ModuleNotFoundError:
    %pip install -qq optax
    import optax

try:
    import equinox as eqx  # https://github.com/patrick-kidger/equinox
except ModuleNotFoundError:
    %pip install -qq equinox
    import equinox as eqx


here = pathlib.Path(os.getcwd())

# Loading up the two moons dataset
n_samples = 10000

scaler = preprocessing.StandardScaler()
X, _ = datasets.make_moons(n_samples=n_samples, noise=0.05)
X = scaler.fit_transform(X)

input_dim = X.shape[1]


class Func(eqx.Module):
    layers: List[eqx.nn.Linear]

    def __init__(self, *, data_size, width_size, depth, key, **kwargs):
        super().__init__(**kwargs)
        keys = jrandom.split(key, depth + 1)
        layers = []
        if depth == 0:
            layers.append(ConcatSquash(in_size=data_size, out_size=data_size, key=keys[0]))
        else:
            layers.append(ConcatSquash(in_size=data_size, out_size=width_size, key=keys[0]))
            for i in range(depth - 1):
                layers.append(ConcatSquash(in_size=width_size, out_size=width_size, key=keys[i + 1]))
            layers.append(ConcatSquash(in_size=width_size, out_size=data_size, key=keys[-1]))
        self.layers = layers

    def __call__(self, t, y, args):
        t = jnp.asarray(t)[None]
        for layer in self.layers[:-1]:
            y = layer(t, y)
            y = jnn.tanh(y)
        y = self.layers[-1](t, y)
        return y


# Credit: this layer, and some of the default hyperparameters below, are taken from the
# FFJORD repo.
class ConcatSquash(eqx.Module):
    lin1: eqx.nn.Linear
    lin2: eqx.nn.Linear
    lin3: eqx.nn.Linear

    def __init__(self, *, in_size, out_size, key, **kwargs):
        super().__init__(**kwargs)
        key1, key2, key3 = jrandom.split(key, 3)
        self.lin1 = eqx.nn.Linear(in_size, out_size, key=key1)
        self.lin2 = eqx.nn.Linear(1, out_size, key=key2)
        self.lin3 = eqx.nn.Linear(1, out_size, use_bias=False, key=key3)

    def __call__(self, t, y):
        return self.lin1(y) * jnn.sigmoid(self.lin2(t)) + self.lin3(t)


def approx_logp_wrapper(t, y, args):
    y, _ = y
    *args, eps, func = args
    fn = lambda y: func(t, y, args)
    f, vjp_fn = jax.vjp(fn, y)
    (eps_dfdy,) = vjp_fn(eps)
    logp = jnp.sum(eps_dfdy * eps)
    return f, logp


def exact_logp_wrapper(t, y, args):
    y, _ = y
    *args, _, func = args
    fn = lambda y: func(t, y, args)
    f, vjp_fn = jax.vjp(fn, y)
    (size,) = y.shape  # this implementation only works for 1D input
    eye = jnp.eye(size)
    (dfdy,) = jax.vmap(vjp_fn)(eye)
    logp = jnp.trace(dfdy)
    return f, logp


def normal_log_likelihood(y):
    return -0.5 * (y.size * math.log(2 * math.pi) + jnp.sum(y**2))


class CNF(eqx.Module):
    funcs: List[Func]
    data_size: int
    exact_logp: bool
    t0: float
    t1: float
    dt0: float

    def __init__(
        self,
        *,
        data_size,
        exact_logp,
        num_blocks,
        width_size,
        depth,
        key,
        **kwargs,
    ):
        super().__init__(**kwargs)
        keys = jrandom.split(key, num_blocks)
        self.funcs = [
            Func(
                data_size=data_size,
                width_size=width_size,
                depth=depth,
                key=k,
            )
            for k in keys
        ]
        self.data_size = data_size
        self.exact_logp = exact_logp
        self.t0 = 0.0
        self.t1 = 0.5
        self.dt0 = 0.05

    # Runs backward-in-time to train the CNF.
    def train(self, y, *, key):
        if self.exact_logp:
            term = diffrax.ODETerm(exact_logp_wrapper)
        else:
            term = diffrax.ODETerm(approx_logp_wrapper)
        solver = diffrax.Tsit5()
        eps = jrandom.normal(key, y.shape)
        delta_log_likelihood = 0.0
        for func in reversed(self.funcs):
            y = (y, delta_log_likelihood)
            sol = diffrax.diffeqsolve(term, solver, self.t1, self.t0, -self.dt0, y, (eps, func))
            (y,), (delta_log_likelihood,) = sol.ys
        return delta_log_likelihood + normal_log_likelihood(y)

    # To make illustrations, we have a variant sample method we can query to see the
    # evolution of the samples during the forward solve.
    def sample_flow(self, *, key):
        t_so_far = self.t0
        t_end = self.t0 + (self.t1 - self.t0) * len(self.funcs)
        save_times = jnp.linspace(self.t0, t_end, 9)
        y = jrandom.normal(key, (self.data_size,))
        out = []
        for i, func in enumerate(self.funcs):
            if i == len(self.funcs) - 1:
                save_ts = save_times[t_so_far <= save_times] - t_so_far
            else:
                save_ts = save_times[(t_so_far <= save_times) & (save_times < t_so_far + self.t1 - self.t0)] - t_so_far
                t_so_far = t_so_far + self.t1 - self.t0
            term = diffrax.ODETerm(func)
            solver = diffrax.Tsit5()
            saveat = diffrax.SaveAt(ts=save_ts)
            sol = diffrax.diffeqsolve(term, solver, self.t0, self.t1, self.dt0, y, saveat=saveat)
            out.append(sol.ys)
            y = sol.ys[-1]
        out = jnp.concatenate(out)
        assert len(out) == 9  # number of points we saved at
        return out


from functools import partial


class DataLoader(eqx.Module):
    arrays: Tuple[jnp.ndarray]
    batch_size: int
    key: jrandom.PRNGKey

    def __post_init__(self):
        dataset_size = self.arrays[0].shape[0]
        assert all(array.shape[0] == dataset_size for array in self.arrays)

    # @partial(jax.jit, static_argnums=1)
    def __call__(self, step):
        # dataset_size = self.arrays[0].shape[0]
        dataset_size = self.arrays.shape[0]
        num_batches = dataset_size // self.batch_size
        epoch = step // num_batches
        key = jrandom.fold_in(self.key, epoch)
        perm = jrandom.permutation(key, jnp.arange(dataset_size))
        start = step * self.batch_size
        slice_size = self.batch_size
        batch_indices = lax.dynamic_slice_in_dim(perm, start, slice_size)
        # return tuple(array[batch_indices] for array in self.arrays)
        return self.arrays[batch_indices]


def main(
    in_path,
    out_path=None,
    batch_size=500,
    virtual_batches=2,
    lr=1e-3,
    weight_decay=1e-5,
    steps=4000,  # Change this
    exact_logp=True,
    num_blocks=2,
    width_size=64,
    depth=3,
    print_every=10,
    seed=5678,
):
    if out_path is None:
        out_path = here / pathlib.Path(in_path).name
    else:
        out_path = pathlib.Path(out_path)

    key = jrandom.PRNGKey(seed)
    model_key, loader_key, loss_key, sample_key = jrandom.split(key, 4)

    dataset_size, data_size = X.shape
    dataloader = DataLoader(jnp.asarray(X), batch_size, key=loader_key)

    model = CNF(
        data_size=data_size,
        exact_logp=exact_logp,
        num_blocks=num_blocks,
        width_size=width_size,
        depth=depth,
        key=model_key,
    )

    optim = optax.adamw(lr, weight_decay=weight_decay)
    opt_state = optim.init(eqx.filter(model, eqx.is_inexact_array))

    @eqx.filter_value_and_grad
    def loss(model, data, loss_key):
        batch_size, _ = data.shape
        noise_key, train_key = jrandom.split(loss_key, 2)
        train_key = jrandom.split(key, batch_size)
        log_likelihood = jax.vmap(model.train)(data, key=train_key)
        return -jnp.mean(log_likelihood)  # minimise negative log-likelihood

    @eqx.filter_jit
    def make_step(model, opt_state, step, loss_key):
        # We only need gradients with respect to floating point JAX arrays, not any
        # other part of our model. (e.g. the `exact_logp` flag. What would it even mean
        # to differentiate that? Note that `eqx.filter_value_and_grad` does the same
        # filtering by `eqx.is_inexact_array` by default.)
        value = 0
        grads = jax.tree_map(
            lambda leaf: jnp.zeros_like(leaf) if eqx.is_inexact_array(leaf) else None,
            model,
        )

        # Get more accurate gradients by accumulating gradients over multiple batches.
        # (Or equivalently, get lower memory requirements by splitting up a batch over
        # multiple steps.)
        def make_virtual_step(_, state):
            value, grads, step, loss_key = state
            data = dataloader(step)
            value_, grads_ = loss(model, data, loss_key)
            value = value + value_
            grads = jax.tree_map(lambda a, b: a + b, grads, grads_)
            step = step + 1
            loss_key = jrandom.split(loss_key, 1)[0]
            return value, grads, step, loss_key

        value, grads, step, loss_key = lax.fori_loop(
            0, virtual_batches, make_virtual_step, (value, grads, step, loss_key)
        )
        value = value / virtual_batches
        grads = jax.tree_map(lambda a: a / virtual_batches, grads)
        updates, opt_state = optim.update(grads, opt_state, model)
        model = eqx.apply_updates(model, updates)
        return value, model, opt_state, step, loss_key

    step = 0
    while step < steps:
        start = time.time()
        value, model, opt_state, step, loss_key = make_step(model, opt_state, step, loss_key)
        end = time.time()
        if (step % print_every) == 0 or step == steps - 1:
            print(f"Step: {step}, Loss: {value}, Computation time: {end - start}")

    num_samples = 5000
    sample_key = jrandom.split(sample_key, num_samples)
    sample_flows = jax.vmap(model.sample_flow, out_axes=-1)(key=sample_key)
    return sample_flows


sample_flows = main(in_path=".")

flow_list = [flow for flow in sample_flows]
------------------

----- stdout -----
Note: you may need to restart the kernel to use updated packages.
----- stdout -----
ERROR: pip's dependency resolver does not currently take into account all the packages that are installed. This behaviour is the source of the following dependency conflicts.
arviz 0.17.1 requires numpy<2.0,>=1.22.0, but you have numpy 2.2.6 which is incompatible.
distrax 0.1.3 requires numpy<1.23,>=1.18.0, but you have numpy 2.2.6 which is incompatible.

----- stdout -----
Note: you may need to restart the kernel to use updated packages.
----- stderr -----
/github/home/miniconda3/envs/py310/lib/python3.10/pty.py:89: RuntimeWarning: os.fork() was called. os.fork() is incompatible with multithreaded code, and JAX is multithreaded, so this will likely lead to a deadlock.
  pid, fd = os.forkpty()
----- stdout -----
Note: you may need to restart the kernel to use updated packages.
------------------

---------------------------------------------------------------------------
AttributeError                            Traceback (most recent call last)
Cell In[1], line 319
    315     sample_flows = jax.vmap(model.sample_flow, out_axes=-1)(key=sample_key)
    316     return sample_flows
--> 319 sample_flows = main(in_path=".")
    321 flow_list = [flow for flow in sample_flows]

Cell In[1], line 308, in main(in_path, out_path, batch_size, virtual_batches, lr, weight_decay, steps, exact_logp, num_blocks, width_size, depth, print_every, seed)
    306 while step < steps:
    307     start = time.time()
--> 308     value, model, opt_state, step, loss_key = make_step(model, opt_state, step, loss_key)
    309     end = time.time()
    310     if (step % print_every) == 0 or step == steps - 1:

    [... skipping hidden 19 frame]

Cell In[1], line 278, in main.<locals>.make_step(model, opt_state, step, loss_key)
    271 @eqx.filter_jit
    272 def make_step(model, opt_state, step, loss_key):
    273     # We only need gradients with respect to floating point JAX arrays, not any
    274     # other part of our model. (e.g. the `exact_logp` flag. What would it even mean
    275     # to differentiate that? Note that `eqx.filter_value_and_grad` does the same
    276     # filtering by `eqx.is_inexact_array` by default.)
    277     value = 0
--> 278     grads = jax.tree_map(
    279         lambda leaf: jnp.zeros_like(leaf) if eqx.is_inexact_array(leaf) else None,
    280         model,
    281     )
    283     # Get more accurate gradients by accumulating gradients over multiple batches.
    284     # (Or equivalently, get lower memory requirements by splitting up a batch over
    285     # multiple steps.)
    286     def make_virtual_step(_, state):

File ~/miniconda3/envs/py310/lib/python3.10/site-packages/jax/_src/deprecations.py:54, in deprecation_getattr.<locals>.getattr(name)
     52 message, fn = deprecations[name]
     53 if fn is None:  # Is the deprecation accelerated?
---> 54   raise AttributeError(message)
     55 warnings.warn(message, DeprecationWarning, stacklevel=2)
     56 return fn

AttributeError: jax.tree_map was removed in JAX v0.6.0: use jax.tree.map (jax v0.4.25 or newer) or jax.tree_util.tree_map (any JAX version).
