An error occurred while executing the following cell:
------------------
import numpy as np
import matplotlib.pyplot as plt
import os
from scipy.stats import multivariate_normal

try:
    import probml_utils as pml
except ModuleNotFoundError:
    %pip install -qq git+https://github.com/probml/probml-utils.git
    import probml_utils as pml

fs = 12
np.random.seed(0)
true_mu1 = -10
true_mu2 = 10
true_pi = 0.5


true_sigma = 5


n_obs = 100
obs = [true_mu1 + true_sigma * np.random.randn(1, n_obs), true_mu2 + true_sigma * np.random.randn(1, n_obs)]
obs = np.reshape(obs, [1, 200])
obs = np.transpose(obs)

plt.figure()
histogram = plt.hist(obs)
pml.savefig("gmm_lik_surface_hist")
plt.show()
# print(obs.shape)

dmu = 0.5
mu1_bins = np.arange(-20, 20 + dmu, dmu)
mu2_bins = np.arange(-20, 20 + dmu, dmu)

n_mu1_bins = mu1_bins.size
n_mu2_bins = mu2_bins.size

lik_bins = np.zeros((n_mu1_bins, n_mu2_bins))

for b1 in range(0, n_mu1_bins):
    for b2 in range(0, n_mu2_bins):
        p1 = true_pi * multivariate_normal.pdf(obs, mu1_bins[b1], true_sigma)
        p2 = (1 - true_pi) * multivariate_normal.pdf(obs, mu1_bins[b2], true_sigma)
        lik_bins[b1, b2] = sum(np.log(p1 + p2))

plt.figure()
plt.contour(lik_bins)
plt.xlabel("$\mu_1$")
plt.ylabel("$\mu_2$")
pml.savefig("gmm_lik_surface_contour")
plt.show()
------------------

----- stderr -----
/github/home/miniconda3/envs/py310/lib/python3.10/site-packages/scipy/__init__.py:146: UserWarning: A NumPy version >=1.16.5 and <1.23.0 is required for this version of SciPy (detected version 2.2.6
  warnings.warn(f"A NumPy version >={np_minversion} and <{np_maxversion}"
------------------

---------------------------------------------------------------------------
ValueError                                Traceback (most recent call last)
Cell In[1], line 4
      2 import matplotlib.pyplot as plt
      3 import os
----> 4 from scipy.stats import multivariate_normal
      6 try:
      7     import probml_utils as pml

File ~/miniconda3/envs/py310/lib/python3.10/site-packages/scipy/stats/__init__.py:441
      1 """
      2 .. _statsrefmanual:
      3 
   (...)
    438 
    439 """
--> 441 from .stats import *
    442 from .distributions import *
    443 from .morestats import *

File ~/miniconda3/envs/py310/lib/python3.10/site-packages/scipy/stats/stats.py:37
     34 import numpy as np
     35 from numpy import array, asarray, ma
---> 37 from scipy.spatial.distance import cdist
     38 from scipy.ndimage import measurements
     39 from scipy._lib._util import (check_random_state, MapWrapper,
     40                               rng_integers, float_factorial)

File ~/miniconda3/envs/py310/lib/python3.10/site-packages/scipy/spatial/__init__.py:96
      1 """
      2 =============================================================
      3 Spatial algorithms and data structures (:mod:`scipy.spatial`)
   (...)
     93 
     94 """
---> 96 from .kdtree import *
     97 from .ckdtree import *
     98 from .qhull import *

File ~/miniconda3/envs/py310/lib/python3.10/site-packages/scipy/spatial/kdtree.py:5
      3 import numpy as np
      4 import warnings
----> 5 from .ckdtree import cKDTree, cKDTreeNode
      7 __all__ = ['minkowski_distance_p', 'minkowski_distance',
      8            'distance_matrix',
      9            'Rectangle', 'KDTree']
     12 def minkowski_distance_p(x, y, p=2):

File ckdtree.pyx:1, in init scipy.spatial.ckdtree()

ValueError: numpy.dtype size changed, may indicate binary incompatibility. Expected 96 from C header, got 88 from PyObject
