An error occurred while executing the following cell:
------------------
# Import Libraries
try:
    import sls
except ModuleNotFoundError:
    %pip install -q git+https://github.com/IssamLaradji/sls.git
    import sls

try:
    import sps
except ModuleNotFoundError:
    %pip install -q git+https://github.com/IssamLaradji/sps.git
    import sps

try:
    import adasls
except ModuleNotFoundError:
    %pip install -q git+https://github.com/IssamLaradji/ada_sls.git
    import adasls

import pandas as pd
import os
import shutil
import copy
import pprint

try:
    import torch
except ModuleNotFoundError:
    %pip install torch
    import torch
import numpy as np

try:
    import torchvision
except ModuleNotFoundError:
    %pip install torchvision
    import torchvision
try:
    import tqdm.notebook as tqdm
except ModuleNotFoundError:
    %pip install tqdm
    import tqdm.notebook as tqdm
import sklearn

try:
    import haven
except ModuleNotFoundError:
    %pip install haven
    %pip install haven-ai
    import haven

from haven import haven_utils as hu
from haven import haven_results as hr
from haven.haven_utils import exp_utils

import torch.nn.functional as F


from sklearn import preprocessing
from sklearn.datasets import load_iris

from torch import nn
from torch.utils.data import DataLoader, TensorDataset
from sklearn.model_selection import train_test_split

try:
    from google.colab import data_table
except ModuleNotFoundError:
    %pip install google-colab
    from google.colab import data_table
------------------

----- stdout -----
WARNING: Running pip as the 'root' user can result in broken permissions and conflicting behaviour with the system package manager, possibly rendering your system unusable. It is recommended to use a virtual environment instead: https://pip.pypa.io/warnings/venv. Use the --root-user-action option if you know what you are doing and want to suppress this warning.

----- stdout -----
Note: you may need to restart the kernel to use updated packages.
----- stdout -----
WARNING: Running pip as the 'root' user can result in broken permissions and conflicting behaviour with the system package manager, possibly rendering your system unusable. It is recommended to use a virtual environment instead: https://pip.pypa.io/warnings/venv. Use the --root-user-action option if you know what you are doing and want to suppress this warning.

----- stdout -----
Note: you may need to restart the kernel to use updated packages.
----- stdout -----
  error: subprocess-exited-with-error
  
  × Getting requirements to build wheel did not run successfully.
  │ exit code: 1
  ╰─> [3 lines of output]
      error in adasls setup command: 'install_requires' must be a string or iterable of strings containing valid project/version requirement specifiers; Expected comma (within version specifier), semicolon (after version specifier) or end
          tqdm>=0.0numpy>=0.0
              ~~~~~^
      [end of output]
  
  note: This error originates from a subprocess, and is likely not a problem with pip.
ERROR: Failed to build 'git+https://github.com/IssamLaradji/ada_sls.git' when getting requirements to build wheel

----- stdout -----
Note: you may need to restart the kernel to use updated packages.
------------------

---------------------------------------------------------------------------
ModuleNotFoundError                       Traceback (most recent call last)
Cell In[1], line 15
     14 try:
---> 15     import adasls
     16 except ModuleNotFoundError:

ModuleNotFoundError: No module named 'adasls'

During handling of the above exception, another exception occurred:

ModuleNotFoundError                       Traceback (most recent call last)
Cell In[1], line 18
     16 except ModuleNotFoundError:
     17     get_ipython().run_line_magic('pip', 'install -q git+https://github.com/IssamLaradji/ada_sls.git')
---> 18     import adasls
     20 import pandas as pd
     21 import os

ModuleNotFoundError: No module named 'adasls'
