An error occurred while executing the following cell:
------------------
try:
    import probml_utils as pml
except ModuleNotFoundError:
    %pip install -qq git+https://github.com/probml/probml-utils.git
    import probml_utils as pml
------------------

----- stdout -----
ERROR: Could not install packages due to an OSError: [Errno 2] No such file or directory: '/github/home/miniconda3/envs/py310/lib/python3.10/site-packages/contourpy-1.3.2.dist-info/METADATA'


----- stdout -----
Note: you may need to restart the kernel to use updated packages.
------------------

---------------------------------------------------------------------------
ModuleNotFoundError                       Traceback (most recent call last)
Cell In[1], line 2
      1 try:
----> 2     import probml_utils as pml
      3 except ModuleNotFoundError:

ModuleNotFoundError: No module named 'probml_utils'

During handling of the above exception, another exception occurred:

ModuleNotFoundError                       Traceback (most recent call last)
Cell In[1], line 5
      3 except ModuleNotFoundError:
      4     get_ipython().run_line_magic('pip', 'install -qq git+https://github.com/probml/probml-utils.git')
----> 5     import probml_utils as pml

ModuleNotFoundError: No module named 'probml_utils'
