An error occurred while executing the following cell:
------------------
# Display result in separate figures and save

for sample_key in samples_set.keys():
    samples = samples_set[sample_key]
    data = data_set["_".join(sample_key.split("_")[-2:])]
    final = samples[-1]
    print(jnp.unique(final, return_counts=True))
    # Plot the final cluster
    fig, ax = plt.subplots()
    title = "DP" if sample_key.split("_")[0] == "dp" else "K=" + sample_key.split("_")[1]
    ax.set_title(title, fontsize=16)
    ax.set_xticks([])
    ax.set_yticks([])
    ax.scatter(data[:, 0], data[:, 1], c="k", s=3)
    final_clusters = samples[-1, :]
    for cluster_index in jnp.unique(final_clusters):
        subset = data[final_clusters == cluster_index, :]
        if subset.shape[0] == 1:
            continue
        mu = jnp.mean(subset, axis=0)
        ax.scatter(mu[0], mu[1], c="r", s=15)
        Sigma = np.cov(subset, rowvar=False)
        plot_ellipse(Sigma, mu, ax, n_std=1.0, facecolor="none", edgecolor="dimgrey")
        fname = "dp_mixgauss_cluster_" + sample_key + "_scatter"
        pml.savefig(fname)

    # Histogram of the frequences of number of clusters
    # returned by the Gibbs sampler
    fig, ax = plt.subplots()
    ax.set_title(title, fontsize=16)
    ax.xaxis.set_major_locator(MaxNLocator(integer=True))
    n_clusters = jnp.array([len(jnp.unique(s)) for s in samples])
    ax.hist(n_clusters, range=(1, 9), bins=8, density=True, color="dimgrey")
    ax.tick_params(axis="x", labelsize=14)
    ax.tick_params(axis="y", labelsize=14)
    fname = "dp_mixgauss_cluster_" + sample_key + "_histogram"
    pml.savefig(fname)
------------------

----- stdout -----
(Array([0, 1], dtype=int32), Array([228,  72], dtype=int32))
saving image to dp-figures/dp_mixgauss_cluster_gmm_2_data_0p01_scatter_latexified.pdf
Figure size: [6.4 4.8]
------------------

---------------------------------------------------------------------------
ValueError                                Traceback (most recent call last)
File ~/miniconda3/envs/py310/lib/python3.10/site-packages/IPython/core/formatters.py:402, in BaseFormatter.__call__(self, obj)
    400     pass
    401 else:
--> 402     return printer(obj)
    403 # Finally look for special method names
    404 method = get_real_method(obj, self.print_method)

File ~/miniconda3/envs/py310/lib/python3.10/site-packages/IPython/core/pylabtools.py:170, in print_figure(fig, fmt, bbox_inches, base64, **kwargs)
    167     from matplotlib.backend_bases import FigureCanvasBase
    168     FigureCanvasBase(fig)
--> 170 fig.canvas.print_figure(bytes_io, **kw)
    171 data = bytes_io.getvalue()
    172 if fmt == 'svg':

File ~/miniconda3/envs/py310/lib/python3.10/site-packages/matplotlib/backend_bases.py:2193, in FigureCanvasBase.print_figure(self, filename, dpi, facecolor, edgecolor, orientation, format, bbox_inches, pad_inches, bbox_extra_artists, backend, **kwargs)
   2189 try:
   2190     # _get_renderer may change the figure dpi (as vector formats
   2191     # force the figure dpi to 72), so we need to set it again here.
   2192     with cbook._setattr_cm(self.figure, dpi=dpi):
-> 2193         result = print_method(
   2194             filename,
   2195             facecolor=facecolor,
   2196             edgecolor=edgecolor,
   2197             orientation=orientation,
   2198             bbox_inches_restore=_bbox_inches_restore,
   2199             **kwargs)
   2200 finally:
   2201     if bbox_inches and restore_bbox:

File ~/miniconda3/envs/py310/lib/python3.10/site-packages/matplotlib/backend_bases.py:2043, in FigureCanvasBase._switch_canvas_and_return_print_method.<locals>.<lambda>(*args, **kwargs)
   2039     optional_kws = {  # Passed by print_figure for other renderers.
   2040         "dpi", "facecolor", "edgecolor", "orientation",
   2041         "bbox_inches_restore"}
   2042     skip = optional_kws - {*inspect.signature(meth).parameters}
-> 2043     print_method = functools.wraps(meth)(lambda *args, **kwargs: meth(
   2044         *args, **{k: v for k, v in kwargs.items() if k not in skip}))
   2045 else:  # Let third-parties do as they see fit.
   2046     print_method = meth

File ~/miniconda3/envs/py310/lib/python3.10/site-packages/matplotlib/backends/backend_agg.py:497, in FigureCanvasAgg.print_png(self, filename_or_obj, metadata, pil_kwargs)
    450 def print_png(self, filename_or_obj, *, metadata=None, pil_kwargs=None):
    451     """
    452     Write the figure to a PNG file.
    453 
   (...)
    495         *metadata*, including the default 'Software' key.
    496     """
--> 497     self._print_pil(filename_or_obj, "png", pil_kwargs, metadata)

File ~/miniconda3/envs/py310/lib/python3.10/site-packages/matplotlib/backends/backend_agg.py:445, in FigureCanvasAgg._print_pil(self, filename_or_obj, fmt, pil_kwargs, metadata)
    440 def _print_pil(self, filename_or_obj, fmt, pil_kwargs, metadata=None):
    441     """
    442     Draw the canvas, then save it using `.image.imsave` (to which
    443     *pil_kwargs* and *metadata* are forwarded).
    444     """
--> 445     FigureCanvasAgg.draw(self)
    446     mpl.image.imsave(
    447         filename_or_obj, self.buffer_rgba(), format=fmt, origin="upper",
    448         dpi=self.figure.dpi, metadata=metadata, pil_kwargs=pil_kwargs)

File ~/miniconda3/envs/py310/lib/python3.10/site-packages/matplotlib/backends/backend_agg.py:388, in FigureCanvasAgg.draw(self)
    385 # Acquire a lock on the shared font cache.
    386 with (self.toolbar._wait_cursor_for_draw_cm() if self.toolbar
    387       else nullcontext()):
--> 388     self.figure.draw(self.renderer)
    389     # A GUI class may be need to update a window using this draw, so
    390     # don't forget to call the superclass.
    391     super().draw()

File ~/miniconda3/envs/py310/lib/python3.10/site-packages/matplotlib/artist.py:95, in _finalize_rasterization.<locals>.draw_wrapper(artist, renderer, *args, **kwargs)
     93 @wraps(draw)
     94 def draw_wrapper(artist, renderer, *args, **kwargs):
---> 95     result = draw(artist, renderer, *args, **kwargs)
     96     if renderer._rasterizing:
     97         renderer.stop_rasterizing()

File ~/miniconda3/envs/py310/lib/python3.10/site-packages/matplotlib/artist.py:72, in allow_rasterization.<locals>.draw_wrapper(artist, renderer)
     69     if artist.get_agg_filter() is not None:
     70         renderer.start_filter()
---> 72     return draw(artist, renderer)
     73 finally:
     74     if artist.get_agg_filter() is not None:

File ~/miniconda3/envs/py310/lib/python3.10/site-packages/matplotlib/figure.py:3153, in Figure.draw(self, renderer)
   3150         pass
   3151         # ValueError can occur when resizing a window.
-> 3153 self.patch.draw(renderer)
   3154 mimage._draw_list_compositing_images(
   3155     renderer, self, artists, self.suppressComposite)
   3157 for sfig in self.subfigs:

File ~/miniconda3/envs/py310/lib/python3.10/site-packages/matplotlib/artist.py:72, in allow_rasterization.<locals>.draw_wrapper(artist, renderer)
     69     if artist.get_agg_filter() is not None:
     70         renderer.start_filter()
---> 72     return draw(artist, renderer)
     73 finally:
     74     if artist.get_agg_filter() is not None:

File ~/miniconda3/envs/py310/lib/python3.10/site-packages/matplotlib/patches.py:588, in Patch.draw(self, renderer)
    586 tpath = transform.transform_path_non_affine(path)
    587 affine = transform.get_affine()
--> 588 self._draw_paths_with_artist_properties(
    589     renderer,
    590     [(tpath, affine,
    591       # Work around a bug in the PDF and SVG renderers, which
    592       # do not draw the hatches if the facecolor is fully
    593       # transparent, but do if it is None.
    594       self._facecolor if self._facecolor[3] else None)])

File ~/miniconda3/envs/py310/lib/python3.10/site-packages/matplotlib/patches.py:573, in Patch._draw_paths_with_artist_properties(self, renderer, draw_path_args_list)
    570     renderer = PathEffectRenderer(self.get_path_effects(), renderer)
    572 for draw_path_args in draw_path_args_list:
--> 573     renderer.draw_path(gc, *draw_path_args)
    575 gc.restore()
    576 renderer.close_group('patch')

File ~/miniconda3/envs/py310/lib/python3.10/site-packages/matplotlib/backends/backend_agg.py:132, in RendererAgg.draw_path(self, gc, path, transform, rgbFace)
    130 else:
    131     try:
--> 132         self._renderer.draw_path(gc, path, transform, rgbFace)
    133     except OverflowError:
    134         cant_chunk = ''

ValueError: object __array__ method not producing an array
