An error occurred while executing the following cell:
------------------
# Illustrate parity check code using a directed graphical model
# Authors: alokpriyadarshii@, alokpriyadarshii
# Based on
# https://github.com/probml/pmtk3/blob/master/demos/errorCorrectingCodeDemo.m


try:
    import probml_utils as pml
except ModuleNotFoundError:
    %pip install -qq git+https://github.com/probml/probml-utils.git
    import probml_utils as pml

import probml_utils.pgmpy_utils as pgm

try:
    from pgmpy.models import BayesianModel
except ModuleNotFoundError:
    %pip install -qq pgmpy
    from pgmpy.models import BayesianModel

from pgmpy.factors.discrete import TabularCPD
import numpy as np
import matplotlib.pyplot as plt
------------------


---------------------------------------------------------------------------
ImportError                               Traceback (most recent call last)
Cell In[1], line 16
     13 import probml_utils.pgmpy_utils as pgm
     15 try:
---> 16     from pgmpy.models import BayesianModel
     17 except ModuleNotFoundError:
     18     get_ipython().run_line_magic('pip', 'install -qq pgmpy')

ImportError: cannot import name 'BayesianModel' from 'pgmpy.models' (/github/home/miniconda3/envs/py310/lib/python3.10/site-packages/pgmpy/models/__init__.py)
