An error occurred while executing the following cell:
------------------
import jax.numpy as jnp
import jax
import matplotlib.pyplot as plt

try:
    import distrax
except:
    %pip install -qq distrax
    import distrax
try:
    import optax
except:
    %pip install -qq optax
    import optax
try:
    import seaborn as sns
except:
    %pip install -qq seaborn
    import seaborn as sns
try:
    from probml_utils import savefig, latexify, is_latexify_enabled
except ModuleNotFoundError:
    print("installing probml_utils")
    %pip install -qq git+https://github.com/probml/probml-utils.git
    from probml_utils import savefig, latexify, is_latexify_enabled

from jax.config import config

config.update("jax_enable_x64", True)
------------------

----- stdout -----
ERROR: pip's dependency resolver does not currently take into account all the packages that are installed. This behaviour is the source of the following dependency conflicts.
optax 0.2.8 requires jax>=0.5.3, but you have jax 0.4.30 which is incompatible.
optax 0.2.8 requires jaxlib>=0.5.3, but you have jaxlib 0.4.30 which is incompatible.
orbax-checkpoint 0.11.39 requires jax>=0.6.0, but you have jax 0.4.30 which is incompatible.
tensorflow-cpu 2.21.0 requires numpy>=1.26.0, but you have numpy 1.22.4 which is incompatible.
treescope 0.1.10 requires numpy>=1.25.2, but you have numpy 1.22.4 which is incompatible.

----- stdout -----
Note: you may need to restart the kernel to use updated packages.
------------------

---------------------------------------------------------------------------
AttributeError                            Traceback (most recent call last)
Cell In[1], line 6
      5 try:
----> 6     import distrax
      7 except:

File ~/miniconda3/envs/py310/lib/python3.10/site-packages/distrax/__init__.py:20
     19 from distrax._src.bijectors.bijector import BijectorLike
---> 20 from distrax._src.bijectors.block import Block
     21 from distrax._src.bijectors.chain import Chain

File ~/miniconda3/envs/py310/lib/python3.10/site-packages/distrax/_src/bijectors/block.py:20
     19 from distrax._src.bijectors import bijector as base
---> 20 from distrax._src.utils import conversion
     21 from distrax._src.utils import math

File ~/miniconda3/envs/py310/lib/python3.10/site-packages/distrax/_src/utils/conversion.py:19
     17 from typing import Optional, Union
---> 19 import chex
     20 from distrax._src.bijectors import bijector

File ~/miniconda3/envs/py310/lib/python3.10/site-packages/chex/__init__.py:17
     15 """Chex: Testing made fun, in JAX!"""
---> 17 from chex._src.asserts import assert_axis_dimension
     18 from chex._src.asserts import assert_axis_dimension_comparator

File ~/miniconda3/envs/py310/lib/python3.10/site-packages/chex/_src/asserts.py:26
     24 from unittest import mock
---> 26 from chex._src import asserts_internal as _ai
     27 from chex._src import pytypes

File ~/miniconda3/envs/py310/lib/python3.10/site-packages/chex/_src/asserts_internal.py:34
     33 from absl import logging
---> 34 from chex._src import pytypes
     35 import jax

File ~/miniconda3/envs/py310/lib/python3.10/site-packages/chex/_src/pytypes.py:53
     52 Numeric = Union[Array, Scalar]
---> 53 Shape = jax.core.Shape
     54 PRNGKey = jax.random.KeyArray

File ~/miniconda3/envs/py310/lib/python3.10/site-packages/jax/_src/deprecations.py:52, in deprecation_getattr.<locals>.getattr(name)
     51 if fn is None:  # Is the deprecation accelerated?
---> 52   raise AttributeError(message)
     53 warnings.warn(message, DeprecationWarning, stacklevel=2)

AttributeError: jax.core.Shape is deprecated. Use Shape = Sequence[int | Any].

During handling of the above exception, another exception occurred:

AttributeError                            Traceback (most recent call last)
Cell In[1], line 9
      7 except:
      8     get_ipython().run_line_magic('pip', 'install -qq distrax')
----> 9     import distrax
     10 try:
     11     import optax

File ~/miniconda3/envs/py310/lib/python3.10/site-packages/distrax/__init__.py:20
     18 from distrax._src.bijectors.bijector import Bijector
     19 from distrax._src.bijectors.bijector import BijectorLike
---> 20 from distrax._src.bijectors.block import Block
     21 from distrax._src.bijectors.chain import Chain
     22 from distrax._src.bijectors.diag_linear import DiagLinear

File ~/miniconda3/envs/py310/lib/python3.10/site-packages/distrax/_src/bijectors/block.py:20
     17 from typing import Tuple
     19 from distrax._src.bijectors import bijector as base
---> 20 from distrax._src.utils import conversion
     21 from distrax._src.utils import math
     23 Array = base.Array

File ~/miniconda3/envs/py310/lib/python3.10/site-packages/distrax/_src/utils/conversion.py:19
     15 """Utility functions for conversion between different types."""
     17 from typing import Optional, Union
---> 19 import chex
     20 from distrax._src.bijectors import bijector
     21 from distrax._src.bijectors import bijector_from_tfp

File ~/miniconda3/envs/py310/lib/python3.10/site-packages/chex/__init__.py:17
      1 # Copyright 2020 DeepMind Technologies Limited. All Rights Reserved.
      2 #
      3 # Licensed under the Apache License, Version 2.0 (the "License");
   (...)
     13 # limitations under the License.
     14 # ==============================================================================
     15 """Chex: Testing made fun, in JAX!"""
---> 17 from chex._src.asserts import assert_axis_dimension
     18 from chex._src.asserts import assert_axis_dimension_comparator
     19 from chex._src.asserts import assert_axis_dimension_gt

File ~/miniconda3/envs/py310/lib/python3.10/site-packages/chex/_src/asserts.py:26
     23 import unittest
     24 from unittest import mock
---> 26 from chex._src import asserts_internal as _ai
     27 from chex._src import pytypes
     28 import jax

File ~/miniconda3/envs/py310/lib/python3.10/site-packages/chex/_src/asserts_internal.py:34
     31 from typing import Any, Sequence, Union, Callable, List, Optional, Set, Tuple, Type
     33 from absl import logging
---> 34 from chex._src import pytypes
     35 import jax
     36 from jax.experimental import checkify

File ~/miniconda3/envs/py310/lib/python3.10/site-packages/chex/_src/pytypes.py:53
     51 Scalar = Union[float, int]
     52 Numeric = Union[Array, Scalar]
---> 53 Shape = jax.core.Shape
     54 PRNGKey = jax.random.KeyArray
     55 PyTreeDef = jax.tree_util.PyTreeDef

File ~/miniconda3/envs/py310/lib/python3.10/site-packages/jax/_src/deprecations.py:52, in deprecation_getattr.<locals>.getattr(name)
     50 message, fn = deprecations[name]
     51 if fn is None:  # Is the deprecation accelerated?
---> 52   raise AttributeError(message)
     53 warnings.warn(message, DeprecationWarning, stacklevel=2)
     54 return fn

AttributeError: jax.core.Shape is deprecated. Use Shape = Sequence[int | Any].
