An error occurred while executing the following cell:
------------------
# Illustrate Explaining Away  (Berskson's Paraodx) for a gaussian DAG
# Based on https://ff13.fastforwardlabs.com/

import numpy as np
from numpy.random import randn
import matplotlib.pyplot as plt

try:
    import probml_utils as pml
except ModuleNotFoundError:
    %pip install -qq git+https://github.com/probml/probml-utils.git
    import probml_utils as pml
import seaborn as sns

np.random.seed(0)


def x():
    return -5 + randn()


def y():
    return 5 + randn()


def z(x, y):
    return x + y + randn()


def sample():
    x_ = x()
    y_ = y()
    z_ = z(x_, y_)
    return x_, y_, z_


np.random.seed(0)

nsamples = 8000
xs = -5 + randn(nsamples)
ys = 5 + randn(nsamples)
zs = xs + ys + randn(nsamples)


num_bins = 20
plt.figure(figsize=(6, 6))
_ = plt.hist(xs, num_bins, facecolor="#7FDAD9", label="x")
_ = plt.hist(ys, num_bins, facecolor="#B5C5E2", label="y")
_ = plt.hist(zs, 2 * num_bins, facecolor="#FAC9AC", alpha=0.8, label="z")
plt.ylabel("number of samples", fontsize=14)
plt.xlabel("value", fontsize=14)
plt.legend()
pml.savefig("berksons-hist.pdf", dpi=300)
plt.show()

plt.figure(figsize=(6, 6))
plt.scatter(xs, ys, color="#00B6B5", alpha=0.1)
plt.ylabel("y", fontsize=14)
plt.xlabel("x", fontsize=14)
plt.xlim([-10, 0])
plt.ylim([0, 10])
pml.savefig("berksons-scatter.pdf", dpi=300)
plt.show()

indices = np.argwhere(zs > 2.5)
num_bins = 20
plt.figure(figsize=(6, 6))
_ = plt.hist(xs[indices], num_bins, facecolor="#7FDAD9", label="x")
_ = plt.hist(ys[indices], num_bins, facecolor="#B5C5E2", label="y")
_ = plt.hist(zs[indices], 2 * num_bins, facecolor="#FAC9AC", alpha=0.8, label="z")
plt.ylabel("number of samples", fontsize=14)
plt.xlabel("value", fontsize=14)
# plt.ylim([0, 300])
plt.legend()
pml.savefig("berksons-conditioned-hist.pdf", dpi=300)
plt.show()

plt.figure(figsize=(6, 6))
sns.regplot(x=xs[indices], y=ys[indices], ci=None, color="tab:orange", scatter_kws={"alpha": 0.1, "color": "#00B6B5"})
plt.ylabel("y", fontsize=14)
plt.xlabel("x", fontsize=14)
plt.xlim([-10, 0])
plt.ylim([0, 10])
pml.savefig("berksons-conditioned-scatter.pdf", dpi=300)
plt.show()
------------------


---------------------------------------------------------------------------
TypeError                                 Traceback (most recent call last)
Cell In[1], line 13
     11     get_ipython().run_line_magic('pip', 'install -qq git+https://github.com/probml/probml-utils.git')
     12     import probml_utils as pml
---> 13 import seaborn as sns
     15 np.random.seed(0)
     18 def x():

File ~/miniconda3/envs/py310/lib/python3.10/site-packages/seaborn/__init__.py:5
      3 from .utils import *  # noqa: F401,F403
      4 from .palettes import *  # noqa: F401,F403
----> 5 from .relational import *  # noqa: F401,F403
      6 from .regression import *  # noqa: F401,F403
      7 from .categorical import *  # noqa: F401,F403

File ~/miniconda3/envs/py310/lib/python3.10/site-packages/seaborn/relational.py:21
     13 from .utils import (
     14     adjust_legend_subtitles,
     15     _default_color,
   (...)
     18     _scatter_legend_artist,
     19 )
     20 from ._compat import groupby_apply_include_groups
---> 21 from ._statistics import EstimateAggregator, WeightedAggregator
     22 from .axisgrid import FacetGrid, _facet_docs
     23 from ._docstrings import DocstringComponents, _core_docs

File ~/miniconda3/envs/py310/lib/python3.10/site-packages/seaborn/_statistics.py:32
     30 import pandas as pd
     31 try:
---> 32     from scipy.stats import gaussian_kde
     33     _no_scipy = False
     34 except ImportError:

File ~/miniconda3/envs/py310/lib/python3.10/site-packages/scipy/stats/__init__.py:606
      1 """
      2 .. _statsrefmanual:
      3 
   (...)
    601 
    602 """  # noqa: E501
    604 from ._warnings_errors import (ConstantInputWarning, NearConstantInputWarning,
    605                                DegenerateDataWarning, FitError)
--> 606 from ._stats_py import *
    607 from ._variation import variation
    608 from .distributions import *

File ~/miniconda3/envs/py310/lib/python3.10/site-packages/scipy/stats/_stats_py.py:49
     47 import scipy.special as special
     48 from scipy import linalg
---> 49 from . import distributions
     50 from . import _mstats_basic as mstats_basic
     51 from ._stats_mstats_common import (_find_repeats, linregress, theilslopes,
     52                                    siegelslopes)

File ~/miniconda3/envs/py310/lib/python3.10/site-packages/scipy/stats/distributions.py:11
      8 from ._distn_infrastructure import (rv_discrete, rv_continuous, rv_frozen)  # noqa: F401
     10 from . import _continuous_distns
---> 11 from . import _discrete_distns
     13 from ._continuous_distns import *  # noqa: F403
     14 from ._levy_stable import levy_stable

File ~/miniconda3/envs/py310/lib/python3.10/site-packages/scipy/stats/_discrete_distns.py:10
      8 from scipy.special import entr, logsumexp, betaln, gammaln as gamln, zeta
      9 from scipy._lib._util import _lazywhere, rng_integers
---> 10 from scipy.interpolate import interp1d
     12 from numpy import floor, ceil, log, exp, sqrt, log1p, expm1, tanh, cosh, sinh
     14 import numpy as np

File ~/miniconda3/envs/py310/lib/python3.10/site-packages/scipy/interpolate/__init__.py:167
      1 """
      2 ========================================
      3 Interpolation (:mod:`scipy.interpolate`)
   (...)
    165 (should not be used in new code).
    166 """
--> 167 from ._interpolate import *
    168 from ._fitpack_py import *
    170 # New interface to fitpack library:

File ~/miniconda3/envs/py310/lib/python3.10/site-packages/scipy/interpolate/_interpolate.py:14
     11 from scipy._lib._util import copy_if_needed
     12 from scipy.special import comb
---> 14 from . import _fitpack_py
     15 from . import dfitpack
     16 from ._polyint import _Interpolator1D

File ~/miniconda3/envs/py310/lib/python3.10/site-packages/scipy/interpolate/_fitpack_py.py:8
      5 import numpy as np
      7 # These are in the API for fitpack even if not used in fitpack.py itself.
----> 8 from ._fitpack_impl import bisplrep, bisplev, dblint  # noqa: F401
      9 from . import _fitpack_impl as _impl
     10 from ._bsplines import BSpline

File ~/miniconda3/envs/py310/lib/python3.10/site-packages/scipy/interpolate/_fitpack_impl.py:103
     52 _iermess = {
     53     0: ["The spline has a residual sum of squares fp such that "
     54         "abs(fp-s)/s<=0.001", None],
   (...)
     68     'unknown': ["An error occurred", TypeError]
     69 }
     71 _iermess2 = {
     72     0: ["The spline has a residual sum of squares fp such that "
     73         "abs(fp-s)/s<=0.001", None],
   (...)
     99     'unknown': ["An error occurred", TypeError]
    100 }
    102 _parcur_cache = {'t': array([], float), 'wrk': array([], float),
--> 103                  'iwrk': array([], dfitpack_int), 'u': array([], float),
    104                  'ub': 0, 'ue': 1}
    107 def splprep(x, w=None, u=None, ub=None, ue=None, k=3, task=0, s=None, t=None,
    108             full_output=0, nest=None, per=0, quiet=1):
    109     # see the docstring of `_fitpack_py/splprep`
    110     if task <= 0:

TypeError: 
