An error occurred while executing the following cell:
------------------
# In practice you can use many more than 100 hidden units, up to 1000-2000.
#  A small number is chosen here so that training is fast.
N_vis, N_hid = mnist_train_imgs.shape[-1], 100
key = random.PRNGKey(111)
key, subkey = random.split(key)
init_params = initialise_params(N_vis, N_hid, subkey)

optimizer = optax.sgd(learning_rate=0.05, momentum=0.9)
eval_samples = (mnist_train_imgs[:1000], mnist_test_imgs[:1000])

params, metric_list, param_list = train_RBM(init_params, mnist_train_imgs, optimizer, key, eval_samples)
------------------


---------------------------------------------------------------------------
AttributeError                            Traceback (most recent call last)
Cell In[9], line 11
      8 optimizer = optax.sgd(learning_rate=0.05, momentum=0.9)
      9 eval_samples = (mnist_train_imgs[:1000], mnist_test_imgs[:1000])
---> 11 params, metric_list, param_list = train_RBM(init_params, mnist_train_imgs, optimizer, key, eval_samples)

Cell In[8], line 24, in train_RBM(params, train_data, optimizer, key, eval_samples, n_epochs, batch_size)
     22 batch = mnist_train_imgs[perm, ...]
     23 key, subkey = random.split(key)
---> 24 params, opt_state = batch_step(params, opt_state, batch, subkey)
     25 if n % 200 == 0:
     26     key, eval_key = random.split(key)

    [... skipping hidden 14 frame]

Cell In[8], line 6, in train_RBM.<locals>.batch_step(params, opt_state, batch, key)
      4 @jit
      5 def batch_step(params, opt_state, batch, key):
----> 6     grads = jax.tree_map(lambda x: x.mean(0), CD1(batch, params, key))
      7     updates, opt_state = optimizer.update(grads, opt_state, params)
      8     params = jax.tree_map(lambda p, u: p - u, params, updates)

File ~/miniconda3/envs/py310/lib/python3.10/site-packages/jax/_src/deprecations.py:54, in deprecation_getattr.<locals>.getattr(name)
     52 message, fn = deprecations[name]
     53 if fn is None:  # Is the deprecation accelerated?
---> 54   raise AttributeError(message)
     55 warnings.warn(message, DeprecationWarning, stacklevel=2)
     56 return fn

AttributeError: jax.tree_map was removed in JAX v0.6.0: use jax.tree.map (jax v0.4.25 or newer) or jax.tree_util.tree_map (any JAX version).
