An error occurred while executing the following cell:
------------------
# Author: Meduri Venkata Shivaditya
"""
Figure 11.16 and 11.17 in the book "Probabilistic Machine Learning: An Introduction by alokpriyadarshii"
Dependencies: spams(pip install -qq spams), group-lasso(pip install -qq group-lasso)
Illustration of group lasso:
To show the effectiveness of group lasso, in this code we demonstrate:
a)Actual Data b)Vanilla Lasso c)Group lasso(L2 norm) d)Group Lasso(L infinity norm)
on signal which is piecewise gaussian and on signal which is piecewise constant
we apply the regression methods to the linear model - y = XW + ε and estimate and plot W
(X)Data: 1024(rows) x 4096(dimensions)
(W)Coefficients : 4096(dimensions)x1(coefficient for the corresponding row)
(ε)Noise(simulated via  N(0,1e-4)): 4096(dimensions) x 1(Noise for the corresponding row)
(y)Target Variable: 1024(rows) x 1(dimension) 

##### Debiasing step #####

Lasso Regression estimator is prone to biasing
Large coefficients are shrunk towards zero
This is why lasso stands for “least absolute selection and shrinkage operator”
A simple solution to the biased estimate problem, known as debiasing, is to use a two-stage
estimation process: we first estimate the support of the weight vector (i.e., identify which elements
are non-zero) using lasso; we then re-estimate the chosen coefficients using least squares.

Sec. 11.5.3. in the book "Probabilistic Machine Learning: An Introduction by alokpriyadarshii"
for more information

"""
import numpy as np
import matplotlib.pyplot as plt
import math
import scipy.linalg

try:
    from group_lasso import GroupLasso
except ModuleNotFoundError:
    %pip install -qq group_lasso
    from group_lasso import GroupLasso
try:
    from sklearn import linear_model
except ModuleNotFoundError:
    %pip install -qq scikit-learn
    from sklearn import linear_model
from sklearn.metrics import mean_squared_error

try:
    import spams
except ModuleNotFoundError:
    %pip install -qq spams
    import spams
from scipy.linalg import lstsq
import warnings

warnings.simplefilter(action="ignore", category=FutureWarning)

np.random.seed(0)


def generate_data(signal_type):
    """
    Generate X, Y and ε for the linear model y = XW + ε
    """
    dim = 2**12
    rows = 2**10
    n_active = 8
    n_groups = 64
    size_groups = dim / n_groups
    # Selecting 8 groups randomly
    rand_perm = np.random.permutation(n_groups)
    actives = rand_perm[:n_active]
    groups = np.ceil(np.transpose(np.arange(dim) + 1) / size_groups)  # Group number for each column
    # Generating W actual
    W = np.zeros((dim, 1))
    if signal_type == "piecewise_gaussian":
        for i in range(n_active):
            W[groups == actives[i]] = np.random.randn(len(W[groups == actives[i]]), 1)
    elif signal_type == "piecewise_constant":
        for i in range(n_active):
            W[groups == actives[i]] = np.ones((len(W[groups == actives[i]]), 1))
    X = np.random.randn(rows, dim)
    sigma = 0.02
    Y = np.dot(X, W) + sigma * np.random.randn(rows, 1)  # y = XW + ε
    return X, Y, W, groups


def groupLasso_demo(signal_type, fig_start):
    X, Y, W_actual, groups = generate_data(signal_type)
    # Plotting the actual W
    plt.figure(0 + fig_start)
    plt.plot(W_actual)
    plt.title("Original (D = 4096, number groups = 64, active groups = 8)")
    plt.savefig("W_actual_{}.png".format(signal_type), dpi=300)
    ##### Applying Lasso Regression #####
    # L1 norm is the sum of absolute values of coefficients
    lasso_reg = linear_model.Lasso(alpha=0.5)
    lasso_reg.fit(X, Y)
    W_lasso_reg = lasso_reg.coef_
    ##### Debiasing step #####
    ba = np.argwhere(W_lasso_reg != 0)  # Finding where the coefficients are not zero
    X_debiased = X[:, ba]
    W_lasso_reg_debiased = np.linalg.lstsq(
        X_debiased[:, :, 0], Y
    )  # Re-estimate the chosen coefficients using least squares
    W_lasso_reg_debiased_2 = np.zeros((4096))
    W_lasso_reg_debiased_2[ba] = W_lasso_reg_debiased[0]
    lasso_reg_mse = mean_squared_error(W_actual, W_lasso_reg_debiased_2)
    plt.figure(1 + fig_start)
    plt.plot(W_lasso_reg_debiased_2)
    plt.title("Standard L1 (debiased 1, regularization param(L1 = 0.5), MSE = {:.4f})".format(lasso_reg_mse))
    plt.savefig("W_lasso_reg_{}.png".format(signal_type), dpi=300)
    ##### Applying Group Lasso L2 regression #####
    # L2 norm is the square root of sum of squares of coefficients
    # PNLL(W) = NLL(W) + regularization_parameter * Σ(groups)L2-norm
    group_lassoL2_reg = GroupLasso(
        groups=groups,
        group_reg=3,
        l1_reg=1,
        frobenius_lipschitz=True,
        scale_reg="inverse_group_size",
        subsampling_scheme=1,
        supress_warning=True,
        n_iter=1000,
        tol=1e-3,
    )
    group_lassoL2_reg.fit(X, Y)
    W_groupLassoL2_reg = group_lassoL2_reg.coef_
    ##### Debiasing step #####
    ba = np.argwhere(W_groupLassoL2_reg != 0)  # Finding where the coefficients are not zero
    X_debiased = X[:, ba]
    W_group_lassoL2_reg_debiased = np.linalg.lstsq(
        X_debiased[:, :, 0], Y
    )  # Re-estimate the chosen coefficients using least squares
    W_group_lassoL2_reg_debiased_2 = np.zeros((4096))
    W_group_lassoL2_reg_debiased_2[ba] = W_group_lassoL2_reg_debiased[0]
    groupLassoL2_mse = mean_squared_error(W_actual, W_group_lassoL2_reg_debiased_2)
    plt.figure(2 + fig_start)
    plt.plot(W_group_lassoL2_reg_debiased_2)
    plt.title("Block-L2 (debiased 1, regularization param(L2 = 3, L1=1), MSE = {:.4f})".format(groupLassoL2_mse))
    plt.savefig("W_groupLassoL2_reg_{}.png".format(signal_type), dpi=300)
    ##### Applying Group Lasso Linf regression #####
    # To use spams library, it is necessary to convert data to fortran normalized arrays
    # visit http://spams-devel.gforge.inria.fr/ for the documentation of spams library
    # Linf is the supremum of all the coeifficients
    # PNLL(W) = NLL(W) + regularization_parameter * Σ(groups)Linf-norm
    X_normalized = np.asfortranarray(X - np.tile(np.mean(X, 0), (X.shape[0], 1)), dtype=float)
    X_normalized = spams.normalize(X_normalized)
    Y_normalized = np.asfortranarray(Y - np.tile(np.mean(Y, 0), (Y.shape[0], 1)), dtype=float)
    Y_normalized = spams.normalize(Y_normalized)
    groups_modified = np.concatenate([[i] for i in groups]).reshape(-1, 1)
    W_initial = np.zeros((X_normalized.shape[1], Y_normalized.shape[1]), dtype=float, order="F")
    param = {
        "numThreads": -1,
        "verbose": True,
        "lambda2": 3,
        "lambda1": 1,
        "max_it": 500,
        "L0": 0.1,
        "tol": 1e-2,
        "intercept": False,
        "pos": False,
        "loss": "square",
    }
    param["regul"] = "group-lasso-linf"
    param2 = param.copy()
    param["size_group"] = 64
    param2["groups"] = groups_modified
    (W_groupLassoLinf_reg, optim_info) = spams.fistaFlat(Y_normalized, X_normalized, W_initial, True, **param)
    ##### Debiasing step #####
    ba = np.argwhere(W_groupLassoLinf_reg != 0)  # Finding where the coefficients are not zero
    X_debiased = X[:, ba[:, 0]]
    W_groupLassoLinf_reg_debiased = np.linalg.lstsq(
        X_debiased, Y
    )  # Re-estimate the chosen coefficients using least squares
    W_group_lassoLinf_reg_debiased_2 = np.zeros((4096))
    W_group_lassoLinf_reg_debiased_2[ba] = W_groupLassoLinf_reg_debiased[0]
    groupLassoLinf_mse = mean_squared_error(W_actual, W_group_lassoLinf_reg_debiased_2)
    plt.figure(3 + fig_start)
    axes = plt.gca()
    plt.plot(W_group_lassoLinf_reg_debiased_2)
    plt.title("Block-Linf (debiased 1, regularization param(L2 = 3, L1=1), MSE = {:.4f})".format(groupLassoLinf_mse))
    plt.savefig("W_groupLassoLinf_reg_{}.png".format(signal_type), dpi=300)
    plt.show()


def main():
    groupLasso_demo("piecewise_gaussian", fig_start=0)
    groupLasso_demo("piecewise_constant", fig_start=4)


if __name__ == "__main__":
    main()
------------------

----- stdout -----
ERROR: pip's dependency resolver does not currently take into account all the packages that are installed. This behaviour is the source of the following dependency conflicts.
distrax 0.1.3 requires numpy<1.23,>=1.18.0, but you have numpy 2.2.6 which is incompatible.
pymc3 3.11.6 requires numpy<1.22.2,>=1.15.0, but you have numpy 2.2.6 which is incompatible.
pymc3 3.11.6 requires scipy<1.8.0,>=1.7.3, but you have scipy 1.15.3 which is incompatible.

----- stdout -----
Note: you may need to restart the kernel to use updated packages.
------------------

---------------------------------------------------------------------------
ModuleNotFoundError                       Traceback (most recent call last)
Cell In[1], line 34
     33 try:
---> 34     from group_lasso import GroupLasso
     35 except ModuleNotFoundError:

ModuleNotFoundError: No module named 'group_lasso'

During handling of the above exception, another exception occurred:

TypeError                                 Traceback (most recent call last)
Cell In[1], line 37
     35 except ModuleNotFoundError:
     36     get_ipython().run_line_magic('pip', 'install -qq group_lasso')
---> 37     from group_lasso import GroupLasso
     38 try:
     39     from sklearn import linear_model

File ~/miniconda3/envs/py310/lib/python3.10/site-packages/group_lasso/__init__.py:10
      6 __author__ = "Yngve Mardal Moe"
      7 __email__ = "yngve.m.moe@gmail.com"
---> 10 from group_lasso._group_lasso import (BaseGroupLasso, GroupLasso,
     11                                       LogisticGroupLasso)
     13 MultinomialGroupLasso = LogisticGroupLasso

File ~/miniconda3/envs/py310/lib/python3.10/site-packages/group_lasso/_group_lasso.py:9
      7 import numpy.linalg as la
      8 from scipy import sparse
----> 9 from scipy.special import logsumexp
     10 from sklearn.base import (BaseEstimator, ClassifierMixin, RegressorMixin,
     11                           TransformerMixin)
     12 from sklearn.preprocessing import LabelBinarizer

File ~/miniconda3/envs/py310/lib/python3.10/site-packages/scipy/special/__init__.py:821
    818 from ._ufuncs import *
    820 # Replace some function definitions from _ufuncs to add Array API support
--> 821 from ._support_alternative_backends import (
    822     log_ndtr, ndtr, ndtri, erf, erfc, i0, i0e, i1, i1e, gammaln,
    823     gammainc, gammaincc, logit, expit, entr, rel_entr, xlogy,
    824     chdtr, chdtrc, betainc, betaincc, stdtr)
    826 from . import _basic
    827 from ._basic import *

File ~/miniconda3/envs/py310/lib/python3.10/site-packages/scipy/special/_support_alternative_backends.py:6
      3 import functools
      5 import numpy as np
----> 6 from scipy._lib._array_api import (
      7     array_namespace, scipy_namespace_for, is_numpy
      8 )
      9 from . import _ufuncs
     10 # These don't really need to be imported, but otherwise IDEs might not realize
     11 # that these are defined in this file / report an error in __init__.py

File ~/miniconda3/envs/py310/lib/python3.10/site-packages/scipy/_lib/_array_api.py:15
     12 from typing import Any, Literal, TypeAlias
     14 import numpy as np
---> 15 import numpy.typing as npt
     17 from scipy._lib import array_api_compat
     18 from scipy._lib.array_api_compat import (
     19     is_array_api_obj,
     20     size as xp_size,
   (...)
     27     is_array_api_strict_namespace as is_array_api_strict
     28 )

File ~/miniconda3/envs/py310/lib/python3.10/site-packages/numpy/typing/__init__.py:158
      1 """
      2 ============================
      3 Typing (:mod:`numpy.typing`)
   (...)
    153 
    154 """
    155 # NOTE: The API section will be appended with additional entries
    156 # further down in this file
--> 158 from numpy._typing import (
    159     ArrayLike,
    160     DTypeLike,
    161     NBitBase,
    162     NDArray,
    163 )
    165 __all__ = ["ArrayLike", "DTypeLike", "NBitBase", "NDArray"]
    167 if __doc__ is not None:

File ~/miniconda3/envs/py310/lib/python3.10/site-packages/numpy/_typing/__init__.py:102
     86 from ._scalars import (
     87     _CharLike_co as _CharLike_co,
     88     _BoolLike_co as _BoolLike_co,
   (...)
     96     _VoidLike_co as _VoidLike_co,
     97 )
     98 from ._shape import (
     99     _Shape as _Shape,
    100     _ShapeLike as _ShapeLike,
    101 )
--> 102 from ._dtype_like import (
    103     DTypeLike as DTypeLike,
    104     _DTypeLike as _DTypeLike,
    105     _SupportsDType as _SupportsDType,
    106     _VoidDTypeLike as _VoidDTypeLike,
    107     _DTypeLikeBool as _DTypeLikeBool,
    108     _DTypeLikeUInt as _DTypeLikeUInt,
    109     _DTypeLikeInt as _DTypeLikeInt,
    110     _DTypeLikeFloat as _DTypeLikeFloat,
    111     _DTypeLikeComplex as _DTypeLikeComplex,
    112     _DTypeLikeTD64 as _DTypeLikeTD64,
    113     _DTypeLikeDT64 as _DTypeLikeDT64,
    114     _DTypeLikeObject as _DTypeLikeObject,
    115     _DTypeLikeVoid as _DTypeLikeVoid,
    116     _DTypeLikeStr as _DTypeLikeStr,
    117     _DTypeLikeBytes as _DTypeLikeBytes,
    118     _DTypeLikeComplex_co as _DTypeLikeComplex_co,
    119 )
    120 from ._array_like import (
    121     NDArray as NDArray,
    122     ArrayLike as ArrayLike,
   (...)
    145     _UnknownType as _UnknownType,
    146 )
    148 from ._ufunc import (
    149     _UFunc_Nin1_Nout1 as _UFunc_Nin1_Nout1,
    150     _UFunc_Nin2_Nout1 as _UFunc_Nin2_Nout1,
   (...)
    153     _GUFunc_Nin2_Nout1 as _GUFunc_Nin2_Nout1,
    154 )

File ~/miniconda3/envs/py310/lib/python3.10/site-packages/numpy/_typing/_dtype_like.py:194
    162 _DTypeLikeInt: TypeAlias = (
    163     type[int]
    164     | type[np.signedinteger[Any]]
   (...)
    177     | _IntCodes
    178 )
    179 _DTypeLikeFloat: TypeAlias = (
    180     type[float]
    181     | type[np.floating[Any]]
   (...)
    190     | _LongDoubleCodes
    191 )
    192 _DTypeLikeComplex: TypeAlias = (
    193     type[complex]
--> 194     | type[np.complexfloating[Any]]
    195     | np.dtype[np.complexfloating[Any]]
    196     | _SupportsDType[np.dtype[np.complexfloating[Any]]]
    197     | _Complex64Codes
    198     | _Complex128Codes
    199     | _CSingleCodes
    200     | _CDoubleCodes
    201     | _CLongDoubleCodes
    202 )
    203 _DTypeLikeDT64: TypeAlias = (
    204     type[np.timedelta64]
    205     | np.dtype[np.timedelta64]
    206     | _SupportsDType[np.dtype[np.timedelta64]]
    207     | _TD64Codes
    208 )
    209 _DTypeLikeTD64: TypeAlias = (
    210     type[np.datetime64]
    211     | np.dtype[np.datetime64]
    212     | _SupportsDType[np.dtype[np.datetime64]]
    213     | _DT64Codes
    214 )

TypeError: Too few arguments for numpy.complexfloating
