An error occurred while executing the following cell:
------------------
# Illustrate benefits of centering data
# for reducing correlation between slope and intercept for 1d regression

# Based on
# https://github.com/aloctavodia/BAP/blob/master/code/Chp3/03_Modeling%20with%20Linear%20Regressions.ipynb


try:
    import pymc3 as pm
except ModuleNotFoundError:
    %pip install -qq pymc3
    import pymc3 as pm
import numpy as np
import scipy.stats as stats
import matplotlib.pyplot as plt

try:
    import arviz as az
except ModuleNotFoundError:
    %pip install -qq arviz
    import arviz as az
try:
    import probml_utils as pml
except ModuleNotFoundError:
    %pip install -qq git+https://github.com/probml/probml-utils.git
    import probml_utils as pml
import os


np.random.seed(1)
N = 100
alpha_real = 2.5
beta_real = 0.9
noiseSD = 0.5
eps_real = np.random.normal(0, noiseSD, size=N)

x = np.random.normal(10, 1, N)  # centered on 10
y_real = alpha_real + beta_real * x
y = y_real + eps_real

# save untransformed data for later
x_orig = x
y_orig = y

_, ax = plt.subplots(1, 2, figsize=(8, 4))
ax[0].plot(x, y, "C0.")
ax[0].set_xlabel("x")
ax[0].set_ylabel("y", rotation=0)
ax[0].plot(x, y_real, "k")
az.plot_kde(y, ax=ax[1])
ax[1].set_xlabel("y")
plt.tight_layout()


# Fit posterior with MCMC instead of analytically (for simplicity and flexibility)
# This is the same as BAP code, except we fix the noise variance to a constant.

with pm.Model() as model_g:
    w0 = pm.Normal("w0", mu=0, sd=10)
    w1 = pm.Normal("w1", mu=0, sd=1)
    # ϵ = pm.HalfCauchy('ϵ', 5)
    mu = pm.Deterministic("mu", w0 + w1 * x)
    # y_pred = pm.Normal('y_pred', mu=μ, sd=ϵ, observed=y)
    y_pred = pm.Normal("y_pred", mu=mu, sd=noiseSD, observed=y)
    trace_g = pm.sample(1000, cores=1, chains=2)

az.plot_trace(trace_g, var_names=["w0", "w1"])

az.plot_pair(trace_g, var_names=["w0", "w1"], plot_kwargs={"alpha": 0.1})
pml.savefig("linreg_2d_bayes_post_noncentered_data.pdf")
plt.show()


# To reduce the correlation between alpha and beta, we can center the data
x = x_orig - x_orig.mean()

# or standardize the data
# x = (x - x.mean())/x.std()
# y = (y - y.mean())/y.std()

with pm.Model() as model_g_centered:
    w0 = pm.Normal("w0", mu=0, sd=10)
    w1 = pm.Normal("w1", mu=0, sd=1)
    # ϵ = pm.HalfCauchy('ϵ', 5)
    mu = pm.Deterministic("mu", w0 + w1 * x)
    # y_pred = pm.Normal('y_pred', mu=μ, sd=ϵ, observed=y)
    y_pred = pm.Normal("y_pred", mu=mu, sd=noiseSD, observed=y)
    trace_g_centered = pm.sample(1000, cores=1, chains=2)


az.plot_pair(trace_g_centered, var_names=["w0", "w1"], plot_kwargs={"alpha": 0.1})
pml.savefig("linreg_2d_bayes_post_centered_data.pdf")
plt.show()
------------------

----- stdout -----
ERROR: pip's dependency resolver does not currently take into account all the packages that are installed. This behaviour is the source of the following dependency conflicts.
pynndescent 0.6.0 requires numba>=0.55.0, which is not installed.
umap-learn 0.5.7 requires numba>=0.51.2, which is not installed.
----- stdout -----
chex 0.1.90 requires numpy>=1.24.1, but you have numpy 1.22.1 which is incompatible.
jax 0.6.2 requires numpy>=1.26, but you have numpy 1.22.1 which is incompatible.
jax 0.6.2 requires scipy>=1.12, but you have scipy 1.7.3 which is incompatible.
jaxlib 0.6.2 requires numpy>=1.26, but you have numpy 1.22.1 which is incompatible.
jaxlib 0.6.2 requires scipy>=1.12, but you have scipy 1.7.3 which is incompatible.
scikit-learn 1.7.2 requires scipy>=1.8.0, but you have scipy 1.7.3 which is incompatible.
treescope 0.1.10 requires numpy>=1.25.2, but you have numpy 1.22.1 which is incompatible.

----- stdout -----
Note: you may need to restart the kernel to use updated packages.
------------------

---------------------------------------------------------------------------
ModuleNotFoundError                       Traceback (most recent call last)
Cell In[1], line 9
      8 try:
----> 9     import pymc3 as pm
     10 except ModuleNotFoundError:

ModuleNotFoundError: No module named 'pymc3'

During handling of the above exception, another exception occurred:

ModuleNotFoundError                       Traceback (most recent call last)
Cell In[1], line 12
     10 except ModuleNotFoundError:
     11     get_ipython().run_line_magic('pip', 'install -qq pymc3')
---> 12     import pymc3 as pm
     13 import numpy as np
     14 import scipy.stats as stats

File ~/miniconda3/envs/py310/lib/python3.10/site-packages/pymc3/__init__.py:35
     26 # Workaround for Theano bug that tries to access blas_opt_info;
     27 #  must be done before importing theano.
     28 # https://github.com/pymc-devs/pymc/issues/5310
     29 # Copied from theano/link/c/cmodule.py: default_blas_ldflags()
     30 if (
     31     hasattr(numpy.distutils, "__config__")
     32     and numpy.distutils.__config__
     33     and not hasattr(numpy.distutils.__config__, "blas_opt_info")
     34 ):
---> 35     import numpy.distutils.system_info  # noqa
     37     # We need to catch warnings as in some cases NumPy print
     38     # stuff that we don't want the user to see.
     39     with warnings.catch_warnings(record=True):

File ~/miniconda3/envs/py310/lib/python3.10/site-packages/numpy/distutils/system_info.py:196
    191 from numpy.distutils.exec_command import (
    192     find_executable, filepath_from_subprocess_output,
    193     )
    194 from numpy.distutils.misc_util import (is_sequence, is_string,
    195                                        get_shared_lib_extension)
--> 196 from numpy.distutils.command.config import config as cmd_config
    197 from numpy.distutils import customized_ccompiler as _customized_ccompiler
    198 from numpy.distutils import _shell_utils

File ~/miniconda3/envs/py310/lib/python3.10/site-packages/numpy/distutils/command/config.py:19
     17 import distutils
     18 from numpy.distutils.exec_command import filepath_from_subprocess_output
---> 19 from numpy.distutils.mingw32ccompiler import generate_manifest
     20 from numpy.distutils.command.autodist import (check_gcc_function_attribute,
     21                                               check_gcc_function_attribute_with_intrinsics,
     22                                               check_gcc_variable_attribute,
   (...)
     25                                               check_restrict,
     26                                               check_compiler_gcc)
     28 LANG_EXT['f77'] = '.f'

File ~/miniconda3/envs/py310/lib/python3.10/site-packages/numpy/distutils/mingw32ccompiler.py:28
     26 import distutils.cygwinccompiler
     27 from distutils.unixccompiler import UnixCCompiler
---> 28 from distutils.msvccompiler import get_build_version as get_build_msvc_version
     29 from distutils.errors import UnknownFileError
     30 from numpy.distutils.misc_util import (msvc_runtime_library,
     31                                        msvc_runtime_version,
     32                                        msvc_runtime_major,
     33                                        get_build_architecture)

ModuleNotFoundError: No module named 'distutils.msvccompiler'
