An error occurred while executing the following cell:
------------------
# We illustrate multicollinearity using the example in sec 6.1  of
# [Statistical Rethinking ed 2](https://xcelab.net/rm/statistical-rethinking/).
# The numpyro code is from [Du Phan's site]
# (https://fehiepsi.github.io/rethinking-numpyro/06-the-haunted-dag-and-the-causal-terror.html)

import numpy as np

np.set_printoptions(precision=3)
import matplotlib.pyplot as plt
import math
import os
import warnings

try:
    import pandas as pd
except ModuleNotFoundError:
    %pip install -qq pandas
    import pandas as pd

import jax

print("jax version {}".format(jax.__version__))
print("jax backend {}".format(jax.lib.xla_bridge.get_backend().platform))

import jax.numpy as jnp
from jax import random, vmap

rng_key = random.PRNGKey(0)
rng_key, rng_key_ = random.split(rng_key)

try:
    import numpyro
except ModuleNotFoundError:
    %pip install -qq numpyro
    import numpyro
import numpyro.distributions as dist
from numpyro.distributions import constraints
from numpyro.distributions.transforms import AffineTransform
from numpyro.diagnostics import hpdi, print_summary
from numpyro.infer import Predictive
from numpyro.infer import MCMC, NUTS
from numpyro.infer import SVI, Trace_ELBO, init_to_value
from numpyro.infer.autoguide import AutoLaplaceApproximation
import numpyro.optim as optim


try:
    import arviz as az
except ModuleNotFoundError:
    %pip install -qq arviz
    import arviz as az

try:
    import probml_utils as pml
except ModuleNotFoundError:
    %pip install -qq git+https://github.com/probml/probml-utils.git
    import probml_utils as pml

# Data


def sample_data1():
    N = 100  # number of individuals
    with numpyro.handlers.seed(rng_seed=909):
        # sim total height of each
        height = numpyro.sample("height", dist.Normal(10, 2).expand([N]))
        # leg as proportion of height
        leg_prop = numpyro.sample("prop", dist.Uniform(0.4, 0.5).expand([N]))
        # sim right leg as proportion + error
        leg_right = leg_prop * height + numpyro.sample("right_error", dist.Normal(0, 0.02).expand([N]))
        # sim left leg as proportion + error
        leg_left = leg_prop * height + numpyro.sample("left_error", dist.Normal(0, 0.02).expand([N]))
        # combine into data frame
        d = pd.DataFrame({"height": height, "leg_left": leg_left, "leg_right": leg_right})

        return d


def sample_data2():
    N = 100  # number of individuals
    # sim total height of each
    height = dist.Normal(10, 2).sample(random.PRNGKey(0), (N,))
    # leg as proportion of height
    leg_prop = dist.Uniform(0.4, 0.5).sample(random.PRNGKey(1), (N,))
    # sim left leg as proportion + error
    leg_left = leg_prop * height + dist.Normal(0, 0.02).sample(random.PRNGKey(2), (N,))
    # sim right leg as proportion + error
    leg_right = leg_prop * height + dist.Normal(0, 0.02).sample(random.PRNGKey(3), (N,))
    # combine into data frame
    d = pd.DataFrame({"height": height, "leg_left": leg_left, "leg_right": leg_right})
    return d


df = sample_data2()

# Model


def model_book(leg_left, leg_right, height, br_positive=False):
    a = numpyro.sample("a", dist.Normal(10, 100))
    bl = numpyro.sample("bl", dist.Normal(2, 10))
    if br_positive:
        br = numpyro.sample("br", dist.TruncatedNormal(loc=0, low=2, high=10))
    else:
        br = numpyro.sample("br", dist.Normal(2, 10))
    sigma = numpyro.sample("sigma", dist.Exponential(1))
    mu = a + bl * leg_left + br * leg_right
    numpyro.sample("height", dist.Normal(mu, sigma), obs=height)


def model_vague_prior(leg_left, leg_right, height, br_positive=False):
    # we modify the priors to make them less informative
    a = numpyro.sample("a", dist.Normal(0, 100))
    bl = numpyro.sample("bl", dist.Normal(0, 100))
    if br_positive:
        br = numpyro.sample("br", dist.TruncatedNormal(loc=0, low=0, high=100))
    else:
        br = numpyro.sample("br", dist.Normal(0, 100))
    sigma = numpyro.sample("sigma", dist.Exponential(1))
    mu = a + bl * leg_left + br * leg_right
    numpyro.sample("height", dist.Normal(mu, sigma), obs=height)


model = model_vague_prior

# Analyse posterior


def analyze_post(post, method):
    print_summary(post, 0.95, False)
    fig, ax = plt.subplots()
    az.plot_forest(post, hdi_prob=0.95, figsize=(10, 4), ax=ax)
    plt.title(method)
    pml.savefig(f"multicollinear_forest_plot_{method}.pdf")
    plt.show()

    # post = m6_1.sample_posterior(random.PRNGKey(1), p6_1, (1000,))
    fig, ax = plt.subplots()
    az.plot_pair(post, var_names=["br", "bl"], scatter_kwargs={"alpha": 0.1}, ax=ax)
    pml.savefig(f"multicollinear_joint_post_{method}.pdf")
    plt.title(method)
    plt.show()

    sum_blbr = post["bl"] + post["br"]
    fig, ax = plt.subplots()
    az.plot_kde(sum_blbr, label="sum of bl and br", ax=ax)
    plt.title(method)
    pml.savefig(f"multicollinear_sum_post_{method}.pdf")
    plt.show()


# Laplace fit

m6_1 = AutoLaplaceApproximation(model)
svi = SVI(
    model,
    m6_1,
    optim.Adam(0.1),
    Trace_ELBO(),
    leg_left=df.leg_left.values,
    leg_right=df.leg_right.values,
    height=df.height.values,
    br_positive=False,
)
svi_run = svi.run(random.PRNGKey(0), 2000)
p6_1 = svi_run.params
losses = svi_run.losses
post_laplace = m6_1.sample_posterior(random.PRNGKey(1), p6_1, (1000,))

analyze_post(post_laplace, "laplace")


# MCMC fit
# code from p298 (code 9.28) of rethinking2
# https://fehiepsi.github.io/rethinking-numpyro/09-markov-chain-monte-carlo.html


kernel = NUTS(
    model,
    init_strategy=init_to_value(values={"a": 10.0, "bl": 0.0, "br": 0.1, "sigma": 1.0}),
)
mcmc = MCMC(kernel, num_warmup=500, num_samples=500, num_chains=4)
# df.T has size 3x100
data_dict = dict(zip(df.columns, df.T.values))
data_dict["br_positive"] = False
mcmc.run(random.PRNGKey(0), **data_dict)

mcmc.print_summary()
post_hmc = mcmc.get_samples()
analyze_post(post_hmc, "hmc")

# Constrained model where beta_r >= 0

data_dict = dict(zip(df.columns, df.T.values))
data_dict["br_positive"] = True
mcmc.run(random.PRNGKey(0), **data_dict)

mcmc.print_summary()
post_hmc = mcmc.get_samples()
analyze_post(post_hmc, "hmc_br_pos")
------------------

----- stdout -----
jax version 0.4.30
jax backend cpu
----- stderr -----
/github/home/miniconda3/envs/py310/lib/python3.10/pty.py:89: RuntimeWarning: os.fork() was called. os.fork() is incompatible with multithreaded code, and JAX is multithreaded, so this will likely lead to a deadlock.
  pid, fd = os.forkpty()
----- stdout -----
Note: you may need to restart the kernel to use updated packages.
------------------

---------------------------------------------------------------------------
ImportError                               Traceback (most recent call last)
Cell In[1], line 48
     44 import numpyro.optim as optim
     47 try:
---> 48     import arviz as az
     49 except ModuleNotFoundError:
     50     get_ipython().run_line_magic('pip', 'install -qq arviz')

File ~/miniconda3/envs/py310/lib/python3.10/site-packages/arviz/__init__.py:34
     30 _log = Logger("arviz")
     33 from .data import *
---> 34 from .plots import *
     35 from .plots.backends import *
     36 from .stats import *

File ~/miniconda3/envs/py310/lib/python3.10/site-packages/arviz/plots/__init__.py:2
      1 """Plotting functions."""
----> 2 from .autocorrplot import plot_autocorr
      3 from .bpvplot import plot_bpv
      4 from .bfplot import plot_bf

File ~/miniconda3/envs/py310/lib/python3.10/site-packages/arviz/plots/autocorrplot.py:7
      5 from ..rcparams import rcParams
      6 from ..utils import _var_names
----> 7 from .plot_utils import default_grid, filter_plotters_list, get_plotting_function
     10 def plot_autocorr(
     11     data,
     12     var_names=None,
   (...)
     24     show=None,
     25 ):
     26     r"""Bar plot of the autocorrelation function (ACF) for a sequence of data.
     27 
     28     The ACF plots are helpful as a convergence diagnostic for posteriors from MCMC
   (...)
    117         >>> az.plot_autocorr(data, var_names=['mu', 'tau'], max_lag=200, combined=True)
    118     """

File ~/miniconda3/envs/py310/lib/python3.10/site-packages/arviz/plots/plot_utils.py:15
     11 from scipy.interpolate import CubicSpline
     14 from ..rcparams import rcParams
---> 15 from ..stats.density_utils import kde
     16 from ..stats import hdi
     18 KwargSpec = Dict[str, Any]

File ~/miniconda3/envs/py310/lib/python3.10/site-packages/arviz/stats/__init__.py:3
      1 # pylint: disable=wildcard-import
      2 """Statistical tests and diagnostics for ArviZ."""
----> 3 from .density_utils import *
      4 from .diagnostics import *
      5 from .stats import *

File ~/miniconda3/envs/py310/lib/python3.10/site-packages/arviz/stats/density_utils.py:8
      6 from scipy.fftpack import fft
      7 from scipy.optimize import brentq
----> 8 from scipy.signal import convolve, convolve2d, gaussian  # pylint: disable=no-name-in-module
      9 from scipy.sparse import coo_matrix
     10 from scipy.special import ive  # pylint: disable=no-name-in-module

ImportError: cannot import name 'gaussian' from 'scipy.signal' (/github/home/miniconda3/envs/py310/lib/python3.10/site-packages/scipy/signal/__init__.py)
