An error occurred while executing the following cell:
------------------
import jax
import os
import jax.numpy as jnp
import matplotlib.pyplot as plt
from jax.scipy.stats import multivariate_normal
import seaborn as sns

jax.config.update("jax_platform_name", "cpu")

try:
    import blackjax
except ModuleNotFoundError:
    %pip install -qq jaxopt blackjax
    import blackjax

try:
    import probml_utils as pml
except ModuleNotFoundError:
    %pip install -qq git+https://github.com/probml/probml-utils.git
    import probml_utils as pml

from probml_utils.blackjax_utils import inference_loop
import blackjax.smc.resampling as resampling
------------------

----- stdout -----
ERROR: pip's dependency resolver does not currently take into account all the packages that are installed. This behaviour is the source of the following dependency conflicts.
distrax 0.1.3 requires numpy<1.23,>=1.18.0, but you have numpy 2.2.6 which is incompatible.
pymc3 3.11.6 requires numpy<1.22.2,>=1.15.0, but you have numpy 2.2.6 which is incompatible.
pymc3 3.11.6 requires scipy<1.8.0,>=1.7.3, but you have scipy 1.15.3 which is incompatible.

----- stdout -----
Note: you may need to restart the kernel to use updated packages.
----- stderr -----
/github/home/miniconda3/envs/py310/lib/python3.10/site-packages/arviz/data/base.py:10: UserWarning: pkg_resources is deprecated as an API. See https://setuptools.pypa.io/en/latest/pkg_resources.html. The pkg_resources package is slated for removal as early as 2025-11-30. Refrain from using this package or pin to Setuptools<81.
  import pkg_resources
------------------

---------------------------------------------------------------------------
TypeError                                 Traceback (most recent call last)
Cell In[1], line 22
     19     get_ipython().run_line_magic('pip', 'install -qq git+https://github.com/probml/probml-utils.git')
     20     import probml_utils as pml
---> 22 from probml_utils.blackjax_utils import inference_loop
     23 import blackjax.smc.resampling as resampling

File ~/miniconda3/envs/py310/lib/python3.10/site-packages/probml_utils/blackjax_utils.py:1
----> 1 import arviz as az
      2 import jax.numpy as jnp
      3 import jax

File ~/miniconda3/envs/py310/lib/python3.10/site-packages/arviz/__init__.py:32
     26         super()._log(level, msg, *args, **kwargs)
     29 _log = Logger("arviz")
---> 32 from .data import *
     33 from .plots import *
     34 from .plots.backends import *

File ~/miniconda3/envs/py310/lib/python3.10/site-packages/arviz/data/__init__.py:2
      1 """Code for loading and manipulating data structures."""
----> 2 from .base import CoordSpec, DimSpec, dict_to_dataset, numpy_to_data_array
      3 from .converters import convert_to_dataset, convert_to_inference_data
      4 from .datasets import clear_data_home, list_datasets, load_arviz_data

File ~/miniconda3/envs/py310/lib/python3.10/site-packages/arviz/data/base.py:11
      9 import numpy as np
     10 import pkg_resources
---> 11 import xarray as xr
     13 try:
     14     import ujson as json

File ~/miniconda3/envs/py310/lib/python3.10/site-packages/xarray/__init__.py:3
      1 from importlib.metadata import version as _version
----> 3 from xarray import testing, tutorial
      4 from xarray.backends.api import (
      5     load_dataarray,
      6     load_dataset,
   (...)
     10     save_mfdataset,
     11 )
     12 from xarray.backends.zarr import open_zarr

File ~/miniconda3/envs/py310/lib/python3.10/site-packages/xarray/testing/__init__.py:1
----> 1 from xarray.testing.assertions import (  # noqa: F401
      2     _assert_dataarray_invariants,
      3     _assert_dataset_invariants,
      4     _assert_indexes_invariants_checks,
      5     _assert_internal_invariants,
      6     _assert_variable_invariants,
      7     _data_allclose_or_equiv,
      8     assert_allclose,
      9     assert_chunks_equal,
     10     assert_duckarray_allclose,
     11     assert_duckarray_equal,
     12     assert_equal,
     13     assert_identical,
     14 )
     16 __all__ = [
     17     "assert_allclose",
     18     "assert_chunks_equal",
   (...)
     22     "assert_identical",
     23 ]

File ~/miniconda3/envs/py310/lib/python3.10/site-packages/xarray/testing/assertions.py:11
      8 import pandas as pd
     10 from xarray.core import duck_array_ops, formatting, utils
---> 11 from xarray.core.coordinates import Coordinates
     12 from xarray.core.dataarray import DataArray
     13 from xarray.core.dataset import Dataset

File ~/miniconda3/envs/py310/lib/python3.10/site-packages/xarray/core/coordinates.py:16
     13 import pandas as pd
     15 from xarray.core import formatting
---> 16 from xarray.core.alignment import Aligner
     17 from xarray.core.indexes import (
     18     Index,
     19     Indexes,
   (...)
     23     create_default_index_implicit,
     24 )
     25 from xarray.core.merge import merge_coordinates_without_align, merge_coords

File ~/miniconda3/envs/py310/lib/python3.10/site-packages/xarray/core/alignment.py:24
     22 from xarray.core.types import T_Alignable
     23 from xarray.core.utils import is_dict_like, is_full_slice
---> 24 from xarray.core.variable import Variable, as_compatible_data, calculate_dimensions
     26 if TYPE_CHECKING:
     27     from xarray.core.dataarray import DataArray

File ~/miniconda3/envs/py310/lib/python3.10/site-packages/xarray/core/variable.py:15
     13 import numpy as np
     14 import pandas as pd
---> 15 from numpy.typing import ArrayLike
     17 import xarray as xr  # only for Dataset and DataArray
     18 from xarray.core import common, dtypes, duck_array_ops, indexing, nputils, ops, utils

File ~/miniconda3/envs/py310/lib/python3.10/site-packages/numpy/typing/__init__.py:158
      1 """
      2 ============================
      3 Typing (:mod:`numpy.typing`)
   (...)
    153 
    154 """
    155 # NOTE: The API section will be appended with additional entries
    156 # further down in this file
--> 158 from numpy._typing import (
    159     ArrayLike,
    160     DTypeLike,
    161     NBitBase,
    162     NDArray,
    163 )
    165 __all__ = ["ArrayLike", "DTypeLike", "NBitBase", "NDArray"]
    167 if __doc__ is not None:

File ~/miniconda3/envs/py310/lib/python3.10/site-packages/numpy/_typing/__init__.py:102
     86 from ._scalars import (
     87     _CharLike_co as _CharLike_co,
     88     _BoolLike_co as _BoolLike_co,
   (...)
     96     _VoidLike_co as _VoidLike_co,
     97 )
     98 from ._shape import (
     99     _Shape as _Shape,
    100     _ShapeLike as _ShapeLike,
    101 )
--> 102 from ._dtype_like import (
    103     DTypeLike as DTypeLike,
    104     _DTypeLike as _DTypeLike,
    105     _SupportsDType as _SupportsDType,
    106     _VoidDTypeLike as _VoidDTypeLike,
    107     _DTypeLikeBool as _DTypeLikeBool,
    108     _DTypeLikeUInt as _DTypeLikeUInt,
    109     _DTypeLikeInt as _DTypeLikeInt,
    110     _DTypeLikeFloat as _DTypeLikeFloat,
    111     _DTypeLikeComplex as _DTypeLikeComplex,
    112     _DTypeLikeTD64 as _DTypeLikeTD64,
    113     _DTypeLikeDT64 as _DTypeLikeDT64,
    114     _DTypeLikeObject as _DTypeLikeObject,
    115     _DTypeLikeVoid as _DTypeLikeVoid,
    116     _DTypeLikeStr as _DTypeLikeStr,
    117     _DTypeLikeBytes as _DTypeLikeBytes,
    118     _DTypeLikeComplex_co as _DTypeLikeComplex_co,
    119 )
    120 from ._array_like import (
    121     NDArray as NDArray,
    122     ArrayLike as ArrayLike,
   (...)
    145     _UnknownType as _UnknownType,
    146 )
    148 from ._ufunc import (
    149     _UFunc_Nin1_Nout1 as _UFunc_Nin1_Nout1,
    150     _UFunc_Nin2_Nout1 as _UFunc_Nin2_Nout1,
   (...)
    153     _GUFunc_Nin2_Nout1 as _GUFunc_Nin2_Nout1,
    154 )

File ~/miniconda3/envs/py310/lib/python3.10/site-packages/numpy/_typing/_dtype_like.py:194
    162 _DTypeLikeInt: TypeAlias = (
    163     type[int]
    164     | type[np.signedinteger[Any]]
   (...)
    177     | _IntCodes
    178 )
    179 _DTypeLikeFloat: TypeAlias = (
    180     type[float]
    181     | type[np.floating[Any]]
   (...)
    190     | _LongDoubleCodes
    191 )
    192 _DTypeLikeComplex: TypeAlias = (
    193     type[complex]
--> 194     | type[np.complexfloating[Any]]
    195     | np.dtype[np.complexfloating[Any]]
    196     | _SupportsDType[np.dtype[np.complexfloating[Any]]]
    197     | _Complex64Codes
    198     | _Complex128Codes
    199     | _CSingleCodes
    200     | _CDoubleCodes
    201     | _CLongDoubleCodes
    202 )
    203 _DTypeLikeDT64: TypeAlias = (
    204     type[np.timedelta64]
    205     | np.dtype[np.timedelta64]
    206     | _SupportsDType[np.dtype[np.timedelta64]]
    207     | _TD64Codes
    208 )
    209 _DTypeLikeTD64: TypeAlias = (
    210     type[np.datetime64]
    211     | np.dtype[np.datetime64]
    212     | _SupportsDType[np.dtype[np.datetime64]]
    213     | _DT64Codes
    214 )

TypeError: Too few arguments for numpy.complexfloating
