An error occurred while executing the following cell:
------------------
import jax.numpy as jnp
import jax
import os

try:
    import blackjax
except ModuleNotFoundError:
    %pip install -qq blackjax
    import blackjax

try:
    import tensorflow_probability.substrates.jax as tfp
except:
    %pip install tensorflow_probability
    import tensorflow_probability.substrates.jax as tfp

import seaborn as sns
import matplotlib.pyplot as plt
import matplotlib

try:
    import arviz as az
except ModuleNotFoundError:
    %pip install -qq arviz
    import arviz as az

try:
    import probml_utils as pml
except ModuleNotFoundError:
    %pip install -qq git+https://github.com/probml/probml-utils.git
    import probml_utils as pml
------------------

----- stdout -----
ERROR: pip's dependency resolver does not currently take into account all the packages that are installed. This behaviour is the source of the following dependency conflicts.
arviz 0.17.1 requires numpy<2.0,>=1.22.0, but you have numpy 2.2.6 which is incompatible.
distrax 0.1.3 requires numpy<1.23,>=1.18.0, but you have numpy 2.2.6 which is incompatible.

----- stdout -----
Note: you may need to restart the kernel to use updated packages.
----- stdout -----
Requirement already satisfied: tensorflow_probability in /github/home/miniconda3/envs/py310/lib/python3.10/site-packages (0.25.0)
Requirement already satisfied: absl-py in /github/home/miniconda3/envs/py310/lib/python3.10/site-packages (from tensorflow_probability) (2.4.0)
Requirement already satisfied: six>=1.10.0 in /github/home/miniconda3/envs/py310/lib/python3.10/site-packages (from tensorflow_probability) (1.17.0)
Requirement already satisfied: numpy>=1.13.3 in /github/home/miniconda3/envs/py310/lib/python3.10/site-packages (from tensorflow_probability) (2.2.6)
Requirement already satisfied: decorator in /github/home/miniconda3/envs/py310/lib/python3.10/site-packages (from tensorflow_probability) (5.3.1)
Requirement already satisfied: cloudpickle>=1.3 in /github/home/miniconda3/envs/py310/lib/python3.10/site-packages (from tensorflow_probability) (3.1.2)
Requirement already satisfied: gast>=0.3.2 in /github/home/miniconda3/envs/py310/lib/python3.10/site-packages (from tensorflow_probability) (0.7.0)
Requirement already satisfied: dm-tree in /github/home/miniconda3/envs/py310/lib/python3.10/site-packages (from tensorflow_probability) (0.1.10)
----- stdout -----
Requirement already satisfied: attrs>=18.2.0 in /github/home/miniconda3/envs/py310/lib/python3.10/site-packages (from dm-tree->tensorflow_probability) (26.1.0)
Requirement already satisfied: wrapt>=1.11.2 in /github/home/miniconda3/envs/py310/lib/python3.10/site-packages (from dm-tree->tensorflow_probability) (2.2.2)
----- stdout -----
WARNING: Running pip as the 'root' user can result in broken permissions and conflicting behaviour with the system package manager, possibly rendering your system unusable. It is recommended to use a virtual environment instead: https://pip.pypa.io/warnings/venv. Use the --root-user-action option if you know what you are doing and want to suppress this warning.

----- stdout -----
Note: you may need to restart the kernel to use updated packages.
------------------

---------------------------------------------------------------------------
TypeError                                 Traceback (most recent call last)
Cell In[1], line 12
     11 try:
---> 12     import tensorflow_probability.substrates.jax as tfp
     13 except:

File ~/miniconda3/envs/py310/lib/python3.10/site-packages/tensorflow_probability/substrates/jax/__init__.py:42
     40 # from tensorflow_probability.substrates.jax.google import autosts  # DisableOnExport  # pylint:disable=line-too-long
     41 # from tensorflow_probability.substrates.jax.google import staging  # DisableOnExport  # pylint:disable=line-too-long
---> 42 from tensorflow_probability.substrates.jax import bijectors
     43 from tensorflow_probability.substrates.jax import distributions

File ~/miniconda3/envs/py310/lib/python3.10/site-packages/tensorflow_probability/substrates/jax/bijectors/__init__.py:19
     17 # pylint: disable=unused-import,wildcard-import,line-too-long,g-importing-member
---> 19 from tensorflow_probability.substrates.jax.bijectors.absolute_value import AbsoluteValue
     20 from tensorflow_probability.substrates.jax.bijectors.ascending import Ascending

File ~/miniconda3/envs/py310/lib/python3.10/site-packages/tensorflow_probability/substrates/jax/bijectors/absolute_value.py:17
     15 """AbsoluteValue bijector."""
---> 17 from tensorflow_probability.python.internal.backend.jax.compat import v2 as tf
     19 from tensorflow_probability.substrates.jax.bijectors import bijector

File ~/miniconda3/envs/py310/lib/python3.10/site-packages/tensorflow_probability/python/internal/backend/jax/__init__.py:18
     17 from tensorflow_probability.python.internal.backend.jax import __internal__
---> 18 from tensorflow_probability.python.internal.backend.jax import bitwise
     19 from tensorflow_probability.python.internal.backend.jax import compat

File ~/miniconda3/envs/py310/lib/python3.10/site-packages/tensorflow_probability/python/internal/backend/jax/bitwise.py:19
     17 import numpy as onp; import jax.numpy as np
---> 19 from tensorflow_probability.python.internal.backend.jax import _utils as utils
     21 __all__ = [
     22     'bitwise_xor',
     23     'left_shift',
     24 ]

File ~/miniconda3/envs/py310/lib/python3.10/site-packages/tensorflow_probability/python/internal/backend/jax/_utils.py:25
     24 try:
---> 25   from tensorflow.python.ops import array_ops  # pylint: disable=g-direct-tensorflow-import,g-import-not-at-top,unused-import
     26   from tensorflow.python.ops import random_ops  # pylint: disable=g-direct-tensorflow-import,g-import-not-at-top,unused-import

File ~/miniconda3/envs/py310/lib/python3.10/site-packages/tensorflow/__init__.py:49
     47 _tf2.enable()
---> 49 from tensorflow._api.v2 import __internal__
     50 from tensorflow._api.v2 import __operators__

File ~/miniconda3/envs/py310/lib/python3.10/site-packages/tensorflow/_api/v2/__internal__/__init__.py:8
      6 import sys as _sys
----> 8 from tensorflow._api.v2.__internal__ import autograph
      9 from tensorflow._api.v2.__internal__ import decorator

File ~/miniconda3/envs/py310/lib/python3.10/site-packages/tensorflow/_api/v2/__internal__/autograph/__init__.py:8
      6 import sys as _sys
----> 8 from tensorflow.python.autograph.core.ag_ctx import control_status_ctx # line: 34
      9 from tensorflow.python.autograph.impl.api import tf_convert # line: 493

File ~/miniconda3/envs/py310/lib/python3.10/site-packages/tensorflow/python/autograph/core/ag_ctx.py:21
     19 import threading
---> 21 from tensorflow.python.autograph.utils import ag_logging
     22 from tensorflow.python.util.tf_export import tf_export

File ~/miniconda3/envs/py310/lib/python3.10/site-packages/tensorflow/python/autograph/utils/__init__.py:17
     15 """Utility module that contains APIs usable in the generated code."""
---> 17 from tensorflow.python.autograph.utils.context_managers import control_dependency_on_returns
     18 from tensorflow.python.autograph.utils.misc import alias_tensors

File ~/miniconda3/envs/py310/lib/python3.10/site-packages/tensorflow/python/autograph/utils/context_managers.py:19
     17 import contextlib
---> 19 from tensorflow.python.framework import ops
     20 from tensorflow.python.ops import tensor_array_ops

File ~/miniconda3/envs/py310/lib/python3.10/site-packages/tensorflow/python/framework/ops.py:30
     29 import numpy as np
---> 30 from numpy import typing as npt
     32 from google.protobuf import message

File ~/miniconda3/envs/py310/lib/python3.10/site-packages/numpy/typing/__init__.py:158
    155 # NOTE: The API section will be appended with additional entries
    156 # further down in this file
--> 158 from numpy._typing import (
    159     ArrayLike,
    160     DTypeLike,
    161     NBitBase,
    162     NDArray,
    163 )
    165 __all__ = ["ArrayLike", "DTypeLike", "NBitBase", "NDArray"]

File ~/miniconda3/envs/py310/lib/python3.10/site-packages/numpy/_typing/__init__.py:102
     98 from ._shape import (
     99     _Shape as _Shape,
    100     _ShapeLike as _ShapeLike,
    101 )
--> 102 from ._dtype_like import (
    103     DTypeLike as DTypeLike,
    104     _DTypeLike as _DTypeLike,
    105     _SupportsDType as _SupportsDType,
    106     _VoidDTypeLike as _VoidDTypeLike,
    107     _DTypeLikeBool as _DTypeLikeBool,
    108     _DTypeLikeUInt as _DTypeLikeUInt,
    109     _DTypeLikeInt as _DTypeLikeInt,
    110     _DTypeLikeFloat as _DTypeLikeFloat,
    111     _DTypeLikeComplex as _DTypeLikeComplex,
    112     _DTypeLikeTD64 as _DTypeLikeTD64,
    113     _DTypeLikeDT64 as _DTypeLikeDT64,
    114     _DTypeLikeObject as _DTypeLikeObject,
    115     _DTypeLikeVoid as _DTypeLikeVoid,
    116     _DTypeLikeStr as _DTypeLikeStr,
    117     _DTypeLikeBytes as _DTypeLikeBytes,
    118     _DTypeLikeComplex_co as _DTypeLikeComplex_co,
    119 )
    120 from ._array_like import (
    121     NDArray as NDArray,
    122     ArrayLike as ArrayLike,
   (...)
    145     _UnknownType as _UnknownType,
    146 )

File ~/miniconda3/envs/py310/lib/python3.10/site-packages/numpy/_typing/_dtype_like.py:194
    179 _DTypeLikeFloat: TypeAlias = (
    180     type[float]
    181     | type[np.floating[Any]]
   (...)
    190     | _LongDoubleCodes
    191 )
    192 _DTypeLikeComplex: TypeAlias = (
    193     type[complex]
--> 194     | type[np.complexfloating[Any]]
    195     | np.dtype[np.complexfloating[Any]]
    196     | _SupportsDType[np.dtype[np.complexfloating[Any]]]
    197     | _Complex64Codes
    198     | _Complex128Codes
    199     | _CSingleCodes
    200     | _CDoubleCodes
    201     | _CLongDoubleCodes
    202 )
    203 _DTypeLikeDT64: TypeAlias = (
    204     type[np.timedelta64]
    205     | np.dtype[np.timedelta64]
    206     | _SupportsDType[np.dtype[np.timedelta64]]
    207     | _TD64Codes
    208 )

TypeError: Too few arguments for numpy.complexfloating

During handling of the above exception, another exception occurred:

TypeError                                 Traceback (most recent call last)
Cell In[1], line 15
     13 except:
     14     get_ipython().run_line_magic('pip', 'install tensorflow_probability')
---> 15     import tensorflow_probability.substrates.jax as tfp
     17 import seaborn as sns
     18 import matplotlib.pyplot as plt

File ~/miniconda3/envs/py310/lib/python3.10/site-packages/tensorflow_probability/substrates/jax/__init__.py:42
     39 from tensorflow_probability.python.version import __version__
     40 # from tensorflow_probability.substrates.jax.google import autosts  # DisableOnExport  # pylint:disable=line-too-long
     41 # from tensorflow_probability.substrates.jax.google import staging  # DisableOnExport  # pylint:disable=line-too-long
---> 42 from tensorflow_probability.substrates.jax import bijectors
     43 from tensorflow_probability.substrates.jax import distributions
     44 from tensorflow_probability.substrates.jax import experimental

File ~/miniconda3/envs/py310/lib/python3.10/site-packages/tensorflow_probability/substrates/jax/bijectors/__init__.py:19
     15 """Bijective transformations."""
     17 # pylint: disable=unused-import,wildcard-import,line-too-long,g-importing-member
---> 19 from tensorflow_probability.substrates.jax.bijectors.absolute_value import AbsoluteValue
     20 from tensorflow_probability.substrates.jax.bijectors.ascending import Ascending
     21 # from tensorflow_probability.substrates.jax.bijectors.batch_normalization import BatchNormalization

File ~/miniconda3/envs/py310/lib/python3.10/site-packages/tensorflow_probability/substrates/jax/bijectors/absolute_value.py:17
      1 # Copyright 2018 The TensorFlow Probability Authors.
      2 #
      3 # Licensed under the Apache License, Version 2.0 (the "License");
   (...)
     13 # limitations under the License.
     14 # ============================================================================
     15 """AbsoluteValue bijector."""
---> 17 from tensorflow_probability.python.internal.backend.jax.compat import v2 as tf
     19 from tensorflow_probability.substrates.jax.bijectors import bijector
     20 from tensorflow_probability.substrates.jax.internal import assert_util

File ~/miniconda3/envs/py310/lib/python3.10/site-packages/tensorflow_probability/python/internal/backend/jax/__init__.py:18
     15 """Experimental Numpy backend."""
     17 from tensorflow_probability.python.internal.backend.jax import __internal__
---> 18 from tensorflow_probability.python.internal.backend.jax import bitwise
     19 from tensorflow_probability.python.internal.backend.jax import compat
     20 from tensorflow_probability.python.internal.backend.jax import config

File ~/miniconda3/envs/py310/lib/python3.10/site-packages/tensorflow_probability/python/internal/backend/jax/bitwise.py:19
     15 """Numpy bitwise ops."""
     17 import numpy as onp; import jax.numpy as np
---> 19 from tensorflow_probability.python.internal.backend.jax import _utils as utils
     21 __all__ = [
     22     'bitwise_xor',
     23     'left_shift',
     24 ]
     27 bitwise_xor = utils.copy_docstring(
     28     'tf.bitwise.bitwise_xor',
     29     lambda x, y, name=None: np.bitwise_xor(x, y))  # pylint: disable=unused-argument

File ~/miniconda3/envs/py310/lib/python3.10/site-packages/tensorflow_probability/python/internal/backend/jax/_utils.py:25
     22 from tensorflow_probability.python.internal.backend.jax import nest
     24 try:
---> 25   from tensorflow.python.ops import array_ops  # pylint: disable=g-direct-tensorflow-import,g-import-not-at-top,unused-import
     26   from tensorflow.python.ops import random_ops  # pylint: disable=g-direct-tensorflow-import,g-import-not-at-top,unused-import
     27   import tensorflow.compat.v1 as tf1  # pylint: disable=g-import-not-at-top,unused-import

File ~/miniconda3/envs/py310/lib/python3.10/site-packages/tensorflow/python/ops/array_ops.py:21
     18 import numbers
     19 import numpy as np
---> 21 from tensorflow.core.config import flags
     22 from tensorflow.dtensor.python import api as d_api
     23 from tensorflow.python.eager import context

File ~/miniconda3/envs/py310/lib/python3.10/site-packages/tensorflow/__init__.py:49
     46 from tensorflow.python import tf2 as _tf2
     47 _tf2.enable()
---> 49 from tensorflow._api.v2 import __internal__
     50 from tensorflow._api.v2 import __operators__
     51 from tensorflow._api.v2 import audio

File ~/miniconda3/envs/py310/lib/python3.10/site-packages/tensorflow/_api/v2/__internal__/__init__.py:8
      3 """Public API for tf._api.v2.__internal__ namespace
      4 """
      6 import sys as _sys
----> 8 from tensorflow._api.v2.__internal__ import autograph
      9 from tensorflow._api.v2.__internal__ import decorator
     10 from tensorflow._api.v2.__internal__ import dispatch

File ~/miniconda3/envs/py310/lib/python3.10/site-packages/tensorflow/_api/v2/__internal__/autograph/__init__.py:8
      3 """Public API for tf._api.v2.__internal__.autograph namespace
      4 """
      6 import sys as _sys
----> 8 from tensorflow.python.autograph.core.ag_ctx import control_status_ctx # line: 34
      9 from tensorflow.python.autograph.impl.api import tf_convert # line: 493

File ~/miniconda3/envs/py310/lib/python3.10/site-packages/tensorflow/python/autograph/core/ag_ctx.py:21
     18 import inspect
     19 import threading
---> 21 from tensorflow.python.autograph.utils import ag_logging
     22 from tensorflow.python.util.tf_export import tf_export
     25 stacks = threading.local()

File ~/miniconda3/envs/py310/lib/python3.10/site-packages/tensorflow/python/autograph/utils/__init__.py:17
      1 # Copyright 2016 The TensorFlow Authors. All Rights Reserved.
      2 #
      3 # Licensed under the Apache License, Version 2.0 (the "License");
   (...)
     13 # limitations under the License.
     14 # ==============================================================================
     15 """Utility module that contains APIs usable in the generated code."""
---> 17 from tensorflow.python.autograph.utils.context_managers import control_dependency_on_returns
     18 from tensorflow.python.autograph.utils.misc import alias_tensors
     19 from tensorflow.python.autograph.utils.tensor_list import dynamic_list_append

File ~/miniconda3/envs/py310/lib/python3.10/site-packages/tensorflow/python/autograph/utils/context_managers.py:19
     15 """Various context managers."""
     17 import contextlib
---> 19 from tensorflow.python.framework import ops
     20 from tensorflow.python.ops import tensor_array_ops
     23 def control_dependency_on_returns(return_value):

File ~/miniconda3/envs/py310/lib/python3.10/site-packages/tensorflow/python/framework/ops.py:30
     28 from absl import app
     29 import numpy as np
---> 30 from numpy import typing as npt
     32 from google.protobuf import message
     33 from tensorflow.core.framework import attr_value_pb2

File ~/miniconda3/envs/py310/lib/python3.10/site-packages/numpy/typing/__init__.py:158
      1 """
      2 ============================
      3 Typing (:mod:`numpy.typing`)
   (...)
    153 
    154 """
    155 # NOTE: The API section will be appended with additional entries
    156 # further down in this file
--> 158 from numpy._typing import (
    159     ArrayLike,
    160     DTypeLike,
    161     NBitBase,
    162     NDArray,
    163 )
    165 __all__ = ["ArrayLike", "DTypeLike", "NBitBase", "NDArray"]
    167 if __doc__ is not None:

File ~/miniconda3/envs/py310/lib/python3.10/site-packages/numpy/_typing/__init__.py:102
     86 from ._scalars import (
     87     _CharLike_co as _CharLike_co,
     88     _BoolLike_co as _BoolLike_co,
   (...)
     96     _VoidLike_co as _VoidLike_co,
     97 )
     98 from ._shape import (
     99     _Shape as _Shape,
    100     _ShapeLike as _ShapeLike,
    101 )
--> 102 from ._dtype_like import (
    103     DTypeLike as DTypeLike,
    104     _DTypeLike as _DTypeLike,
    105     _SupportsDType as _SupportsDType,
    106     _VoidDTypeLike as _VoidDTypeLike,
    107     _DTypeLikeBool as _DTypeLikeBool,
    108     _DTypeLikeUInt as _DTypeLikeUInt,
    109     _DTypeLikeInt as _DTypeLikeInt,
    110     _DTypeLikeFloat as _DTypeLikeFloat,
    111     _DTypeLikeComplex as _DTypeLikeComplex,
    112     _DTypeLikeTD64 as _DTypeLikeTD64,
    113     _DTypeLikeDT64 as _DTypeLikeDT64,
    114     _DTypeLikeObject as _DTypeLikeObject,
    115     _DTypeLikeVoid as _DTypeLikeVoid,
    116     _DTypeLikeStr as _DTypeLikeStr,
    117     _DTypeLikeBytes as _DTypeLikeBytes,
    118     _DTypeLikeComplex_co as _DTypeLikeComplex_co,
    119 )
    120 from ._array_like import (
    121     NDArray as NDArray,
    122     ArrayLike as ArrayLike,
   (...)
    145     _UnknownType as _UnknownType,
    146 )
    148 from ._ufunc import (
    149     _UFunc_Nin1_Nout1 as _UFunc_Nin1_Nout1,
    150     _UFunc_Nin2_Nout1 as _UFunc_Nin2_Nout1,
   (...)
    153     _GUFunc_Nin2_Nout1 as _GUFunc_Nin2_Nout1,
    154 )

File ~/miniconda3/envs/py310/lib/python3.10/site-packages/numpy/_typing/_dtype_like.py:194
    162 _DTypeLikeInt: TypeAlias = (
    163     type[int]
    164     | type[np.signedinteger[Any]]
   (...)
    177     | _IntCodes
    178 )
    179 _DTypeLikeFloat: TypeAlias = (
    180     type[float]
    181     | type[np.floating[Any]]
   (...)
    190     | _LongDoubleCodes
    191 )
    192 _DTypeLikeComplex: TypeAlias = (
    193     type[complex]
--> 194     | type[np.complexfloating[Any]]
    195     | np.dtype[np.complexfloating[Any]]
    196     | _SupportsDType[np.dtype[np.complexfloating[Any]]]
    197     | _Complex64Codes
    198     | _Complex128Codes
    199     | _CSingleCodes
    200     | _CDoubleCodes
    201     | _CLongDoubleCodes
    202 )
    203 _DTypeLikeDT64: TypeAlias = (
    204     type[np.timedelta64]
    205     | np.dtype[np.timedelta64]
    206     | _SupportsDType[np.dtype[np.timedelta64]]
    207     | _TD64Codes
    208 )
    209 _DTypeLikeTD64: TypeAlias = (
    210     type[np.datetime64]
    211     | np.dtype[np.datetime64]
    212     | _SupportsDType[np.dtype[np.datetime64]]
    213     | _DT64Codes
    214 )

TypeError: Too few arguments for numpy.complexfloating
