An error occurred while executing the following cell:
------------------
np.random.seed(0)
n = 500
min_x, max_x = -5, 5
min_y, max_y = -5, 5
x, z = np.meshgrid(np.linspace(min_x, max_x, n), np.linspace(min_y, max_y, n))
logp = norm.logpdf(z, 0, 3) + norm.logpdf(x, 0, np.exp(z / 2))

vmin = np.percentile(logp.flatten(), 42)

logp = np.where(logp < vmin, np.NaN, logp)

n_ticks, n_colors = 5, 6

fig = plt.figure(figsize=(8, 8))
ax = fig.gca()
ax.set_axisbelow(True)
ax.set_facecolor("#EAEBF0")
ax.grid(
    color="white",
    linestyle="-",
    linewidth=3,
)
ax.imshow(
    logp, cmap=matplotlib.cm.get_cmap("viridis_r", n_colors), extent=[min_x, max_x, min_y, max_y], origin="lower"
).set_zorder(1)
pml.savefig("neals-funnel.pdf")
plt.show()
------------------


---------------------------------------------------------------------------
AttributeError                            Traceback (most recent call last)
Cell In[2], line 10
      6 logp = norm.logpdf(z, 0, 3) + norm.logpdf(x, 0, np.exp(z / 2))
      8 vmin = np.percentile(logp.flatten(), 42)
---> 10 logp = np.where(logp < vmin, np.NaN, logp)
     12 n_ticks, n_colors = 5, 6
     14 fig = plt.figure(figsize=(8, 8))

File ~/miniconda3/envs/py310/lib/python3.10/site-packages/numpy/__init__.py:400, in __getattr__(attr)
    397     raise AttributeError(__former_attrs__[attr], name=None)
    399 if attr in __expired_attributes__:
--> 400     raise AttributeError(
    401         f"`np.{attr}` was removed in the NumPy 2.0 release. "
    402         f"{__expired_attributes__[attr]}",
    403         name=None
    404     )
    406 if attr == "chararray":
    407     warnings.warn(
    408         "`np.chararray` is deprecated and will be removed from "
    409         "the main namespace in the future. Use an array with a string "
    410         "or bytes dtype instead.", DeprecationWarning, stacklevel=2)

AttributeError: `np.NaN` was removed in the NumPy 2.0 release. Use `np.nan` instead.
