An error occurred while executing the following cell:
------------------
import jax
import jax.numpy as jnp
import matplotlib.pyplot as plt
import arviz as az
import seaborn as sns
import numpy as np

try:
    from probml_utils import latexify, savefig
except ModuleNotFoundError:
    %pip install git+https://github.com/probml/probml-utils.git
    from probml_utils import latexify, savefig

from probml_utils.blackjax_utils import inference_loop_multiple_chains, arviz_trace_from_states

try:
    import tensorflow_probability.substrates.jax as tfp
except ModuleNotFoundError:
    %pip -qq install tensorflow_probability
    import tensorflow_probability.substrates.jax as tfp

try:
    import blackjax
except ModuleNotFoundError:
    %pip install -qq blackjax
    import blackjax

tfd = tfp.distributions
------------------


---------------------------------------------------------------------------
ModuleNotFoundError                       Traceback (most recent call last)
Cell In[1], line 4
      2 import jax.numpy as jnp
      3 import matplotlib.pyplot as plt
----> 4 import arviz as az
      5 import seaborn as sns
      6 import numpy as np

File ~/miniconda3/envs/py310/lib/python3.10/site-packages/arviz/__init__.py:33
     27         super()._log(level, msg, *args, **kwargs)
     30 _log = Logger("arviz")
---> 33 from .data import *
     34 from .plots import *
     35 from .plots.backends import *

File ~/miniconda3/envs/py310/lib/python3.10/site-packages/arviz/data/__init__.py:2
      1 """Code for loading and manipulating data structures."""
----> 2 from .base import CoordSpec, DimSpec, dict_to_dataset, numpy_to_data_array
      3 from .converters import convert_to_dataset, convert_to_inference_data
      4 from .datasets import clear_data_home, list_datasets, load_arviz_data

File ~/miniconda3/envs/py310/lib/python3.10/site-packages/arviz/data/base.py:11
      8 from typing import Any, Callable, Dict, List, Optional, Tuple, TypeVar, Union
     10 import numpy as np
---> 11 import xarray as xr
     13 try:
     14     import ujson as json

File ~/miniconda3/envs/py310/lib/python3.10/site-packages/xarray/__init__.py:3
      1 from importlib.metadata import version as _version
----> 3 from xarray import testing, tutorial
      4 from xarray.backends.api import (
      5     load_dataarray,
      6     load_dataset,
   (...)
     10     save_mfdataset,
     11 )
     12 from xarray.backends.zarr import open_zarr

File ~/miniconda3/envs/py310/lib/python3.10/site-packages/xarray/testing/__init__.py:1
----> 1 from xarray.testing.assertions import (  # noqa: F401
      2     _assert_dataarray_invariants,
      3     _assert_dataset_invariants,
      4     _assert_indexes_invariants_checks,
      5     _assert_internal_invariants,
      6     _assert_variable_invariants,
      7     _data_allclose_or_equiv,
      8     assert_allclose,
      9     assert_chunks_equal,
     10     assert_duckarray_allclose,
     11     assert_duckarray_equal,
     12     assert_equal,
     13     assert_identical,
     14 )
     16 __all__ = [
     17     "assert_allclose",
     18     "assert_chunks_equal",
   (...)
     22     "assert_identical",
     23 ]

File ~/miniconda3/envs/py310/lib/python3.10/site-packages/xarray/testing/assertions.py:10
      7 import numpy as np
      8 import pandas as pd
---> 10 from xarray.core import duck_array_ops, formatting, utils
     11 from xarray.core.coordinates import Coordinates
     12 from xarray.core.dataarray import DataArray

File ~/miniconda3/envs/py310/lib/python3.10/site-packages/xarray/core/duck_array_ops.py:32
     19 from numpy import (  # noqa
     20     around,  # noqa
     21     gradient,
   (...)
     29     zeros_like,  # noqa
     30 )
     31 from numpy import concatenate as _concatenate
---> 32 from numpy.core.multiarray import normalize_axis_index  # type: ignore[attr-defined]
     33 from numpy.lib.stride_tricks import sliding_window_view  # noqa
     34 from packaging.version import Version

ModuleNotFoundError: No module named 'numpy.core'
