An error occurred while executing the following cell:
------------------
# -*- coding: utf-8 -*-
"""
Author : alokpriyadarshii

This code is based on https://github.com/probml/pmtk3/blob/master/demos/sliceSamplingDemo2d.m
"""


import numpy as np
from scipy.stats import norm
from scipy.stats import binom
from matplotlib import cm
import matplotlib.pyplot as plt

try:
    import probml_utils as pml
except ModuleNotFoundError:
    %pip install -qq git+https://github.com/probml/probml-utils.git
    import probml_utils as pml

from probml_utils.mcmc_utils import slice_sample
------------------


---------------------------------------------------------------------------
ImportError                               Traceback (most recent call last)
Cell In[1], line 12
     10 from scipy.stats import norm
     11 from scipy.stats import binom
---> 12 from matplotlib import cm
     13 import matplotlib.pyplot as plt
     15 try:

File ~/miniconda3/envs/py310/lib/python3.10/site-packages/matplotlib/__init__.py:264
    259         if parse_version(module.__version__) < parse_version(minver):
    260             raise ImportError(f"Matplotlib requires {modname}>={minver}; "
    261                               f"you have {module.__version__}")
--> 264 _check_versions()
    267 # The decorator ensures this always returns the same handler (and it is only
    268 # attached once).
    269 @functools.cache
    270 def _ensure_handler():

File ~/miniconda3/envs/py310/lib/python3.10/site-packages/matplotlib/__init__.py:260, in _check_versions()
    258 module = importlib.import_module(modname)
    259 if parse_version(module.__version__) < parse_version(minver):
--> 260     raise ImportError(f"Matplotlib requires {modname}>={minver}; "
    261                       f"you have {module.__version__}")

ImportError: Matplotlib requires numpy>=1.23; you have 1.22.4
