An error occurred while executing the following cell:
------------------
import jax
import math
import jax.numpy as jnp
from jax import scipy
import matplotlib.pyplot as plt
from sklearn.neighbors import KernelDensity
from matplotlib.patches import Ellipse
import seaborn as sns

try:
    from probml_utils import savefig, latexify
except ModuleNotFoundError:
    %pip install -qq git+https://github.com/probml/probml-utils.git
    from probml_utils import savefig, latexify
------------------


---------------------------------------------------------------------------
ModuleNotFoundError                       Traceback (most recent call last)
Cell In[1], line 1
----> 1 import jax
      2 import math
      3 import jax.numpy as jnp

File ~/miniconda3/envs/py310/lib/python3.10/site-packages/jax/__init__.py:25
     22 from jax.version import __version_info__ as __version_info__
     24 # Set Cloud TPU env vars if necessary before transitively loading C++ backend
---> 25 from jax._src.cloud_tpu_init import cloud_tpu_init as _cloud_tpu_init
     26 try:
     27   _cloud_tpu_init()

File ~/miniconda3/envs/py310/lib/python3.10/site-packages/jax/_src/cloud_tpu_init.py:20
     18 import warnings
     19 from jax import version
---> 20 from jax._src import config
     21 from jax._src import hardware_utils
     23 running_in_cloud_tpu_vm: bool = False

File ~/miniconda3/envs/py310/lib/python3.10/site-packages/jax/_src/config.py:27
     24 import sys
     25 from typing import Any, Generic, NoReturn, Optional, Protocol, TypeVar, cast
---> 27 from jax._src.lib import guard_lib
     28 from jax._src.lib import jax_jit
     29 from jax._src.lib import xla_client

File ~/miniconda3/envs/py310/lib/python3.10/site-packages/jax/_src/lib/__init__.py:86
     83 import jaxlib.cpu_feature_guard as cpu_feature_guard
     84 cpu_feature_guard.check_cpu_features()
---> 86 import jaxlib.lapack as lapack  # noqa: F401
     87 import jaxlib.utils as utils  # noqa: F401
     88 import jaxlib._jax as _jax  # noqa: F401

File ~/miniconda3/envs/py310/lib/python3.10/site-packages/jaxlib/lapack.py:17
      1 # Copyright 2018 The JAX Authors.
      2 #
      3 # Licensed under the Apache License, Version 2.0 (the "License");
   (...)
     12 # See the License for the specific language governing permissions and
     13 # limitations under the License.
     15 from typing import Any
---> 17 import numpy as np
     19 from .cpu import _lapack
     20 from .cpu._lapack import eig

ModuleNotFoundError: No module named 'numpy'
