An error occurred while executing the following cell:
------------------
# Modified from
# https://github.com/d2l-ai/d2l-en/blob/master/chapter_recurrent-neural-networks/lang-model.md
# D2L sec 8.2

import jax
import jax.numpy as jnp
import matplotlib.pyplot as plt

try:
    from probml_utils import savefig, latexify, is_latexify_enabled
except ModuleNotFoundError:
    %pip install -qq git+https://github.com/probml/probml-utils.git
    from probml_utils import savefig, latexify, is_latexify_enabled
import collections
import re
import os

try:
    import requests
except:
    %pip install -qq requests
    import requests
------------------


---------------------------------------------------------------------------
TypeError                                 Traceback (most recent call last)
Cell In[1], line 5
      1 # Modified from
      2 # https://github.com/d2l-ai/d2l-en/blob/master/chapter_recurrent-neural-networks/lang-model.md
      3 # D2L sec 8.2
----> 5 import jax
      6 import jax.numpy as jnp
      7 import matplotlib.pyplot as plt

File ~/miniconda3/envs/py310/lib/python3.10/site-packages/jax/__init__.py:25
     22 from jax.version import __version_info__ as __version_info__
     24 # Set Cloud TPU env vars if necessary before transitively loading C++ backend
---> 25 from jax._src.cloud_tpu_init import cloud_tpu_init as _cloud_tpu_init
     26 try:
     27   _cloud_tpu_init()

File ~/miniconda3/envs/py310/lib/python3.10/site-packages/jax/_src/cloud_tpu_init.py:17
     15 import os
     16 from jax import version
---> 17 from jax._src import config
     18 from jax._src import hardware_utils
     19 from typing import Optional

File ~/miniconda3/envs/py310/lib/python3.10/site-packages/jax/_src/config.py:27
     24 import threading
     25 from typing import Any, Callable, Generic, NamedTuple, NoReturn, TypeVar, cast
---> 27 from jax._src import lib
     28 from jax._src.lib import jax_jit
     29 from jax._src.lib import transfer_guard_lib

File ~/miniconda3/envs/py310/lib/python3.10/site-packages/jax/_src/lib/__init__.py:87
     84 cpu_feature_guard.check_cpu_features()
     86 import jaxlib.utils as utils
---> 87 import jaxlib.xla_client as xla_client
     88 import jaxlib.lapack as lapack
     90 xla_extension = xla_client._xla

File ~/miniconda3/envs/py310/lib/python3.10/site-packages/jaxlib/xla_client.py:30
     27 import threading
     28 from typing import Any, Protocol, Union
---> 30 import ml_dtypes
     31 import numpy as np
     33 from . import xla_extension as _xla

File ~/miniconda3/envs/py310/lib/python3.10/site-packages/ml_dtypes/__init__.py:40
     16 __all__ = [
     17     "__version__",
     18     "bfloat16",
   (...)
     35     "uint4",
     36 ]
     38 from typing import Type
---> 40 from ml_dtypes._finfo import finfo
     41 from ml_dtypes._iinfo import iinfo
     42 from ml_dtypes._ml_dtypes_ext import bfloat16

File ~/miniconda3/envs/py310/lib/python3.10/site-packages/ml_dtypes/_finfo.py:153
    149     smallest_subnormal = float.fromhex("0x1p-127")
    150     self.smallest_subnormal = float8_e8m0fnu(smallest_subnormal)
--> 153 class finfo(np.finfo):  # pylint: disable=invalid-name,missing-class-docstring
    154   __doc__ = np.finfo.__doc__
    156   @staticmethod
    157   def _bfloat16_finfo():

File ~/miniconda3/envs/py310/lib/python3.10/site-packages/ml_dtypes/_finfo.py:699, in finfo()
    684 _finfo_type_map = {
    685     _bfloat16_dtype: _bfloat16_finfo,
    686     _float4_e2m1fn_dtype: _float4_e2m1fn_finfo,
   (...)
    696     _float8_e8m0fnu_dtype: _float8_e8m0fnu_finfo,
    697 }
    698 _finfo_name_map = {t.name: t for t in _finfo_type_map}
--> 699 _finfo_cache = {
    700     t: init_fn.__func__()  # pytype: disable=attribute-error
    701     for t, init_fn in _finfo_type_map.items()
    702 }
    704 def __new__(cls, dtype):
    705   if isinstance(dtype, str):

File ~/miniconda3/envs/py310/lib/python3.10/site-packages/ml_dtypes/_finfo.py:700, in <dictcomp>(.0)
    684 _finfo_type_map = {
    685     _bfloat16_dtype: _bfloat16_finfo,
    686     _float4_e2m1fn_dtype: _float4_e2m1fn_finfo,
   (...)
    696     _float8_e8m0fnu_dtype: _float8_e8m0fnu_finfo,
    697 }
    698 _finfo_name_map = {t.name: t for t in _finfo_type_map}
    699 _finfo_cache = {
--> 700     t: init_fn.__func__()  # pytype: disable=attribute-error
    701     for t, init_fn in _finfo_type_map.items()
    702 }
    704 def __new__(cls, dtype):
    705   if isinstance(dtype, str):

File ~/miniconda3/envs/py310/lib/python3.10/site-packages/ml_dtypes/_finfo.py:668, in finfo._float8_e8m0fnu_finfo()
    666 # pylint: disable=protected-access
    667 obj._machar = _Float8E8m0fnuMachArLike()
--> 668 if not hasattr(obj, "tiny"):
    669   obj.tiny = float8_e8m0fnu(tiny)
    670 if not hasattr(obj, "smallest_normal"):

File ~/miniconda3/envs/py310/lib/python3.10/site-packages/numpy/core/getlimits.py:627, in finfo.tiny(self)
    612 @property
    613 def tiny(self):
    614     """Return the value for tiny, alias of smallest_normal.
    615 
    616     Returns
   (...)
    625         double-double.
    626     """
--> 627     return self.smallest_normal

File ~/miniconda3/envs/py310/lib/python3.10/site-packages/numpy/core/getlimits.py:606, in finfo.smallest_normal(self)
    591 """Return the value for the smallest normal.
    592 
    593 Returns
   (...)
    602     double-double.
    603 """
    604 # This check is necessary because the value for smallest_normal is
    605 # platform dependent for longdouble types.
--> 606 if isnan(self._machar.smallest_normal.flat[0]):
    607     warnings.warn(
    608         'The value of smallest normal is undefined for double double',
    609         UserWarning, stacklevel=2)
    610 return self._machar.smallest_normal.flat[0]

TypeError: ufunc 'isnan' not supported for the input types, and the inputs could not be safely coerced to any supported types according to the casting rule ''safe''
