An error occurred while executing the following cell:
------------------
try:
    import tinygp
except ImportError:
    %pip install -q tinygp
    import tinygp


import jax.numpy as jnp
from tinygp import kernels, GaussianProcess
from jax.config import config
from scipy.optimize import minimize
import matplotlib.pyplot as plt
import seaborn as sns

try:
    from probml_utils import latexify, savefig, is_latexify_enabled
except ModuleNotFoundError:
    %pip install git+https://github.com/probml/probml-utils.git
    from probml_utils import latexify, savefig, is_latexify_enabled


latexify(width_scale_factor=3, fig_height=1.5)
config.update("jax_enable_x64", True)
marksize = 20 if is_latexify_enabled() else 100
------------------

----- stdout -----
ERROR: pip's dependency resolver does not currently take into account all the packages that are installed. This behaviour is the source of the following dependency conflicts.
distrax 0.1.3 requires numpy<1.23,>=1.18.0, but you have numpy 2.2.6 which is incompatible.
WARNING: Running pip as the 'root' user can result in broken permissions and conflicting behaviour with the system package manager, possibly rendering your system unusable. It is recommended to use a virtual environment instead: https://pip.pypa.io/warnings/venv. Use the --root-user-action option if you know what you are doing and want to suppress this warning.

----- stdout -----
Note: you may need to restart the kernel to use updated packages.
------------------

---------------------------------------------------------------------------
ModuleNotFoundError                       Traceback (most recent call last)
Cell In[1], line 10
      8 import jax.numpy as jnp
      9 from tinygp import kernels, GaussianProcess
---> 10 from jax.config import config
     11 from scipy.optimize import minimize
     12 import matplotlib.pyplot as plt

ModuleNotFoundError: No module named 'jax.config'
