An error occurred while executing the following cell:
------------------
# Predict using kernel ridge
X_plot = jnp.linspace(0, 20, 10000)[:, None]
stime = time.time()
y_kr = kr.predict(X_plot)
print("Time for KRR prediction: %.3f" % (time.time() - stime))

# Predict using gp.predict
X_plot = X_plot.reshape(
    -1,
)
y = y.reshape(
    -1,
)


def build_gp(theta_, X):
    kernel = kernels.ExpSineSquared(scale=jnp.exp(theta_["log_scale"]), gamma=jnp.exp(theta_["log_gamma"]))
    gp = GaussianProcess(kernel, X, diag=jnp.exp(theta_["log_diag"]))
    return gp


# predict without variance
stime = time.time()
gp = build_gp(soln.params, X)
y_mu = gp.predict(y, X_plot, return_var=False)
print("Time for GPR prediction: %.3f" % (time.time() - stime))

# predict with variance
stime = time.time()
gp = build_gp(soln.params, X)
y_mu, y_var = gp.predict(y, X_plot, return_var=True)
print("Time for GPR prediction with standard-deviation: %.3f" % (time.time() - stime))
------------------

----- stdout -----
Time for KRR prediction: 0.103
------------------

---------------------------------------------------------------------------
ValueError                                Traceback (most recent call last)
Cell In[5], line 25
     23 stime = time.time()
     24 gp = build_gp(soln.params, X)
---> 25 y_mu = gp.predict(y, X_plot, return_var=False)
     26 print("Time for GPR prediction: %.3f" % (time.time() - stime))
     28 # predict with variance

    [... skipping hidden 16 frame]

File ~/miniconda3/envs/py310/lib/python3.10/site-packages/tinygp/gp.py:267, in GaussianProcess.predict(self, y, X_test, kernel, include_mean, return_var, return_cov)
    226 @partial(
    227     jax.jit,
    228     static_argnames=("include_mean", "return_var", "return_cov"),
   (...)
    238     return_cov: bool = False,
    239 ) -> JAXArray | tuple[JAXArray, JAXArray]:
    240     """Predict the GP model at new test points conditioned on observed data
    241 
    242     Args:
   (...)
    265         respectively.
    266     """
--> 267     _, cond = self.condition(y, X_test, kernel=kernel, include_mean=include_mean)
    268     if return_var:
    269         return cond.loc, cond.variance

    [... skipping hidden 1 frame]

File ~/miniconda3/envs/py310/lib/python3.10/site-packages/tinygp/gp.py:189, in GaussianProcess.condition(self, y, X_test, diag, noise, include_mean, kernel)
    182     matches = jax.tree_util.tree_map(
    183         lambda a, b: jnp.ndim(a) == jnp.ndim(b)
    184         and jnp.shape(a)[1:] == jnp.shape(b)[1:],
    185         self.X,
    186         X_test,
    187     )
    188     if not jax.tree_util.tree_reduce(lambda a, b: a and b, matches):
--> 189         raise ValueError(
    190             "`X_test` must have the same tree structure as the input `X`, "
    191             "and all but the leading dimension must have matching sizes"
    192         )
    194 alpha, log_prob, mean_value = self._condition(y, X_test, include_mean, kernel)
    195 if kernel is None:

ValueError: `X_test` must have the same tree structure as the input `X`, and all but the leading dimension must have matching sizes
