An error occurred while executing the following cell:
------------------
# Applying the graphical lasso to the flow-cytometry dataset
# Author: alokpriyadarshii
# Based on: https://github.com/probml/pmtk3/blob/master/demos/ggmLassoDemo.m
# Sourced from: https://github.com/empathy87/The-Elements-of-Statistical-Learning-Python-Notebooks/blob/master/examples/Protein%20Flow%20Cytometry.ipynb


import numpy as np
import matplotlib.pyplot as plt
import pandas as pd

try:
    import cvxpy as cp
except ModuleNotFoundError:
    %pip install -qq cvxpy
    import cvxpy as cp
try:
    import networkx as nx
except ModuleNotFoundError:
    %pip install -qq networkx
    import networkx as nx
try:
    import probml_utils as pml
except ModuleNotFoundError:
    %pip install -qq git+https://github.com/probml/probml-utils.git
    import probml_utils as pml

url = "https://raw.githubusercontent.com/empathy87/The-Elements-of-Statistical-Learning-Python-Notebooks/master/data/protein.data"
df = pd.read_csv(url, header=None, sep=" ")

X = df.to_numpy()

protein_names = ["Raf", "Mek", "Plcg", "PIP2", "PIP3", "Erk", "Akt", "PKA", "PKC", "P38", "Jnk"]
p = len(protein_names)

# the empirical covariance matrix
S = np.cov(X, rowvar=False) / 1000
lambdas = [36, 27, 7]
theta_estimates = []

#  In practice it is informative to examine the different sets of graphs that are obtained as λ is varied. Figure shows 4 different
#  solutions. The graph becomes more sparse as the penalty parameter is increased.

for lam in lambdas:
    # theta should be symmetric positive-definite
    theta = cp.Variable(shape=(p, p), PSD=True)
    # An alternative formulation of the problem () can be posed,
    # where we don't penalize the diagonal of theta.
    l1_penalty = sum([cp.abs(theta[i, j]) for i in range(p) for j in range(p) if i != j])
    objective = cp.Maximize(cp.log_det(theta) - cp.trace(theta @ S) - lam * l1_penalty)
    problem = cp.Problem(objective)
    problem.solve()
    if problem.status != cp.OPTIMAL:
        raise Exception("CVXPY Error")
    theta_estimates.append(theta.value)

lambdas.append(0)
theta_estimates.append(np.linalg.inv(S))

# Four different graphical-lasso solutions for the flow-cytometry data.
tmp = {name: name for name in protein_names}
# fig, axarr = plt.subplots(2, 2, figsize=(6, 6), dpi=150)
# plt.subplots_adjust(wspace=0.1, hspace=0.1)

angles = np.linspace(0, 1, p + 1)[:-1] * 2 * np.pi + np.pi / 2
for plot_idx in range(4):
    cons = np.argwhere(np.abs(theta_estimates[plot_idx]) > 0.00001)
    G, node_pos = nx.Graph(), {}
    for i, node in enumerate(protein_names):
        G.add_node(node)
        node_pos[node] = np.array([np.cos(angles[i]), np.sin(angles[i])])
    for i in range(cons.shape[0]):
        G.add_edge(protein_names[cons[i, 0]], protein_names[cons[i, 1]])
    # ax = axarr[plot_idx//2, plot_idx % 2]
    fig, ax = plt.subplots()
    nx.draw(G, node_pos, node_size=3, with_labels=False, ax=ax, edge_color="#174A7E", width=0.6, node_color="#174A7E")
    description = nx.draw_networkx_labels(G, node_pos, labels=tmp, ax=ax)
    for (i, (node, t)) in enumerate(description.items()):
        t.set_position((np.cos(angles[i]), np.sin(angles[i]) + 0.08))
        t.set_fontsize(7)
    ax.set_xlim(-1.2, 1.2)
    ax.set_ylim(-1.2, 1.2)
    ax.text(0, 1.18, f"λ = {lambdas[plot_idx]}", fontsize=8)
    plt.tight_layout()
    pml.savefig(f"ggm_lasso{plot_idx}.pdf")
plt.show()
------------------

----- stdout -----
Note: you may need to restart the kernel to use updated packages.
----- stdout -----
Note: you may need to restart the kernel to use updated packages.
----- stderr -----
/github/home/miniconda3/envs/py310/lib/python3.10/site-packages/probml_utils/plotting.py:70: UserWarning: renaming figures/ggm_lasso0.pdf to figures/ggm_lasso0_latexified.pdf because LATEXIFY is True
  warnings.warn(
----- stdout -----
saving image to figures/ggm_lasso0_latexified.pdf
Figure size: [6.4 4.8]
------------------

---------------------------------------------------------------------------
ValueError                                Traceback (most recent call last)
File ~/miniconda3/envs/py310/lib/python3.10/site-packages/IPython/core/formatters.py:402, in BaseFormatter.__call__(self, obj)
    400     pass
    401 else:
--> 402     return printer(obj)
    403 # Finally look for special method names
    404 method = get_real_method(obj, self.print_method)

File ~/miniconda3/envs/py310/lib/python3.10/site-packages/IPython/core/pylabtools.py:170, in print_figure(fig, fmt, bbox_inches, base64, **kwargs)
    167     from matplotlib.backend_bases import FigureCanvasBase
    168     FigureCanvasBase(fig)
--> 170 fig.canvas.print_figure(bytes_io, **kw)
    171 data = bytes_io.getvalue()
    172 if fmt == 'svg':

File ~/miniconda3/envs/py310/lib/python3.10/site-packages/matplotlib/backend_bases.py:2193, in FigureCanvasBase.print_figure(self, filename, dpi, facecolor, edgecolor, orientation, format, bbox_inches, pad_inches, bbox_extra_artists, backend, **kwargs)
   2189 try:
   2190     # _get_renderer may change the figure dpi (as vector formats
   2191     # force the figure dpi to 72), so we need to set it again here.
   2192     with cbook._setattr_cm(self.figure, dpi=dpi):
-> 2193         result = print_method(
   2194             filename,
   2195             facecolor=facecolor,
   2196             edgecolor=edgecolor,
   2197             orientation=orientation,
   2198             bbox_inches_restore=_bbox_inches_restore,
   2199             **kwargs)
   2200 finally:
   2201     if bbox_inches and restore_bbox:

File ~/miniconda3/envs/py310/lib/python3.10/site-packages/matplotlib/backend_bases.py:2043, in FigureCanvasBase._switch_canvas_and_return_print_method.<locals>.<lambda>(*args, **kwargs)
   2039     optional_kws = {  # Passed by print_figure for other renderers.
   2040         "dpi", "facecolor", "edgecolor", "orientation",
   2041         "bbox_inches_restore"}
   2042     skip = optional_kws - {*inspect.signature(meth).parameters}
-> 2043     print_method = functools.wraps(meth)(lambda *args, **kwargs: meth(
   2044         *args, **{k: v for k, v in kwargs.items() if k not in skip}))
   2045 else:  # Let third-parties do as they see fit.
   2046     print_method = meth

File ~/miniconda3/envs/py310/lib/python3.10/site-packages/matplotlib/backends/backend_agg.py:497, in FigureCanvasAgg.print_png(self, filename_or_obj, metadata, pil_kwargs)
    450 def print_png(self, filename_or_obj, *, metadata=None, pil_kwargs=None):
    451     """
    452     Write the figure to a PNG file.
    453 
   (...)
    495         *metadata*, including the default 'Software' key.
    496     """
--> 497     self._print_pil(filename_or_obj, "png", pil_kwargs, metadata)

File ~/miniconda3/envs/py310/lib/python3.10/site-packages/matplotlib/backends/backend_agg.py:445, in FigureCanvasAgg._print_pil(self, filename_or_obj, fmt, pil_kwargs, metadata)
    440 def _print_pil(self, filename_or_obj, fmt, pil_kwargs, metadata=None):
    441     """
    442     Draw the canvas, then save it using `.image.imsave` (to which
    443     *pil_kwargs* and *metadata* are forwarded).
    444     """
--> 445     FigureCanvasAgg.draw(self)
    446     mpl.image.imsave(
    447         filename_or_obj, self.buffer_rgba(), format=fmt, origin="upper",
    448         dpi=self.figure.dpi, metadata=metadata, pil_kwargs=pil_kwargs)

File ~/miniconda3/envs/py310/lib/python3.10/site-packages/matplotlib/backends/backend_agg.py:388, in FigureCanvasAgg.draw(self)
    385 # Acquire a lock on the shared font cache.
    386 with (self.toolbar._wait_cursor_for_draw_cm() if self.toolbar
    387       else nullcontext()):
--> 388     self.figure.draw(self.renderer)
    389     # A GUI class may be need to update a window using this draw, so
    390     # don't forget to call the superclass.
    391     super().draw()

File ~/miniconda3/envs/py310/lib/python3.10/site-packages/matplotlib/artist.py:95, in _finalize_rasterization.<locals>.draw_wrapper(artist, renderer, *args, **kwargs)
     93 @wraps(draw)
     94 def draw_wrapper(artist, renderer, *args, **kwargs):
---> 95     result = draw(artist, renderer, *args, **kwargs)
     96     if renderer._rasterizing:
     97         renderer.stop_rasterizing()

File ~/miniconda3/envs/py310/lib/python3.10/site-packages/matplotlib/artist.py:72, in allow_rasterization.<locals>.draw_wrapper(artist, renderer)
     69     if artist.get_agg_filter() is not None:
     70         renderer.start_filter()
---> 72     return draw(artist, renderer)
     73 finally:
     74     if artist.get_agg_filter() is not None:

File ~/miniconda3/envs/py310/lib/python3.10/site-packages/matplotlib/figure.py:3153, in Figure.draw(self, renderer)
   3150         pass
   3151         # ValueError can occur when resizing a window.
-> 3153 self.patch.draw(renderer)
   3154 mimage._draw_list_compositing_images(
   3155     renderer, self, artists, self.suppressComposite)
   3157 for sfig in self.subfigs:

File ~/miniconda3/envs/py310/lib/python3.10/site-packages/matplotlib/artist.py:72, in allow_rasterization.<locals>.draw_wrapper(artist, renderer)
     69     if artist.get_agg_filter() is not None:
     70         renderer.start_filter()
---> 72     return draw(artist, renderer)
     73 finally:
     74     if artist.get_agg_filter() is not None:

File ~/miniconda3/envs/py310/lib/python3.10/site-packages/matplotlib/patches.py:588, in Patch.draw(self, renderer)
    586 tpath = transform.transform_path_non_affine(path)
    587 affine = transform.get_affine()
--> 588 self._draw_paths_with_artist_properties(
    589     renderer,
    590     [(tpath, affine,
    591       # Work around a bug in the PDF and SVG renderers, which
    592       # do not draw the hatches if the facecolor is fully
    593       # transparent, but do if it is None.
    594       self._facecolor if self._facecolor[3] else None)])

File ~/miniconda3/envs/py310/lib/python3.10/site-packages/matplotlib/patches.py:573, in Patch._draw_paths_with_artist_properties(self, renderer, draw_path_args_list)
    570     renderer = PathEffectRenderer(self.get_path_effects(), renderer)
    572 for draw_path_args in draw_path_args_list:
--> 573     renderer.draw_path(gc, *draw_path_args)
    575 gc.restore()
    576 renderer.close_group('patch')

File ~/miniconda3/envs/py310/lib/python3.10/site-packages/matplotlib/backends/backend_agg.py:132, in RendererAgg.draw_path(self, gc, path, transform, rgbFace)
    130 else:
    131     try:
--> 132         self._renderer.draw_path(gc, path, transform, rgbFace)
    133     except OverflowError:
    134         cant_chunk = ''

ValueError: object __array__ method not producing an array
