An error occurred while executing the following cell:
------------------
try:
    from google.colab import files
except ModuleNotFoundError:
    %pip install -qq google
    from google.colab import files
uploaded = files.upload()
------------------

----- stdout -----
Note: you may need to restart the kernel to use updated packages.
------------------

---------------------------------------------------------------------------
ModuleNotFoundError                       Traceback (most recent call last)
Cell In[6], line 2
      1 try:
----> 2     from google.colab import files
      3 except ModuleNotFoundError:

ModuleNotFoundError: No module named 'google.colab'

During handling of the above exception, another exception occurred:

ModuleNotFoundError                       Traceback (most recent call last)
Cell In[6], line 5
      3 except ModuleNotFoundError:
      4     get_ipython().run_line_magic('pip', 'install -qq google')
----> 5     from google.colab import files
      6 uploaded = files.upload()

ModuleNotFoundError: No module named 'google.colab'
