An error occurred while executing the following cell:
------------------
"""
Author : alokpriyadarshii reddy Jilugu(@alokpriyadarshii)
This code is referenced from
https://github.com/probml/pmtk3/blob/master/demos/sparseDictDemo.m
spams package is from
https://gitlab.inria.fr/thoth/spams-devel
(Can be instaled from PyPi through pip install -qq ...)
"""


import numpy as np

try:
    from spams import trainDL, nmf, displayPatches, im2col_sliding
except ModuleNotFoundError:
    %pip install -qq spams
    from spams import trainDL, nmf, displayPatches, im2col_sliding
from sklearn.decomposition import TruncatedSVD

try:
    import probml_utils as pml
except ModuleNotFoundError:
    %pip install -qq git+https://github.com/probml/probml-utils.git
    import probml_utils as pml

import matplotlib.pyplot as plt
from PIL import Image
import requests
import io
------------------

----- stdout -----
  error: subprocess-exited-with-error
  
  × Building wheel for spams (pyproject.toml) did not run successfully.
  │ exit code: 1
  ╰─> [78 lines of output]
      running bdist_wheel
      running build
      running build_py
      creating build/lib.linux-x86_64-cpython-310/spams_wrap
      copying spams_wrap/__init__.py -> build/lib.linux-x86_64-cpython-310/spams_wrap
      copying spams_wrap/spams_wrap.py -> build/lib.linux-x86_64-cpython-310/spams_wrap
      creating build/lib.linux-x86_64-cpython-310/spams
      copying spams/__init__.py -> build/lib.linux-x86_64-cpython-310/spams
      copying spams/spams.py -> build/lib.linux-x86_64-cpython-310/spams
      creating build/lib.linux-x86_64-cpython-310/spams/tests
      copying spams/tests/test_decomp.py -> build/lib.linux-x86_64-cpython-310/spams/tests
      copying spams/tests/test_spams.py -> build/lib.linux-x86_64-cpython-310/spams/tests
      copying spams/tests/run.py -> build/lib.linux-x86_64-cpython-310/spams/tests
      copying spams/tests/__init__.py -> build/lib.linux-x86_64-cpython-310/spams/tests
      copying spams/tests/test_prox.py -> build/lib.linux-x86_64-cpython-310/spams/tests
      copying spams/tests/test_utils.py -> build/lib.linux-x86_64-cpython-310/spams/tests
      copying spams/tests/test_dictLearn.py -> build/lib.linux-x86_64-cpython-310/spams/tests
      copying spams/tests/test_linalg.py -> build/lib.linux-x86_64-cpython-310/spams/tests
      creating build/lib.linux-x86_64-cpython-310/spams/data
      copying spams/data/boat.png -> build/lib.linux-x86_64-cpython-310/spams/data
      copying spams/data/lena.png -> build/lib.linux-x86_64-cpython-310/spams/data
      copying spams/version -> build/lib.linux-x86_64-cpython-310/spams
      running build_ext
      Traceback (most recent call last):
        File "/github/home/miniconda3/envs/py310/lib/python3.10/site-packages/pip/_vendor/pyproject_hooks/_in_process/_in_process.py", line 389, in <module>
          main()
        File "/github/home/miniconda3/envs/py310/lib/python3.10/site-packages/pip/_vendor/pyproject_hooks/_in_process/_in_process.py", line 373, in main
          json_out["return_val"] = hook(**hook_input["kwargs"])
        File "/github/home/miniconda3/envs/py310/lib/python3.10/site-packages/pip/_vendor/pyproject_hooks/_in_process/_in_process.py", line 280, in build_wheel
          return _build_backend().build_wheel(
        File "/tmp/pip-build-env-21cd1ygi/overlay/lib/python3.10/site-packages/setuptools/build_meta.py", line 441, in build_wheel
          return _build(['bdist_wheel', '--dist-info-dir', str(metadata_directory)])
        File "/tmp/pip-build-env-21cd1ygi/overlay/lib/python3.10/site-packages/setuptools/build_meta.py", line 429, in _build
          return self._build_with_temp_dir(
        File "/tmp/pip-build-env-21cd1ygi/overlay/lib/python3.10/site-packages/setuptools/build_meta.py", line 410, in _build_with_temp_dir
          self.run_setup()
        File "/tmp/pip-build-env-21cd1ygi/overlay/lib/python3.10/site-packages/setuptools/build_meta.py", line 520, in run_setup
          super().run_setup(setup_script=setup_script)
        File "/tmp/pip-build-env-21cd1ygi/overlay/lib/python3.10/site-packages/setuptools/build_meta.py", line 317, in run_setup
          exec(code, locals())
        File "<string>", line 208, in <module>
        File "/tmp/pip-build-env-21cd1ygi/overlay/lib/python3.10/site-packages/setuptools/__init__.py", line 117, in setup
          return distutils.core.setup(**attrs)  # type: ignore[return-value]
        File "/tmp/pip-build-env-21cd1ygi/overlay/lib/python3.10/site-packages/setuptools/_distutils/core.py", line 186, in setup
          return run_commands(dist)
        File "/tmp/pip-build-env-21cd1ygi/overlay/lib/python3.10/site-packages/setuptools/_distutils/core.py", line 202, in run_commands
          dist.run_commands()
        File "/tmp/pip-build-env-21cd1ygi/overlay/lib/python3.10/site-packages/setuptools/_distutils/dist.py", line 1000, in run_commands
          self.run_command(cmd)
        File "/tmp/pip-build-env-21cd1ygi/overlay/lib/python3.10/site-packages/setuptools/dist.py", line 1107, in run_command
          super().run_command(command)
        File "/tmp/pip-build-env-21cd1ygi/overlay/lib/python3.10/site-packages/setuptools/_distutils/dist.py", line 1019, in run_command
          cmd_obj.run()
        File "/tmp/pip-build-env-21cd1ygi/overlay/lib/python3.10/site-packages/setuptools/command/bdist_wheel.py", line 370, in run
          self.run_command("build")
        File "/tmp/pip-build-env-21cd1ygi/overlay/lib/python3.10/site-packages/setuptools/_distutils/cmd.py", line 341, in run_command
          self.distribution.run_command(command)
        File "/tmp/pip-build-env-21cd1ygi/overlay/lib/python3.10/site-packages/setuptools/dist.py", line 1107, in run_command
          super().run_command(command)
        File "/tmp/pip-build-env-21cd1ygi/overlay/lib/python3.10/site-packages/setuptools/_distutils/dist.py", line 1019, in run_command
          cmd_obj.run()
        File "/tmp/pip-build-env-21cd1ygi/overlay/lib/python3.10/site-packages/setuptools/_distutils/command/build.py", line 135, in run
          self.run_command(cmd_name)
        File "/tmp/pip-build-env-21cd1ygi/overlay/lib/python3.10/site-packages/setuptools/_distutils/cmd.py", line 341, in run_command
          self.distribution.run_command(command)
        File "/tmp/pip-build-env-21cd1ygi/overlay/lib/python3.10/site-packages/setuptools/dist.py", line 1107, in run_command
          super().run_command(command)
        File "/tmp/pip-build-env-21cd1ygi/overlay/lib/python3.10/site-packages/setuptools/_distutils/dist.py", line 1019, in run_command
          cmd_obj.run()
        File "<string>", line 144, in run
        File "<string>", line 49, in get_config
        File "/tmp/pip-build-env-21cd1ygi/overlay/lib/python3.10/site-packages/numpy/distutils/system_info.py", line 196, in <module>
          from numpy.distutils.command.config import config as cmd_config
        File "/tmp/pip-build-env-21cd1ygi/overlay/lib/python3.10/site-packages/numpy/distutils/command/config.py", line 19, in <module>
          from numpy.distutils.mingw32ccompiler import generate_manifest
        File "/tmp/pip-build-env-21cd1ygi/overlay/lib/python3.10/site-packages/numpy/distutils/mingw32ccompiler.py", line 29, in <module>
          from distutils.msvccompiler import get_build_version as get_build_msvc_version
      ModuleNotFoundError: No module named 'distutils.msvccompiler'
      [end of output]
  
  note: This error originates from a subprocess, and is likely not a problem with pip.
  ERROR: Failed building wheel for spams
error: failed-wheel-build-for-install

× Failed to build installable wheels for some pyproject.toml based projects
╰─> spams
----- stdout -----
Note: you may need to restart the kernel to use updated packages.
------------------

---------------------------------------------------------------------------
ModuleNotFoundError                       Traceback (most recent call last)
Cell In[1], line 14
     13 try:
---> 14     from spams import trainDL, nmf, displayPatches, im2col_sliding
     15 except ModuleNotFoundError:

ModuleNotFoundError: No module named 'spams'

During handling of the above exception, another exception occurred:

ModuleNotFoundError                       Traceback (most recent call last)
Cell In[1], line 17
     15 except ModuleNotFoundError:
     16     get_ipython().run_line_magic('pip', 'install -qq spams')
---> 17     from spams import trainDL, nmf, displayPatches, im2col_sliding
     18 from sklearn.decomposition import TruncatedSVD
     20 try:

ModuleNotFoundError: No module named 'spams'
