An error occurred while executing the following cell:
------------------
import os
import pandas as pd
from collections import OrderedDict
import matplotlib.pyplot as plt
import numpy as np

try:
    import torch
except ModuleNotFoundError:
    %pip install -qq torch
    import torch
import torch.nn as nn
import torch.nn.functional as F

try:
    import torchvision
except ModuleNotFoundError:
    %pip install -qq torchvision
    import torchvision
import torchvision.transforms as transforms

try:
    from pytorch_lightning import LightningDataModule, LightningModule, Trainer
except ModuleNotFoundError:
    %pip install -qq pytorch_lightning
    from pytorch_lightning import LightningDataModule, LightningModule, Trainer
from torch.utils.data import DataLoader, random_split

try:
    from vae_celeba_lightning import VAE
except ModuleNotFoundError:
    %pip install -qq vae_celeba_lightning
    from vae_celeba_lightning import VAE
try:
    from einops import rearrange
except ModuleNotFoundError:
    %pip install -qq einops
    from einops import rearrange
from torchvision.utils import make_grid

try:
    from tqdm import tqdm
except ModuleNotFoundError:
    %pip install -qq tqdm
    from tqdm import tqdm
try:
    from lvm_plots_utils import get_random_samples, get_grid_samples, plot_scatter_plot, get_imrange, make_imrange
except ModuleNotFoundError:
    %pip install -qq lvm_plots_utils
    from lvm_plots_utils import get_random_samples, get_grid_samples, plot_scatter_plot, get_imrange, make_imrange
------------------

----- stderr -----
/github/home/miniconda3/envs/py310/lib/python3.10/site-packages/lightning_fabric/__init__.py:29: UserWarning: pkg_resources is deprecated as an API. See https://setuptools.pypa.io/en/latest/pkg_resources.html. The pkg_resources package is slated for removal as early as 2025-11-30. Refrain from using this package or pin to Setuptools<81.
  __import__("pkg_resources").declare_namespace(__name__)
----- stdout -----
ERROR: Could not find a version that satisfies the requirement vae_celeba_lightning (from versions: none)
ERROR: No matching distribution found for vae_celeba_lightning

----- stdout -----
Note: you may need to restart the kernel to use updated packages.
------------------

---------------------------------------------------------------------------
ModuleNotFoundError                       Traceback (most recent call last)
Cell In[3], line 30
     29 try:
---> 30     from vae_celeba_lightning import VAE
     31 except ModuleNotFoundError:

ModuleNotFoundError: No module named 'vae_celeba_lightning'

During handling of the above exception, another exception occurred:

ModuleNotFoundError                       Traceback (most recent call last)
Cell In[3], line 33
     31 except ModuleNotFoundError:
     32     get_ipython().run_line_magic('pip', 'install -qq vae_celeba_lightning')
---> 33     from vae_celeba_lightning import VAE
     34 try:
     35     from einops import rearrange

ModuleNotFoundError: No module named 'vae_celeba_lightning'
