An error occurred while executing the following cell:
------------------

# Gaussian mixture model suign PyMC3
# Based on https://github.com/aloctavodia/BAP/blob/master/code/Chp6/06_mixture_models.ipynb


try:
    import pymc3 as pm
except ModuleNotFoundError:
    %pip install -qq pymc3
    import pymc3 as pm
import numpy as np
import scipy.stats as stats

try:
    import pandas as pd
except ModuleNotFoundError:
    %pip install -qq pandas
    import pandas as pd
try:
    import theano.tensor as tt
except ModuleNotFoundError:
    %pip install -qq theano
    import theano.tensor as tt
import matplotlib.pyplot as plt

try:
    import arviz as az
except ModuleNotFoundError:
    %pip install -qq arviz
    import arviz as az
try:
    import probml_utils as pml
except ModuleNotFoundError:
    %pip install -qq git+https://github.com/probml/probml-utils.git
    import probml_utils as pml

np.random.seed(42)


# url = 'https://github.com/aloctavodia/BAP/tree/master/code/data/chemical_shifts_theo_exp.csv?raw=true'
# There is some error reading the abvoe file
# Error tokenizing data. C error: Expected 1 fields in line 71, saw 2
# So we make a copy here
url = "https://raw.githubusercontent.com/aloctavodia/BAP/master/code/data/chemical_shifts_theo_exp.csv"
df = pd.read_csv(url)
obs = df["exp"]

az.plot_kde(obs)
plt.hist(obs, density=True, bins=30, alpha=0.3)
plt.yticks([])
pml.savefig("gmm_pymc3_data.pdf", dpi=300)

# Illustrate unidentifiability

clusters = 2
with pm.Model() as model_mg:
    p = pm.Dirichlet("p", a=np.ones(clusters))
    means = pm.Normal("means", mu=obs.mean(), sd=10, shape=clusters)
    sd = pm.HalfNormal("sd", sd=10)
    y = pm.NormalMixture("y", w=p, mu=means, sd=sd, observed=obs)
    trace_mg = pm.sample(random_seed=123, cores=1, chains=2)

varnames = ["means", "p"]
print(az.summary(trace_mg, varnames))

az.plot_trace(trace_mg, varnames)
pml.savefig("gmm_pymc3_label_switching.pdf", dpi=300)

# Add constraint that mu[0] < mu[1] using a potential (penalty) function

clusters = 2
with pm.Model() as model_mgp:
    p = pm.Dirichlet("p", a=np.ones(clusters))
    means = pm.Normal("means", mu=np.array([0.9, 1]) * obs.mean(), sd=10, shape=clusters)
    sd = pm.HalfNormal("sd", sd=10)
    order_means = pm.Potential("order_means", tt.switch(means[1] - means[0] < 0, -np.inf, 0))
    y = pm.NormalMixture("y", w=p, mu=means, sd=sd, observed=obs)
    trace_mgp = pm.sample(1000, random_seed=123, cores=1, chains=2)

varnames = ["means", "p"]
print(az.summary(trace_mgp, varnames))
az.plot_trace(trace_mgp, varnames)
pml.savefig("gmm_pymc3_constrained.pdf", dpi=300)

plt.show()
------------------

----- stdout -----
ERROR: pip's dependency resolver does not currently take into account all the packages that are installed. This behaviour is the source of the following dependency conflicts.
jax 0.6.2 requires numpy>=1.26, but you have numpy 1.22.1 which is incompatible.
jax 0.6.2 requires scipy>=1.12, but you have scipy 1.7.3 which is incompatible.
jaxlib 0.6.2 requires numpy>=1.26, but you have numpy 1.22.1 which is incompatible.
jaxlib 0.6.2 requires scipy>=1.12, but you have scipy 1.7.3 which is incompatible.
scikit-learn 1.7.2 requires scipy>=1.8.0, but you have scipy 1.7.3 which is incompatible.

----- stdout -----
Note: you may need to restart the kernel to use updated packages.
------------------

---------------------------------------------------------------------------
ModuleNotFoundError                       Traceback (most recent call last)
Cell In[1], line 6
      5 try:
----> 6     import pymc3 as pm
      7 except ModuleNotFoundError:

ModuleNotFoundError: No module named 'pymc3'

During handling of the above exception, another exception occurred:

ModuleNotFoundError                       Traceback (most recent call last)
Cell In[1], line 9
      7 except ModuleNotFoundError:
      8     get_ipython().run_line_magic('pip', 'install -qq pymc3')
----> 9     import pymc3 as pm
     10 import numpy as np
     11 import scipy.stats as stats

File ~/miniconda3/envs/py310/lib/python3.10/site-packages/pymc3/__init__.py:35
     26 # Workaround for Theano bug that tries to access blas_opt_info;
     27 #  must be done before importing theano.
     28 # https://github.com/pymc-devs/pymc/issues/5310
     29 # Copied from theano/link/c/cmodule.py: default_blas_ldflags()
     30 if (
     31     hasattr(numpy.distutils, "__config__")
     32     and numpy.distutils.__config__
     33     and not hasattr(numpy.distutils.__config__, "blas_opt_info")
     34 ):
---> 35     import numpy.distutils.system_info  # noqa
     37     # We need to catch warnings as in some cases NumPy print
     38     # stuff that we don't want the user to see.
     39     with warnings.catch_warnings(record=True):

File ~/miniconda3/envs/py310/lib/python3.10/site-packages/numpy/distutils/system_info.py:196
    191 from numpy.distutils.exec_command import (
    192     find_executable, filepath_from_subprocess_output,
    193     )
    194 from numpy.distutils.misc_util import (is_sequence, is_string,
    195                                        get_shared_lib_extension)
--> 196 from numpy.distutils.command.config import config as cmd_config
    197 from numpy.distutils import customized_ccompiler as _customized_ccompiler
    198 from numpy.distutils import _shell_utils

File ~/miniconda3/envs/py310/lib/python3.10/site-packages/numpy/distutils/command/config.py:19
     17 import distutils
     18 from numpy.distutils.exec_command import filepath_from_subprocess_output
---> 19 from numpy.distutils.mingw32ccompiler import generate_manifest
     20 from numpy.distutils.command.autodist import (check_gcc_function_attribute,
     21                                               check_gcc_function_attribute_with_intrinsics,
     22                                               check_gcc_variable_attribute,
   (...)
     25                                               check_restrict,
     26                                               check_compiler_gcc)
     28 LANG_EXT['f77'] = '.f'

File ~/miniconda3/envs/py310/lib/python3.10/site-packages/numpy/distutils/mingw32ccompiler.py:28
     26 import distutils.cygwinccompiler
     27 from distutils.unixccompiler import UnixCCompiler
---> 28 from distutils.msvccompiler import get_build_version as get_build_msvc_version
     29 from distutils.errors import UnknownFileError
     30 from numpy.distutils.misc_util import (msvc_runtime_library,
     31                                        msvc_runtime_version,
     32                                        msvc_runtime_major,
     33                                        get_build_architecture)

ModuleNotFoundError: No module named 'distutils.msvccompiler'
