An error occurred while executing the following cell:
------------------
# K-means clustering in 2d
# Code is based on chapter 9 of
# https://github.com/ageron/handson-ml2


import numpy as np
import matplotlib.pyplot as plt

try:
    from sklearn.datasets import make_blobs
except ModuleNotFoundError:
    %pip install -qq scikit-learn
    from sklearn.datasets import make_blobs
from sklearn.cluster import KMeans

try:
    import probml_utils as pml
except ModuleNotFoundError:
    %pip install -qq git+https://github.com/probml/probml-utils.git
    import probml_utils as pml

if 0:
    blob_centers = np.array([[0.2, 2.3], [-1.5, 2.3], [-2.8, 1.8], [-2.8, 2.8], [-2.8, 1.3]])
    blob_std = np.array([0.4, 0.3, 0.1, 0.1, 0.1])
    X, y = make_blobs(n_samples=2000, centers=blob_centers, cluster_std=blob_std, random_state=7)

if 1:
    # two off-diagonal blobs
    X1, _ = make_blobs(n_samples=1000, centers=((4, -4), (0, 0)), random_state=42)
    X1 = X1.dot(np.array([[0.374, 0.95], [0.732, 0.598]]))
    # three spherical blobs
    blob_centers = np.array([[-4, 1], [-4, 3], [-4, -2]])
    s = 0.5
    blob_std = np.array([s, s, s])
    X2, _ = make_blobs(n_samples=1000, centers=blob_centers, cluster_std=blob_std, random_state=7)

    X = np.r_[X1, X2]
    K = 5


def plot_clusters(X, y=None):
    plt.scatter(X[:, 0], X[:, 1], c=y, s=1)
    plt.xlabel("$x_1$", fontsize=14)
    plt.ylabel("$x_2$", fontsize=14, rotation=0)


plt.figure()
plot_clusters(X)
pml.savefig("kmeans_voronoi_data.pdf")
plt.show()


def plot_data(X):
    plt.plot(X[:, 0], X[:, 1], "k.", markersize=2)


def plot_centroids(centroids, weights=None, circle_color="w", cross_color="k"):
    if weights is not None:
        centroids = centroids[weights > weights.max() / 10]
    plt.scatter(
        centroids[:, 0], centroids[:, 1], marker="o", s=30, linewidths=8, color=circle_color, zorder=10, alpha=0.9
    )
    plt.scatter(
        centroids[:, 0], centroids[:, 1], marker="x", s=50, linewidths=50, color=cross_color, zorder=11, alpha=1
    )


def plot_decision_boundaries(clusterer, X, resolution=1000, show_centroids=True):
    mins = X.min(axis=0) - 0.1
    maxs = X.max(axis=0) + 0.1
    xx, yy = np.meshgrid(np.linspace(mins[0], maxs[0], resolution), np.linspace(mins[1], maxs[1], resolution))
    Z = clusterer.predict(np.c_[xx.ravel(), yy.ravel()])
    Z = Z.reshape(xx.shape)

    plt.contourf(Z, extent=(mins[0], maxs[0], mins[1], maxs[1]), cmap="Pastel2")
    plt.contour(Z, extent=(mins[0], maxs[0], mins[1], maxs[1]), linewidths=1, colors="k")
    plot_data(X)
    if show_centroids:
        plot_centroids(clusterer.cluster_centers_)


K = 4
kmeans = KMeans(n_clusters=K, random_state=42)
y_pred = kmeans.fit_predict(X)

plt.figure()
plot_decision_boundaries(kmeans, X)
pml.savefig("kmeans_voronoi_output.pdf")
plt.show()


# distance of a set of 4 points to each cluster center
X_new = np.array([[0, 2], [3, 2], [-3, 3], [-3, 2.5]])
d1 = kmeans.transform(X_new)
d2 = np.linalg.norm(np.tile(X_new, (1, K)).reshape(-1, K, 2) - kmeans.cluster_centers_, axis=2)
print(d1)
print(d2)


### Plot iterations of K means

seed = 1
kmeans_iter1 = KMeans(n_clusters=K, init="random", n_init=1, algorithm="full", max_iter=1, random_state=seed)
kmeans_iter2 = KMeans(n_clusters=K, init="random", n_init=1, algorithm="full", max_iter=2, random_state=seed)
kmeans_iter3 = KMeans(n_clusters=K, init="random", n_init=1, algorithm="full", max_iter=3, random_state=seed)
kmeans_iter1.fit(X)
kmeans_iter2.fit(X)
kmeans_iter3.fit(X)


plt.figure()
nr = 2
nc = 2

plt.subplot(nr, nc, 1)
plot_data(X)
plot_centroids(kmeans_iter1.cluster_centers_, circle_color="r", cross_color="w")
plt.title("update centroids")

plt.subplot(nr, nc, 2)
plot_decision_boundaries(kmeans_iter1, X)
plt.title("assign data points to clusters")

plt.subplot(nr, nc, 3)
plot_decision_boundaries(kmeans_iter1, X, show_centroids=False)
plot_centroids(kmeans_iter2.cluster_centers_)

plt.subplot(nr, nc, 4)
plot_decision_boundaries(kmeans_iter2, X)

plt.tight_layout()
pml.savefig("kmeans_voronoi_iter.pdf")
plt.show()


### K means variability
seeds = [2, 3]
for seed in seeds:
    model = KMeans(n_clusters=K, init="random", n_init=1, algorithm="full", random_state=seed)
    model.fit(X)
    plt.figure()
    plot_decision_boundaries(model, X)
    loss = model.inertia_
    plt.title("distortion = {:0.2f}".format(loss, fontsize=14))
    plt.tight_layout()
    pml.savefig("kmeans_voronoi_init_{seed}.pdf")
    plt.show()
------------------

----- stderr -----
/github/home/miniconda3/envs/py310/lib/python3.10/site-packages/probml_utils/plotting.py:70: UserWarning: renaming figures/kmeans_voronoi_data.pdf to figures/kmeans_voronoi_data_latexified.pdf because LATEXIFY is True
  warnings.warn(
----- stdout -----
saving image to figures/kmeans_voronoi_data_latexified.pdf
----- stdout -----
Figure size: [6.4 4.8]
----- stderr -----
/github/home/miniconda3/envs/py310/lib/python3.10/site-packages/probml_utils/plotting.py:70: UserWarning: renaming figures/kmeans_voronoi_output.pdf to figures/kmeans_voronoi_output_latexified.pdf because LATEXIFY is True
  warnings.warn(
----- stdout -----
saving image to figures/kmeans_voronoi_output_latexified.pdf
Figure size: [6.4 4.8]
----- stdout -----
[[0.23520728 5.57963602 2.26692016 3.97136581]
 [3.05013993 7.98359392 4.55331016 6.97133284]
 [3.20474391 5.04380387 3.53704515 1.41186066]
 [3.04775941 4.55339773 3.1269721  1.10393881]]
[[0.23520728 5.57963602 2.26692016 3.97136581]
 [3.05013993 7.98359392 4.55331016 6.97133284]
 [3.20474391 5.04380387 3.53704515 1.41186066]
 [3.04775941 4.55339773 3.1269721  1.10393881]]
------------------

---------------------------------------------------------------------------
InvalidParameterError                     Traceback (most recent call last)
Cell In[1], line 106
    104 kmeans_iter2 = KMeans(n_clusters=K, init="random", n_init=1, algorithm="full", max_iter=2, random_state=seed)
    105 kmeans_iter3 = KMeans(n_clusters=K, init="random", n_init=1, algorithm="full", max_iter=3, random_state=seed)
--> 106 kmeans_iter1.fit(X)
    107 kmeans_iter2.fit(X)
    108 kmeans_iter3.fit(X)

File ~/miniconda3/envs/py310/lib/python3.10/site-packages/sklearn/base.py:1358, in _fit_context.<locals>.decorator.<locals>.wrapper(estimator, *args, **kwargs)
   1353 partial_fit_and_fitted = (
   1354     fit_method.__name__ == "partial_fit" and _is_fitted(estimator)
   1355 )
   1357 if not global_skip_validation and not partial_fit_and_fitted:
-> 1358     estimator._validate_params()
   1360 with config_context(
   1361     skip_parameter_validation=(
   1362         prefer_skip_nested_validation or global_skip_validation
   1363     )
   1364 ):
   1365     return fit_method(estimator, *args, **kwargs)

File ~/miniconda3/envs/py310/lib/python3.10/site-packages/sklearn/base.py:471, in BaseEstimator._validate_params(self)
    463 def _validate_params(self):
    464     """Validate types and values of constructor parameters
    465 
    466     The expected type and values must be defined in the `_parameter_constraints`
   (...)
    469     accepted constraints.
    470     """
--> 471     validate_parameter_constraints(
    472         self._parameter_constraints,
    473         self.get_params(deep=False),
    474         caller_name=self.__class__.__name__,
    475     )

File ~/miniconda3/envs/py310/lib/python3.10/site-packages/sklearn/utils/_param_validation.py:98, in validate_parameter_constraints(parameter_constraints, params, caller_name)
     92 else:
     93     constraints_str = (
     94         f"{', '.join([str(c) for c in constraints[:-1]])} or"
     95         f" {constraints[-1]}"
     96     )
---> 98 raise InvalidParameterError(
     99     f"The {param_name!r} parameter of {caller_name} must be"
    100     f" {constraints_str}. Got {param_val!r} instead."
    101 )

InvalidParameterError: The 'algorithm' parameter of KMeans must be a str among {'lloyd', 'elkan'}. Got 'full' instead.
