An error occurred while executing the following cell:
------------------
import jax
import jax.numpy as jnp
import numpy as np
import matplotlib
import seaborn as sns
import matplotlib.pyplot as plt
from IPython import display

try:
    import probml_utils as pml
except:
    %pip install -qq git+https://github.com/probml/probml-utils.git
    import probml_utils as pml


from mpl_toolkits.mplot3d import Axes3D
------------------

----- stdout -----
ERROR: Could not install packages due to an OSError: [Errno 2] No such file or directory: '/github/home/miniconda3/envs/py310/lib/python3.10/site-packages/scipy-1.15.3.dist-info/'


----- stdout -----
Note: you may need to restart the kernel to use updated packages.
------------------

---------------------------------------------------------------------------
ModuleNotFoundError                       Traceback (most recent call last)
Cell In[1], line 10
      9 try:
---> 10     import probml_utils as pml
     11 except:

ModuleNotFoundError: No module named 'probml_utils'

During handling of the above exception, another exception occurred:

ModuleNotFoundError                       Traceback (most recent call last)
Cell In[1], line 13
     11 except:
     12     get_ipython().run_line_magic('pip', 'install -qq git+https://github.com/probml/probml-utils.git')
---> 13     import probml_utils as pml
     16 from mpl_toolkits.mplot3d import Axes3D

ModuleNotFoundError: No module named 'probml_utils'
