An error occurred while executing the following cell:
------------------
from typing import Sequence
import matplotlib.pyplot as plt

%matplotlib inline

%pip install -qq jax==0.3.14
import jax
import jax.numpy as jnp

try:
    import flax.linen as nn
    from flax.training import train_state
except ModuleNotFoundError:
    %pip install -qq flax
    import flax.linen as nn
    from flax.training import train_state

try:
    import optax
except ModuleNotFoundError:
    %pip install -qq optax
    import optax

import functools
import scipy as sp
import math

try:
    import seaborn as sns
except ModuleNotFoundError:
    %pip install -qq seaborn
    import seaborn as sns

try:
    import probml_utils as pml
    from probml_utils import savefig, latexify
except ModuleNotFoundError:
    %pip install -qq git+https://github.com/probml/probml-utils.git
    import probml_utils as pml
    from probml_utils import savefig, latexify

rng = jax.random.PRNGKey(0)
------------------

----- stdout -----
Note: you may need to restart the kernel to use updated packages.
------------------

---------------------------------------------------------------------------
RuntimeError                              Traceback (most recent call last)
Cell In[1], line 7
      4 get_ipython().run_line_magic('matplotlib', 'inline')
      6 get_ipython().run_line_magic('pip', 'install -qq jax==0.3.14')
----> 7 import jax
      8 import jax.numpy as jnp
     10 try:

File ~/miniconda3/envs/py310/lib/python3.10/site-packages/jax/__init__.py:35
     30 del _cloud_tpu_init
     32 # Confusingly there are two things named "config": the module and the class.
     33 # We want the exported object to be the class, so we first import the module
     34 # to make sure a later import doesn't overwrite the class.
---> 35 from jax import config as _config_module
     36 del _config_module
     38 from jax._src.config import (
     39   config as config,
     40   enable_checks as enable_checks,
   (...)
     57   transfer_guard_device_to_host as transfer_guard_device_to_host,
     58 )

File ~/miniconda3/envs/py310/lib/python3.10/site-packages/jax/config.py:17
      1 # Copyright 2018 Google LLC
      2 #
      3 # Licensed under the Apache License, Version 2.0 (the "License");
   (...)
     14 
     15 # TODO(phawkins): fix users of this alias and delete this file.
---> 17 from jax._src.config import config

File ~/miniconda3/envs/py310/lib/python3.10/site-packages/jax/_src/config.py:29
     25 import warnings
     27 from absl import logging
---> 29 from jax._src import lib
     30 from jax._src.lib import jax_jit
     31 from jax._src.lib import transfer_guard_lib

File ~/miniconda3/envs/py310/lib/python3.10/site-packages/jax/_src/lib/__init__.py:94
     91   return _jaxlib_version
     93 version_str = jaxlib.version.__version__
---> 94 version = check_jaxlib_version(
     95   jax_version=jax.version.__version__,
     96   jaxlib_version=jaxlib.version.__version__,
     97   minimum_jaxlib_version=jax.version._minimum_jaxlib_version)
    101 # Before importing any C compiled modules from jaxlib, first import the CPU
    102 # feature guard module to verify that jaxlib was compiled in a way that only
    103 # uses instructions that are present on this machine.
    104 import jaxlib.cpu_feature_guard as cpu_feature_guard

File ~/miniconda3/envs/py310/lib/python3.10/site-packages/jax/_src/lib/__init__.py:89, in check_jaxlib_version(jax_version, jaxlib_version, minimum_jaxlib_version)
     85 if _jaxlib_version > _jax_version:
     86   msg = (f'jaxlib version {jaxlib_version} is newer than and '
     87          f'incompatible with jax version {jax_version}. Please '
     88          'update your jax and/or jaxlib packages.')
---> 89   raise RuntimeError(msg)
     91 return _jaxlib_version

RuntimeError: jaxlib version 0.6.2 is newer than and incompatible with jax version 0.3.14. Please update your jax and/or jaxlib packages.
