An error occurred while executing the following cell:
------------------
%cd /content/GANJax

import os

try:
    import cv2
except ModuleNotFoundError:
    %pip install -qq opencv-python
    import cv2
import matplotlib.pyplot as plt

from jax import numpy as jnp, random

try:
    from gan.progan import ProGAN as GAN
except ModuleNotFoundError:
    %pip install -qq gan
    from gan.progan import ProGAN as GAN
try:
    from utils.save_and_load import save_gan
except ModuleNotFoundError:
    %pip install -qq utils
    from utils.save_and_load import save_gan

try:
    import tensorflow as tf
except ModuleNotFoundError:
    %pip install -qq tensorflow
    import tensorflow as tf
from gan.dcgan import DCGAN as GAN
from utils.data import load_images_celeba_64

print(tf.__version__)
print("DEVICES VISIBLE BY TF - ", tf.config.list_physical_devices())
------------------

----- stdout -----
[Errno 2] No such file or directory: '/content/GANJax'
/__w/ProbGuardX/ProbGuardX
----- stdout -----
Note: you may need to restart the kernel to use updated packages.
------------------

---------------------------------------------------------------------------
ValueError                                Traceback (most recent call last)
Cell In[3], line 12
      9     import cv2
     10 import matplotlib.pyplot as plt
---> 12 from jax import numpy as jnp, random
     14 try:
     15     from gan.progan import ProGAN as GAN

File ~/miniconda3/envs/py310/lib/python3.10/site-packages/jax/__init__.py:37
     34 del _cloud_tpu_init
     36 # Force early import, allowing use of `jax.core` after importing `jax`.
---> 37 import jax.core as _core
     38 del _core
     40 # Note: import <name> as <name> is required for names to be exported.
     41 # See PEP 484 & https://github.com/jax-ml/jax/issues/7570

File ~/miniconda3/envs/py310/lib/python3.10/site-packages/jax/core.py:18
      1 # Copyright 2022 The JAX Authors.
      2 #
      3 # Licensed under the Apache License, Version 2.0 (the "License");
   (...)
     15 # Note: import <name> as <name> is required for names to be exported.
     16 # See PEP 484 & https://github.com/jax-ml/jax/issues/7570
---> 18 from jax._src.core import (
     19   AbstractToken as AbstractToken,
     20   AbstractValue as AbstractValue,
     21   Atom as Atom,
     22   CallPrimitive as CallPrimitive,
     23   DebugInfo as DebugInfo,
     24   DShapedArray as DShapedArray,
     25   DropVar as DropVar,
     26   Effect as Effect,
     27   Effects as Effects,
     28   get_opaque_trace_state as get_opaque_trace_state,
     29   InconclusiveDimensionOperation as InconclusiveDimensionOperation,
     30   JaxprPpContext as JaxprPpContext,
     31   JaxprPpSettings as JaxprPpSettings,
     32   JaxprTypeError as JaxprTypeError,
     33   nonempty_axis_env as nonempty_axis_env_DO_NOT_USE,  # noqa: F401
     34   OutputType as OutputType,
     35   ParamDict as ParamDict,
     36   ShapedArray as ShapedArray,
     37   Trace as Trace,
     38   Tracer as Tracer,
     39   unsafe_am_i_under_a_jit as unsafe_am_i_under_a_jit_DO_NOT_USE,  # noqa: F401
     40   unsafe_am_i_under_a_vmap as unsafe_am_i_under_a_vmap_DO_NOT_USE,  # noqa: F401
     41   unsafe_get_axis_names as unsafe_get_axis_names_DO_NOT_USE,  # noqa: F401
     42   UnshapedArray as UnshapedArray,
     43   Value as Value,
     44   abstract_token as abstract_token,
     45   aval_mapping_handlers as aval_mapping_handlers,
     46   call as call,
     47   call_impl as call_impl,
     48   check_jaxpr as check_jaxpr,
     49   concrete_or_error as concrete_or_error,
     50   concretization_function_error as concretization_function_error,
     51   custom_typechecks as custom_typechecks,
     52   ensure_compile_time_eval as ensure_compile_time_eval,
     53   eval_context as eval_context,
     54   eval_jaxpr as eval_jaxpr,
     55   find_top_trace as find_top_trace,
     56   gensym as gensym,
     57   get_aval as get_aval,
     58   is_concrete as is_concrete,
     59   is_constant_dim as is_constant_dim,
     60   is_constant_shape as is_constant_shape,
     61   jaxprs_in_params as jaxprs_in_params,
     62   literalable_types as literalable_types,
     63   mapped_aval as mapped_aval,
     64   max_dim as max_dim,
     65   min_dim as min_dim,
     66   new_jaxpr_eqn as new_jaxpr_eqn,
     67   no_axis_name as no_axis_name,
     68   no_effects as no_effects,
     69   primal_dtype_to_tangent_dtype as primal_dtype_to_tangent_dtype,
     70   pytype_aval_mappings as pytype_aval_mappings,
     71   set_current_trace as set_current_trace,
     72   subjaxprs as subjaxprs,
     73   take_current_trace as take_current_trace,
     74   trace_ctx as trace_ctx,
     75   TraceTag as TraceTag,
     76   traverse_jaxpr_params as traverse_jaxpr_params,
     77   unmapped_aval as unmapped_aval,
     78   valid_jaxtype as valid_jaxtype,
     79 )
     82 from jax._src import core as _src_core
     83 _deprecations = {
     84     # Added 2024-12-11
     85     "axis_frame": ("jax.core.axis_frame is deprecated.", _src_core.axis_frame),
   (...)
    143     "used_axis_names_jaxpr": ("jax.core.used_axis_names_jaxpr was removed in JAX v0.6.0.", None),
    144 }

File ~/miniconda3/envs/py310/lib/python3.10/site-packages/jax/_src/core.py:42
     40 from jax._src import effects
     41 from jax._src import compute_on
---> 42 from jax._src import mesh as mesh_lib
     43 from jax._src.mesh import AxisType
     44 from jax._src.partition_spec import PartitionSpec as P

File ~/miniconda3/envs/py310/lib/python3.10/site-packages/jax/_src/mesh.py:30
     27 import numpy as np
     29 from jax._src import config as jax_config
---> 30 from jax._src import xla_bridge as xb
     31 from jax._src.util import safe_zip, cache, tuple_delete
     32 from jax._src.lib import xla_client as xc

File ~/miniconda3/envs/py310/lib/python3.10/site-packages/jax/_src/xla_bridge.py:38
     35 import warnings
     37 from jax._src import config
---> 38 from jax._src import distributed
     39 from jax._src import hardware_utils
     40 from jax._src import traceback_util

File ~/miniconda3/envs/py310/lib/python3.10/site-packages/jax/_src/distributed.py:22
     19 import os
     20 from typing import Any
---> 22 from jax._src import clusters
     23 from jax._src import config
     24 from jax._src import xla_bridge

File ~/miniconda3/envs/py310/lib/python3.10/site-packages/jax/_src/clusters/__init__.py:28
     26 from .cloud_tpu_cluster import GkeTpuCluster as GkeTpuCluster
     27 from .cloud_tpu_cluster import GceTpuCluster as GceTpuCluster
---> 28 from .k8s_cluster import K8sCluster as K8sCluster

File ~/miniconda3/envs/py310/lib/python3.10/site-packages/jax/_src/clusters/k8s_cluster.py:36
     27 from jax._src import clusters
     30 logger = logging.getLogger(__name__)
     33 def retry(
     34     func=None,
     35     initial_delay=0,
---> 36     wait=np.logspace(-1, 1, 5) * np.random.rand(5),
     37     exceptions=Exception,
     38 ):
     39   def retry_decorator(func):
     40     def retry_driver(*args, **kwargs):
     41       # Retry the function call with exponential backoff

File ~/miniconda3/envs/py310/lib/python3.10/site-packages/numpy/__init__.py:340, in __getattr__(attr)
    338     x = ones(2, dtype=float32)
    339     if not abs(x.dot(x) - 2.0) < 1e-5:
--> 340         raise AssertionError()
    341 except AssertionError:
    342     msg = ("The current Numpy installation ({!r}) fails to "
    343            "pass simple sanity checks. This can be caused for example "
    344            "by incorrect BLAS library being linked in, or by mixing "
    345            "package managers (pip, conda, apt, ...). Search closed "
    346            "numpy issues for similar problems.")

File ~/miniconda3/envs/py310/lib/python3.10/site-packages/numpy/random/__init__.py:180
    126 __all__ = [
    127     'beta',
    128     'binomial',
   (...)
    176     'zipf',
    177 ]
    179 # add these for module-freeze analysis (like PyInstaller)
--> 180 from . import _pickle
    181 from . import _common
    182 from . import _bounded_integers

File ~/miniconda3/envs/py310/lib/python3.10/site-packages/numpy/random/_pickle.py:1
----> 1 from .mtrand import RandomState
      2 from ._philox import Philox
      3 from ._pcg64 import PCG64, PCG64DXSM

File mtrand.pyx:1, in init numpy.random.mtrand()

ValueError: numpy.dtype size changed, may indicate binary incompatibility. Expected 96 from C header, got 88 from PyObject
