An error occurred while executing the following cell:
------------------
from tkinter.tix import Tree
from unicodedata import name
from absl import app
from absl import flags
from typing import Any

try:
    import tensorflow as tf
except ModuleNotFoundError:
    %pip install -qq tensorflow
    import tensorflow as tf

try:
    import flax.linen as nn
except ModuleNotFoundError:
    %pip install -qq flax
    import flax.linen as nn
try:
    from probml_utils import savefig
except ModuleNotFoundError:
    %pip install git+https://github.com/probml/probml-utils.git
    from probml_utils import savefig

from flax.training import train_state, checkpoints
import shutil
import jax.numpy as jnp
import jax
from jax import random
import typing
from typing import Any
from typing import Sequence
import numpy as np

try:
    import optax
except ModuleNotFoundError:
    %pip install -qq optax
    import optax

try:
    import tensorflow_datasets as tfds
except ModuleNotFoundError:
    %pip install -qq tensorflow tensorflow_datasets
    import tensorflow_datasets as tfds


import scipy.io
import os
import math
import PIL
from PIL import Image
import matplotlib.pyplot as plt

os.environ["XLA_PYTHON_CLIENT_PREALLOCATE"] = "False"
------------------

----- stderr -----
/tmp/ipykernel_2209/3867189385.py:1: DeprecationWarning: The Tix Tk extension is unmaintained, and the tkinter.tix wrapper module is deprecated in favor of tkinter.ttk
  from tkinter.tix import Tree
----- stdout -----
ERROR: Could not install packages due to an OSError: [Errno 2] No such file or directory: '/github/home/miniconda3/envs/py310/lib/python3.10/site-packages/h5py-3.16.0.dist-info/'


----- stdout -----
Note: you may need to restart the kernel to use updated packages.
------------------

---------------------------------------------------------------------------
ModuleNotFoundError                       Traceback (most recent call last)
Cell In[3], line 8
      7 try:
----> 8     import tensorflow as tf
      9 except ModuleNotFoundError:

ModuleNotFoundError: No module named 'tensorflow'

During handling of the above exception, another exception occurred:

ModuleNotFoundError                       Traceback (most recent call last)
Cell In[3], line 11
      9 except ModuleNotFoundError:
     10     get_ipython().run_line_magic('pip', 'install -qq tensorflow')
---> 11     import tensorflow as tf
     13 try:
     14     import flax.linen as nn

ModuleNotFoundError: No module named 'tensorflow'
