An error occurred while executing the following cell:
------------------
# @title Code to quickly train MNIST VAE { display-mode: "form" }


def kl_loss(config, x, x_hat, z, mu, logvar):
    recons_loss = F.binary_cross_entropy(x_hat, x, reduction="mean")

    kld_loss = kl_divergence(mu, logvar)

    loss = recons_loss + config["kl_coeff"] * kld_loss
    return loss


def mmd_loss(config, x, x_hat, z, mu, logvar):
    recons_loss = F.binary_cross_entropy(x_hat, x, reduction="mean")

    mmd = MMD(torch.randn_like(z), z)

    loss = recons_loss + config["beta"] * mmd
    return loss


class Encoder(nn.Module):
    def __init__(self, latent_dim: int = 256):
        super(Encoder, self).__init__()

        self.encoder = nn.Sequential(nn.Linear(28 * 28, 512), nn.ReLU())
        self.fc_mu = nn.Linear(512, latent_dim)
        self.fc_var = nn.Linear(512, latent_dim)

    def forward(self, x):
        x = self.encoder(x)
        mu = self.fc_mu(x)
        log_var = self.fc_var(x)
        return mu, log_var


class Decoder(nn.Module):
    def __init__(self, latent_dim: int = 256):
        super(Decoder, self).__init__()

        # Build Decoder
        self.decoder = nn.Sequential(nn.Linear(latent_dim, 512), nn.ReLU(), nn.Linear(512, 28 * 28), nn.Sigmoid())

    def forward(self, z):
        result = self.decoder(z)
        return result


lr = 0.001
latent_dim = 2
encoder = Encoder(latent_dim)
decoder = Decoder(latent_dim)

encoder2 = Encoder(latent_dim)
decoder2 = Decoder(latent_dim)

mnist_full = MNIST(
    ".",
    download=True,
    train=True,
    transform=transforms.Compose([transforms.ToTensor(), lambda x: rearrange(x, "c h w -> (c h w)")]),
)
dm = DataLoader(mnist_full, batch_size=500, shuffle=True)

kl_loss = partial(kl_loss, {"kl_coeff": 1})
mmd_loss = partial(mmd_loss, {"beta": 1})
vanilla_vae = VAE("vanilla_vae", kl_loss, encoder, decoder)
vanilla_vae = VAEModule(vanilla_vae, lr, latent_dim)

mmd_vae = VAE("mmd_vae", mmd_loss, encoder2, decoder2)
mmd_vae = VAEModule(mmd_vae, lr, latent_dim)

trainer1 = Trainer(gpus=1, weights_summary="full", max_epochs=10)
trainer1.fit(vanilla_vae, dm)

trainer2 = Trainer(gpus=1, weights_summary="full", max_epochs=10)
trainer2.fit(mmd_vae, dm)
------------------

----- stderr -----
  0%|          | 0.00/9.91M [00:00<?, ?B/s]
----- stderr -----
  1%|          | 65.5k/9.91M [00:00<00:20, 492kB/s]
----- stderr -----
  2%|▏         | 229k/9.91M [00:00<00:09, 1.02MB/s]
----- stderr -----
  5%|▍         | 492k/9.91M [00:00<00:06, 1.46MB/s]
----- stderr -----
 11%|█         | 1.05M/9.91M [00:00<00:03, 2.55MB/s]
----- stderr -----
 21%|██        | 2.10M/9.91M [00:00<00:01, 4.47MB/s]
----- stderr -----
 41%|████      | 4.03M/9.91M [00:00<00:00, 7.85MB/s]
----- stderr -----
 82%|████████▏ | 8.09M/9.91M [00:00<00:00, 15.2MB/s]
----- stderr -----
100%|██████████| 9.91M/9.91M [00:00<00:00, 10.4MB/s]
----- stderr -----

----- stderr -----
  0%|          | 0.00/28.9k [00:00<?, ?B/s]
----- stderr -----
100%|██████████| 28.9k/28.9k [00:00<00:00, 433kB/s]
----- stderr -----

----- stderr -----
  0%|          | 0.00/1.65M [00:00<?, ?B/s]
----- stderr -----
  6%|▌         | 98.3k/1.65M [00:00<00:02, 736kB/s]
----- stderr -----
 16%|█▌        | 262k/1.65M [00:00<00:01, 1.02MB/s]
----- stderr -----
 26%|██▌       | 426k/1.65M [00:00<00:01, 1.21MB/s]
----- stderr -----
 50%|████▉     | 819k/1.65M [00:00<00:00, 1.92MB/s]
----- stderr -----
 91%|█████████▏| 1.51M/1.65M [00:00<00:00, 3.10MB/s]
----- stderr -----
100%|██████████| 1.65M/1.65M [00:00<00:00, 2.53MB/s]
----- stderr -----

----- stderr -----
  0%|          | 0.00/4.54k [00:00<?, ?B/s]
----- stderr -----
100%|██████████| 4.54k/4.54k [00:00<00:00, 3.13MB/s]
----- stderr -----

------------------

---------------------------------------------------------------------------
NameError                                 Traceback (most recent call last)
Cell In[2], line 67
     65 kl_loss = partial(kl_loss, {"kl_coeff": 1})
     66 mmd_loss = partial(mmd_loss, {"beta": 1})
---> 67 vanilla_vae = VAE("vanilla_vae", kl_loss, encoder, decoder)
     68 vanilla_vae = VAEModule(vanilla_vae, lr, latent_dim)
     70 mmd_vae = VAE("mmd_vae", mmd_loss, encoder2, decoder2)

NameError: name 'VAE' is not defined
