An error occurred while executing the following cell:
------------------
# Download Cifar-10 dataset

try:
    import tensorflow_datasets as tfds
except ModuleNotFoundError:
    %pip install -qq tensorflow tensorflow_datasets
    import tensorflow_datasets as tfds
dataset = tfds.load("cifar10", download=True)
------------------

----- stdout -----
Note: you may need to restart the kernel to use updated packages.
----- stderr -----
WARNING:absl:Variant folder /github/home/tensorflow_datasets/cifar10/3.0.2 has no dataset_info.json
----- stdout -----
Downloading and preparing dataset Unknown size (download: Unknown size, generated: Unknown size, total: Unknown size) to /github/home/tensorflow_datasets/cifar10/3.0.2...
------------------

---------------------------------------------------------------------------
AttributeError                            Traceback (most recent call last)
File ~/miniconda3/envs/py310/lib/python3.10/site-packages/etils/epy/lazy_imports_utils.py:84, in LazyModule._module(self)
     83   with _LOCK_PER_MODULE[self.module_name]:
---> 84     module = importlib.import_module(self.module_name)
     85 except ImportError as e:

File ~/miniconda3/envs/py310/lib/python3.10/importlib/__init__.py:126, in import_module(name, package)
    125         level += 1
--> 126 return _bootstrap._gcd_import(name[level:], package, level)

File <frozen importlib._bootstrap>:1050, in _gcd_import(name, package, level)

File <frozen importlib._bootstrap>:1027, in _find_and_load(name, import_)

File <frozen importlib._bootstrap>:1006, in _find_and_load_unlocked(name, import_)

File <frozen importlib._bootstrap>:688, in _load_unlocked(spec)

File <frozen importlib._bootstrap_external>:883, in exec_module(self, module)

File <frozen importlib._bootstrap>:241, in _call_with_frames_removed(f, *args, **kwds)

File ~/miniconda3/envs/py310/lib/python3.10/site-packages/tensorflow/__init__.py:49
     47 _tf2.enable()
---> 49 from tensorflow._api.v2 import __internal__
     50 from tensorflow._api.v2 import __operators__

File ~/miniconda3/envs/py310/lib/python3.10/site-packages/tensorflow/_api/v2/__internal__/__init__.py:8
      6 import sys as _sys
----> 8 from tensorflow._api.v2.__internal__ import autograph
      9 from tensorflow._api.v2.__internal__ import decorator

File ~/miniconda3/envs/py310/lib/python3.10/site-packages/tensorflow/_api/v2/__internal__/autograph/__init__.py:8
      6 import sys as _sys
----> 8 from tensorflow.python.autograph.core.ag_ctx import control_status_ctx # line: 34
      9 from tensorflow.python.autograph.impl.api import tf_convert # line: 493

File ~/miniconda3/envs/py310/lib/python3.10/site-packages/tensorflow/python/autograph/core/ag_ctx.py:21
     19 import threading
---> 21 from tensorflow.python.autograph.utils import ag_logging
     22 from tensorflow.python.util.tf_export import tf_export

File ~/miniconda3/envs/py310/lib/python3.10/site-packages/tensorflow/python/autograph/utils/__init__.py:17
     15 """Utility module that contains APIs usable in the generated code."""
---> 17 from tensorflow.python.autograph.utils.context_managers import control_dependency_on_returns
     18 from tensorflow.python.autograph.utils.misc import alias_tensors

File ~/miniconda3/envs/py310/lib/python3.10/site-packages/tensorflow/python/autograph/utils/context_managers.py:19
     17 import contextlib
---> 19 from tensorflow.python.framework import ops
     20 from tensorflow.python.ops import tensor_array_ops

File ~/miniconda3/envs/py310/lib/python3.10/site-packages/tensorflow/python/framework/ops.py:50
     49 from tensorflow.python.client import pywrap_tf_session
---> 50 from tensorflow.python.eager import context
     51 from tensorflow.python.eager import core

File ~/miniconda3/envs/py310/lib/python3.10/site-packages/tensorflow/python/eager/context.py:38
     37 from tensorflow.python.eager import cancellation
---> 38 from tensorflow.python.eager import execute
     39 from tensorflow.python.eager import executor

File ~/miniconda3/envs/py310/lib/python3.10/site-packages/tensorflow/python/eager/execute.py:21
     20 from tensorflow.python.eager import core
---> 21 from tensorflow.python.framework import dtypes
     22 from tensorflow.python.framework import tensor_conversion_registry

File ~/miniconda3/envs/py310/lib/python3.10/site-packages/tensorflow/python/framework/dtypes.py:786
    783     _NP_TO_TF[pdt] = next(
    784         _NP_TO_TF[dt] for dt in _NP_TO_TF if dt == pdt().dtype)  # pylint: disable=no-value-for-parameter
--> 786 if hasattr(np.dtypes, "StringDType"):
    787   _NP_TO_TF[np.dtypes.StringDType()] = string

File ~/miniconda3/envs/py310/lib/python3.10/site-packages/numpy/__init__.py:315, in __getattr__(attr)
    313     return Tester
--> 315 raise AttributeError("module {!r} has no attribute "
    316                      "{!r}".format(__name__, attr))

AttributeError: module 'numpy' has no attribute 'dtypes'

The above exception was the direct cause of the following exception:

ImportError                               Traceback (most recent call last)
File ~/miniconda3/envs/py310/lib/python3.10/site-packages/tensorflow_datasets/core/download/extractor.py:106, in _Extractor._extract(self, from_path, method, to_path)
    105 try:
--> 106   for path, handle in iter_archive(from_path, method):
    107     path = tf.compat.as_text(path)

File ~/miniconda3/envs/py310/lib/python3.10/site-packages/tensorflow_datasets/core/download/extractor.py:186, in iter_tar(arch_f, stream)
    184 read_type = 'r' + ('|' if stream else ':') + '*'
--> 186 with _open_or_pass(arch_f) as fobj:
    187   tar = tarfile.open(mode=read_type, fileobj=fobj)

File ~/miniconda3/envs/py310/lib/python3.10/contextlib.py:135, in _GeneratorContextManager.__enter__(self)
    134 try:
--> 135     return next(self.gen)
    136 except StopIteration:

File ~/miniconda3/envs/py310/lib/python3.10/site-packages/tensorflow_datasets/core/download/extractor.py:166, in _open_or_pass(path_or_fobj)
    165 if isinstance(path_or_fobj, epath.PathLikeCls):
--> 166   with tf.io.gfile.GFile(path_or_fobj, 'rb') as f_obj:
    167     yield f_obj

File ~/miniconda3/envs/py310/lib/python3.10/site-packages/etils/epy/lazy_imports_utils.py:123, in LazyModule.__getattr__(self, name)
    122 else:
--> 123   return getattr(self._module, name)

File ~/miniconda3/envs/py310/lib/python3.10/functools.py:981, in cached_property.__get__(self, instance, owner)
    980 if val is _NOT_FOUND:
--> 981     val = self.func(instance)
    982     try:

File ~/miniconda3/envs/py310/lib/python3.10/site-packages/etils/epy/lazy_imports_utils.py:96, in LazyModule._module(self)
     92   except AttributeError as e:
     93     # If `self._module` raises an `AttributeError`, this will trigger
     94     # `self.__getattr__('_module')`, triggering an infinite recursion.
     95     # To avoid this, we re-raise the `AttributeError` as an `ImportError`.
---> 96     raise ImportError(f"Error importing {self.module_name}: {e!r}") from e
     97 if self.success_callback is not None:

ImportError: Error importing tensorflow: AttributeError("module 'numpy' has no attribute 'dtypes'")

The above exception was the direct cause of the following exception:

ExtractError                              Traceback (most recent call last)
Cell In[2], line 8
      6     get_ipython().run_line_magic('pip', 'install -qq tensorflow tensorflow_datasets')
      7     import tensorflow_datasets as tfds
----> 8 dataset = tfds.load("cifar10", download=True)

File ~/miniconda3/envs/py310/lib/python3.10/site-packages/tensorflow_datasets/core/logging/__init__.py:176, in _FunctionDecorator.__call__(self, function, instance, args, kwargs)
    174 metadata = self._start_call()
    175 try:
--> 176   return function(*args, **kwargs)
    177 except Exception:
    178   metadata.mark_error()

File ~/miniconda3/envs/py310/lib/python3.10/site-packages/tensorflow_datasets/core/load.py:669, in load(name, split, data_dir, batch_size, shuffle_files, download, as_supervised, decoders, read_config, with_info, builder_kwargs, download_and_prepare_kwargs, as_dataset_kwargs, try_gcs, file_format)
    662 with ctx:
    663   dbuilder = _fetch_builder(
    664       name=name,
    665       data_dir=data_dir,
    666       builder_kwargs=builder_kwargs,
    667       try_gcs=try_gcs,
    668   )
--> 669 _download_and_prepare_builder(dbuilder, download, download_and_prepare_kwargs)
    671 if as_dataset_kwargs is None:
    672   as_dataset_kwargs = {}

File ~/miniconda3/envs/py310/lib/python3.10/site-packages/tensorflow_datasets/core/load.py:519, in _download_and_prepare_builder(dbuilder, download, download_and_prepare_kwargs)
    517 if download:
    518   download_and_prepare_kwargs = download_and_prepare_kwargs or {}
--> 519   dbuilder.download_and_prepare(**download_and_prepare_kwargs)

File ~/miniconda3/envs/py310/lib/python3.10/site-packages/tensorflow_datasets/core/logging/__init__.py:176, in _FunctionDecorator.__call__(self, function, instance, args, kwargs)
    174 metadata = self._start_call()
    175 try:
--> 176   return function(*args, **kwargs)
    177 except Exception:
    178   metadata.mark_error()

File ~/miniconda3/envs/py310/lib/python3.10/site-packages/tensorflow_datasets/core/dataset_builder.py:770, in DatasetBuilder.download_and_prepare(self, download_dir, download_config, file_format, permissions)
    768   self.info.read_from_directory(self.data_dir)
    769 else:
--> 770   self._download_and_prepare(
    771       dl_manager=dl_manager,
    772       download_config=download_config,
    773   )
    775   # NOTE: If modifying the lines below to put additional information in
    776   # DatasetInfo, you'll likely also want to update
    777   # DatasetInfo.read_from_directory to possibly restore these attributes
    778   # when reading from package data.
    779   self.info.download_size = dl_manager.downloaded_size

File ~/miniconda3/envs/py310/lib/python3.10/site-packages/tensorflow_datasets/core/dataset_builder.py:1819, in GeneratorBasedBuilder._download_and_prepare(self, dl_manager, download_config)
   1816 if download_config.max_examples_per_split == 0:
   1817   return
-> 1819 split_infos = self._generate_splits(dl_manager, download_config)
   1821 # Update the info object with the splits.
   1822 split_dict = splits_lib.SplitDict(split_infos)

File ~/miniconda3/envs/py310/lib/python3.10/site-packages/tensorflow_datasets/core/dataset_builder.py:1769, in GeneratorBasedBuilder._generate_splits(self, dl_manager, download_config)
   1767 else:
   1768   optional_pipeline_kwargs = {}
-> 1769 split_generators = self._split_generators(  # pylint: disable=unexpected-keyword-arg
   1770     dl_manager, **optional_pipeline_kwargs
   1771 )
   1772 # TODO(tfds): Could be removed once all datasets are migrated.
   1773 # https://github.com/tensorflow/datasets/issues/2537
   1774 # Legacy mode (eventually convert list[SplitGeneratorLegacy] -> dict)
   1775 split_generators = split_builder.normalize_legacy_split_generators(
   1776     split_generators=split_generators,
   1777     generator_fn=self._generate_examples,
   1778     is_beam=isinstance(self, BeamBasedBuilder),
   1779 )

File ~/miniconda3/envs/py310/lib/python3.10/site-packages/tensorflow_datasets/image_classification/cifar.py:83, in Cifar10._split_generators(self, dl_manager)
     81 def _split_generators(self, dl_manager):
     82   """Returns SplitGenerators."""
---> 83   cifar_path = dl_manager.download_and_extract(self._cifar_info.url)
     84   cifar_info = self._cifar_info
     86   cifar_path = os.path.join(cifar_path, cifar_info.prefix)

File ~/miniconda3/envs/py310/lib/python3.10/site-packages/tensorflow_datasets/core/download/download_manager.py:754, in DownloadManager.download_and_extract(self, url_or_urls)
    752 with self._downloader.tqdm():
    753   with self._extractor.tqdm():
--> 754     return _map_promise(self._download_extract, url_or_urls)

File ~/miniconda3/envs/py310/lib/python3.10/site-packages/tensorflow_datasets/core/download/download_manager.py:782, in _map_promise(map_fn, all_inputs)
    780 """Map the function into each element and resolve the promise."""
    781 all_promises = tree.map_structure(map_fn, all_inputs)  # Apply the function
--> 782 res = tree.map_structure(lambda p: p.get(), all_promises)  # Wait promises
    783 return res

File ~/miniconda3/envs/py310/lib/python3.10/site-packages/tree/__init__.py:428, in map_structure(func, *structures, **kwargs)
    425 for other in structures[1:]:
    426   assert_same_structure(structures[0], other, check_types=check_types)
    427 return unflatten_as(structures[0],
--> 428                     [func(*args) for args in zip(*map(flatten, structures))])

File ~/miniconda3/envs/py310/lib/python3.10/site-packages/tree/__init__.py:428, in <listcomp>(.0)
    425 for other in structures[1:]:
    426   assert_same_structure(structures[0], other, check_types=check_types)
    427 return unflatten_as(structures[0],
--> 428                     [func(*args) for args in zip(*map(flatten, structures))])

File ~/miniconda3/envs/py310/lib/python3.10/site-packages/tensorflow_datasets/core/download/download_manager.py:782, in _map_promise.<locals>.<lambda>(p)
    780 """Map the function into each element and resolve the promise."""
    781 all_promises = tree.map_structure(map_fn, all_inputs)  # Apply the function
--> 782 res = tree.map_structure(lambda p: p.get(), all_promises)  # Wait promises
    783 return res

File ~/miniconda3/envs/py310/lib/python3.10/site-packages/promise/promise.py:512, in Promise.get(self, timeout)
    510 target = self._target()
    511 self._wait(timeout or DEFAULT_TIMEOUT)
--> 512 return self._target_settled_value(_raise=True)

File ~/miniconda3/envs/py310/lib/python3.10/site-packages/promise/promise.py:516, in Promise._target_settled_value(self, _raise)
    514 def _target_settled_value(self, _raise=False):
    515     # type: (bool) -> Any
--> 516     return self._target()._settled_value(_raise)

File ~/miniconda3/envs/py310/lib/python3.10/site-packages/promise/promise.py:226, in Promise._settled_value(self, _raise)
    224 if _raise:
    225     raise_val = self._fulfillment_handler0
--> 226     reraise(type(raise_val), raise_val, self._traceback)
    227 return self._fulfillment_handler0

File ~/miniconda3/envs/py310/lib/python3.10/site-packages/six.py:724, in reraise(tp, value, tb)
    722     if value.__traceback__ is not tb:
    723         raise value.with_traceback(tb)
--> 724     raise value
    725 finally:
    726     value = None

File ~/miniconda3/envs/py310/lib/python3.10/site-packages/promise/promise.py:844, in _process_future_result.<locals>.handle_future_result(future)
    841 def handle_future_result(future):
    842     # type: (Any) -> None
    843     try:
--> 844         resolve(future.result())
    845     except Exception as e:
    846         tb = exc_info()[2]

File ~/miniconda3/envs/py310/lib/python3.10/concurrent/futures/_base.py:451, in Future.result(self, timeout)
    449     raise CancelledError()
    450 elif self._state == FINISHED:
--> 451     return self.__get_result()
    453 self._condition.wait(timeout)
    455 if self._state in [CANCELLED, CANCELLED_AND_NOTIFIED]:

File ~/miniconda3/envs/py310/lib/python3.10/concurrent/futures/_base.py:403, in Future.__get_result(self)
    401 if self._exception:
    402     try:
--> 403         raise self._exception
    404     finally:
    405         # Break a reference cycle with the exception in self._exception
    406         self = None

File ~/miniconda3/envs/py310/lib/python3.10/concurrent/futures/thread.py:58, in _WorkItem.run(self)
     55     return
     57 try:
---> 58     result = self.fn(*self.args, **self.kwargs)
     59 except BaseException as exc:
     60     self.future.set_exception(exc)

File ~/miniconda3/envs/py310/lib/python3.10/site-packages/tensorflow_datasets/core/download/extractor.py:128, in _Extractor._extract(self, from_path, method, to_path)
    122   if os.name == 'nt' and max_length_dst_path > 250:
    123     msg += (
    124         '\nOn windows, path lengths greater than 260 characters may result'
    125         ' in an error. See the doc to remove the limitation: '
    126         'https://docs.python.org/3/using/windows.html#removing-the-max-path-limitation'
    127     )
--> 128   raise ExtractError(msg) from err
    130 # `tf.io.gfile.Rename(overwrite=True)` doesn't work for non empty
    131 # directories, so delete destination first, if it already exists.
    132 to_path = epath.Path(to_path)

ExtractError: Error while extracting /github/home/tensorflow_datasets/downloads/cifar10/cs.toronto.edu_kriz_cifar-10-binaryxKOMUKG8XzocVTfyFVq51o-fJese2Nnd2j2ymlm8od0.tar.gz to /github/home/tensorflow_datasets/downloads/extracted/TAR_GZ.cs.toronto.edu_kriz_cifar-10-binaryxKOMUKG8XzocVTfyFVq51o-fJese2Nnd2j2ymlm8od0.tar.gz: Error importing tensorflow: AttributeError("module 'numpy' has no attribute 'dtypes'")
