An error occurred while executing the following cell:
------------------
# sklearn Models
from sklearn.gaussian_process import GaussianProcessRegressor
from sklearn import linear_model
from sklearn.gaussian_process.kernels import (
    WhiteKernel,
    Matern,
    ConstantKernel,
)

# sklearn Utils
from sklearn.base import BaseEstimator
from sklearn.base import clone
from sklearn.pipeline import make_pipeline
from sklearn.preprocessing import StandardScaler
from sklearn.model_selection import train_test_split


import numpy as np
from numpy.random import default_rng
import random

np.random.seed(42)

import matplotlib as mpl
import matplotlib.pyplot as plt
import seaborn as sns


try:
    from celluloid import Camera
except ModuleNotFoundError:
    %pip install -qq celluloid
    from celluloid import Camera

try:
    import probml_utils as pml
except ModuleNotFoundError:
    %pip install -qq git+https://github.com/probml/probml-utils.git
    import probml_utils as pml

from probml_utils import active_learn_utils as alu

try:
    import modAL
except ModuleNotFoundError:
    %pip install -qq modAL
    import modAL


from modAL.disagreement import max_std_sampling

from modAL.models import ActiveLearner
from modAL.utils.data import modALinput


from typing import Callable
from typing import Tuple
from typing import Optional
import warnings
from typing import List

from IPython.display import HTML
from functools import reduce
import operator
------------------

----- stdout -----
Note: you may need to restart the kernel to use updated packages.
----- stdout -----
Note: you may need to restart the kernel to use updated packages.
------------------

---------------------------------------------------------------------------
ModuleNotFoundError                       Traceback (most recent call last)
File ~/miniconda3/envs/py310/lib/python3.10/site-packages/probml_utils/active_learn_utils.py:20
     19 try:
---> 20     import modAL
     21 except ModuleNotFoundError:

ModuleNotFoundError: No module named 'modAL'

During handling of the above exception, another exception occurred:

ModuleNotFoundError                       Traceback (most recent call last)
Cell In[1], line 41
     38     get_ipython().run_line_magic('pip', 'install -qq git+https://github.com/probml/probml-utils.git')
     39     import probml_utils as pml
---> 41 from probml_utils import active_learn_utils as alu
     43 try:
     44     import modAL

File ~/miniconda3/envs/py310/lib/python3.10/site-packages/probml_utils/active_learn_utils.py:23
     21 except ModuleNotFoundError:
     22     subprocess.check_call([sys.executable, "-m", "pip", "install", "modAL"])
---> 23     import modAL
     25 from modAL.models import ActiveLearner
     26 from modAL.models import Committee

ModuleNotFoundError: No module named 'modAL'
