An error occurred while executing the following cell:
------------------
X = torch.tensor(X, dtype=torch.float32)
N, D = X.shape

ln = nn.LayerNorm(D)
bn = nn.BatchNorm1d(D)

print("batch norm")
XBN_t = bn(X)
print(XBN_t)
assert np.allclose(XBN_t.detach().numpy(), XBN, atol=1e-3)

print("layer norm")
XLN_t = ln(X)
print(XLN_t)
assert np.allclose(XLN_t.detach().numpy(), XLN, atol=1e-3)
------------------

----- stdout -----
batch norm
tensor([[-1.0000, -1.0000, -1.0000],
        [ 1.0000,  1.0000,  1.0000]], grad_fn=<NativeBatchNormBackward0>)
------------------

---------------------------------------------------------------------------
TypeError                                 Traceback (most recent call last)
Cell In[3], line 10
      8 XBN_t = bn(X)
      9 print(XBN_t)
---> 10 assert np.allclose(XBN_t.detach().numpy(), XBN, atol=1e-3)
     12 print("layer norm")
     13 XLN_t = ln(X)

File <__array_function__ internals>:180, in allclose(*args, **kwargs)

TypeError: no implementation found for 'numpy.allclose' on types that implement __array_function__: [<class 'numpy.ndarray'>, <class 'numpy.ndarray'>]
