An error occurred while executing the following cell:
------------------

import matplotlib.pyplot as plt
import numpy as np
from numpy.linalg import cholesky
try:
    from sklearn.linear_model import LogisticRegression
except ModuleNotFoundError:
    %pip install -qq scikit-learn
    from sklearn.linear_model import LogisticRegression
from sklearn.preprocessing import PolynomialFeatures

np.random.seed(12)


def gaussSample(mu, sigma, n):
    A = cholesky(sigma)
    Z = np.random.normal(loc=0, scale=1, size=(len(mu), n))
    return np.dot(A, Z).T + mu


def sqDistance(p, q):
    pSOS = np.sum(p ** 2, axis=1)
    qSOS = np.sum(q ** 2, axis=1)
    pSOS = np.repeat(pSOS[..., np.newaxis], len(qSOS), axis=1)
    dist = pSOS + qSOS - 2 * np.dot(p, q.T)
    return dist


def kernelRbfSigma(X1, X2, sigma):
    Z = 1.0 / np.sqrt(2 * np.pi * sigma ** 2)
    S = sqDistance(X1, X2)
    K = Z * np.exp(-1 / (2 * sigma ** 2) * S)
    return K


def createXORdata(doplot=False):
    off1 = gaussSample([1, 1], 0.5 * np.eye(2), 20)
    off2 = gaussSample([5, 5], 0.5 * np.eye(2), 20)
    on1 = gaussSample([1, 5], 0.5 * np.eye(2), 20)
    on2 = gaussSample([5, 1], 0.5 * np.eye(2), 20)
    X = np.concatenate([off1, off2, on1, on2], axis=0)
    y = np.concatenate([np.zeros((len(off1) + len(off2))), np.ones((len(on1) + len(on2)))], axis=0)

    if doplot:
        plt.plot(X[y == 0, 0], X[y == 0, 1], 'ob', MarkerSize=8)
        plt.plot(X[y == 1, 0], X[y == 1, 1], '+r', MarkerSize=8)
        plt.show()
    return X, y


def addOnes(X):
    X = np.concatenate((np.ones((len(X), 1)), X), axis=1)
    return X


def degexpand(x, deg, addO=0):
    n, m = x.shape

    temp = x
    for i in range(1, deg):
        xx = np.concatenate((x, temp ** (i + 1)), axis=1)
        x = xx

    if addO:
        xx = addOnes(xx)

    return xx


def rescaleData(x):
    minVal = -1
    maxVal = 1

    minx = np.min(X, axis=0)
    rangex = np.max(X, axis=0) - np.min(X, axis=0)
    y = (x - minx) / rangex

    y = y * (maxVal - minVal)
    y = y + minVal
    return y


def rbf_prototype(X1, protoTypesStnd, rbfScale):
    X1 = (X1 - X1.mean(axis=0)) / X1.std(axis=0)
    X1 = kernelRbfSigma(X1, protoTypesStnd, rbfScale)
    X1 = addOnes(X1)
    return X1


def poly_data(X1, deg):
    X1 = rescaleData(X1)
    X1 = degexpand(X1, deg)
    X1 = addOnes(X1)
    return X1


X, y = createXORdata(False)
tol = 1e-2

model = LogisticRegression(tol=tol)
model.fit(X, y)
ypred = model.predict(X)
errorRate = np.mean(ypred != y)

clf = LogisticRegression()
clf.fit(X, y)

fig, ax1 = plt.subplots(1, 1, figsize=(9, 6))
# Retrieve the model parameters.
b = clf.intercept_[0]
w1, w2 = clf.coef_.T
# Calculate the intercept and gradient of the decision boundary.
c = -b / w2
m = -w1 / w2

x_min, x_max = X[:, 0].min() - .5, X[:, 0].max() + .5
y_min, y_max = X[:, 1].min() - .5, X[:, 1].max() + .5
xd = np.array([x_min, x_max])
yd = m * xd + c
ax1.plot(xd, yd, 'k', lw=1, ls='--')
h = .02  # step size in the mesh
xx, yy = np.meshgrid(np.arange(x_min, x_max, h), np.arange(y_min, y_max, h))
X_plot_raw = np.c_[xx.ravel(), yy.ravel()]

Z = clf.predict(X_plot_raw)

# Put the result into a color plot
Z = Z.reshape(xx.shape)

ax1.pcolormesh(xx, yy, Z, cmap='Set3')

# Plot also the training points
ax1.scatter(X[:, 0], X[:, 1], c=y, edgecolors='k')
ax1.set_xlim(xx.min(), xx.max())
ax1.set_ylim(yy.min(), yy.max())
ax1.set_ylabel(r'$x_2$')
ax1.set_xlabel(r'$x_1$')
ax1.set_title('Simple Logistic regression')
fig.savefig('figures/logregXorLinear.png')

rbfScale = 1
polydeg = 2
protoTypes = np.array([[1,1], [1,5], [5,1], [5,5]])

protoTypesStnd = (protoTypes - protoTypes.mean(axis=0)) / protoTypes.std(axis=0)

X_rbf = rbf_prototype(X, protoTypesStnd, rbfScale)
lr = LogisticRegression(tol=tol)
lr.fit(X_rbf, y)

x_min, x_max = X[:, 0].min() - .5, X[:, 0].max() + .5
y_min, y_max = X[:, 1].min() - .5, X[:, 1].max() + .5
h = .02  # step size in the mesh
xx, yy = np.meshgrid(np.arange(x_min, x_max, h), np.arange(y_min, y_max, h))
X_plot_raw = np.c_[xx.ravel(), yy.ravel()]
X_plot = rbf_prototype(X_plot_raw, protoTypesStnd, rbfScale)
Z = lr.predict(X_plot)

# Put the result into a color plot
Z = Z.reshape(xx.shape)

fig, ax2 = plt.subplots(1, 1, figsize=(9, 6))
ax2.pcolormesh(xx, yy, Z, cmap='Set3')

# Plot also the training points
ax2.scatter(X[:, 0], X[:, 1], c=y, edgecolors='k')
ax2.scatter(protoTypes[:, 0], protoTypes[:, 1], marker='*', c='r', s=90)
ax2.set_xlabel(r'$x_1$')
ax2.set_ylabel(r'$x_2$')

ax2.set_xlim(xx.min(), xx.max())
ax2.set_ylim(yy.min(), yy.max())
ax2.set_title('rbf prototypes')
fig.savefig('figures/logregXorRbfProto.png')

X_poly = poly_data(X, 10)
lr = LogisticRegression(tol=tol)
lr.fit(X_poly, y)

x_min, x_max = X[:, 0].min() - .5, X[:, 0].max() + .5
y_min, y_max = X[:, 1].min() - .5, X[:, 1].max() + .5
h = .02  # step size in the mesh
xx, yy = np.meshgrid(np.arange(x_min, x_max, h), np.arange(y_min, y_max, h))
X_plot_raw = np.c_[xx.ravel(), yy.ravel()]
X_plot = poly_data(X_plot_raw, 10)
Z = lr.predict(X_plot)

# Put the result into a color plot
Z = Z.reshape(xx.shape)
fig, ax3 = plt.subplots(1, 1, figsize=(9, 6))
ax3.pcolormesh(xx, yy, Z, cmap='Set3')

# Plot also the training points
ax3.scatter(X[:, 0], X[:, 1], c=y, edgecolors='k')
ax3.set_xlabel(r'$x_1$')
ax3.set_ylabel(r'$x_2$')
ax3.set_title('poly10')
ax3.set_xlim(xx.min(), xx.max())
ax3.set_ylim(yy.min(), yy.max())
fig.savefig('figures/logregXorPoly.png')

------------------


---------------------------------------------------------------------------
AttributeError                            Traceback (most recent call last)
Cell In[1], line 5
      3 from numpy.linalg import cholesky
      4 try:
----> 5     from sklearn.linear_model import LogisticRegression
      6 except ModuleNotFoundError:
      7     get_ipython().run_line_magic('pip', 'install -qq scikit-learn')

File ~/miniconda3/envs/py310/lib/python3.10/site-packages/sklearn/__init__.py:73
     62 # `_distributor_init` allows distributors to run custom init code.
     63 # For instance, for the Windows wheel, this is used to pre-load the
     64 # vcomp shared library runtime for OpenMP embedded in the sklearn/.libs
   (...)
     67 # later is linked to the OpenMP runtime to make it possible to introspect
     68 # it and importing it first would fail if the OpenMP dll cannot be found.
     69 from . import (  # noqa: F401 E402
     70     __check_build,
     71     _distributor_init,
     72 )
---> 73 from .base import clone  # noqa: E402
     74 from .utils._show_versions import show_versions  # noqa: E402
     76 _submodules = [
     77     "calibration",
     78     "cluster",
   (...)
    114     "compose",
    115 ]

File ~/miniconda3/envs/py310/lib/python3.10/site-packages/sklearn/base.py:19
     17 from ._config import config_context, get_config
     18 from .exceptions import InconsistentVersionWarning
---> 19 from .utils._metadata_requests import _MetadataRequester, _routing_enabled
     20 from .utils._missing import is_scalar_nan
     21 from .utils._param_validation import validate_parameter_constraints

File ~/miniconda3/envs/py310/lib/python3.10/site-packages/sklearn/utils/__init__.py:9
      7 from . import metadata_routing
      8 from ._bunch import Bunch
----> 9 from ._chunking import gen_batches, gen_even_slices
     11 # Make _safe_indexing importable from here for backward compat as this particular
     12 # helper is considered semi-private and typically very useful for third-party
     13 # libraries that want to comply with scikit-learn's estimator API. In particular,
     14 # _safe_indexing was included in our public API documentation despite the leading
     15 # `_` in its name.
     16 from ._indexing import (
     17     _safe_indexing,  # noqa: F401
     18     resample,
     19     shuffle,
     20 )

File ~/miniconda3/envs/py310/lib/python3.10/site-packages/sklearn/utils/_chunking.py:11
      8 import numpy as np
     10 from .._config import get_config
---> 11 from ._param_validation import Interval, validate_params
     14 def chunk_generator(gen, chunksize):
     15     """Chunk generator, ``gen`` into lists of length ``chunksize``. The last
     16     chunk may have a length less than ``chunksize``."""

File ~/miniconda3/envs/py310/lib/python3.10/site-packages/sklearn/utils/_param_validation.py:17
     14 from scipy.sparse import csr_matrix, issparse
     16 from .._config import config_context, get_config
---> 17 from .validation import _is_arraylike_not_scalar
     20 class InvalidParameterError(ValueError, TypeError):
     21     """Custom exception to be raised when the parameter of a class/method/function
     22     does not have a valid type or value.
     23     """

File ~/miniconda3/envs/py310/lib/python3.10/site-packages/sklearn/utils/validation.py:21
     19 from .. import get_config as _get_config
     20 from ..exceptions import DataConversionWarning, NotFittedError, PositiveSpectrumWarning
---> 21 from ..utils._array_api import _asarray_with_order, _is_numpy_namespace, get_namespace
     22 from ..utils.deprecation import _deprecate_force_all_finite
     23 from ..utils.fixes import ComplexWarning, _preserve_dia_indices_dtype

File ~/miniconda3/envs/py310/lib/python3.10/site-packages/sklearn/utils/_array_api.py:20
     18 from ..externals import array_api_extra as xpx
     19 from ..externals.array_api_compat import numpy as np_compat
---> 20 from .fixes import parse_version
     22 # TODO: complete __all__
     23 __all__ = ["xpx"]  # we import xpx here just to re-export it, need this to appease ruff

File ~/miniconda3/envs/py310/lib/python3.10/site-packages/sklearn/utils/fixes.py:37
     33 sp_base_version = parse_version(sp_version.base_version)
     35 # TODO: We can consider removing the containers and importing
     36 # directly from SciPy when sparse matrices will be deprecated.
---> 37 CSR_CONTAINERS = [scipy.sparse.csr_matrix, scipy.sparse.csr_array]
     38 CSC_CONTAINERS = [scipy.sparse.csc_matrix, scipy.sparse.csc_array]
     39 COO_CONTAINERS = [scipy.sparse.coo_matrix, scipy.sparse.coo_array]

AttributeError: module 'scipy.sparse' has no attribute 'csr_array'
