An error occurred while executing the following cell:
------------------

try:
    import probml_utils as pml
except ModuleNotFoundError:
    %pip install -qq git+https://github.com/probml/probml-utils.git
    import probml_utils as pml
import matplotlib.pyplot as plt
import numpy as np
try:
    import pandas as pd
except ModuleNotFoundError:
    %pip install -qq pandas
    import pandas as pd
from scipy.special import logsumexp
try:
    from sklearn.linear_model import LinearRegression
except ModuleNotFoundError:
    %pip install -qq scikit-learn
    from sklearn.linear_model import LinearRegression
from scipy.stats import multivariate_normal
import probml_utils as pml

n = 200
np.random.seed(1)
y = np.random.rand(n, 1)
eta = np.random.randn(n,1)*0.05
x = y + 0.3*np.sin(2*3.1415*y) + eta
data = np.concatenate((x, y), axis=1)
K = 3

X = x.reshape(-1, 1)
y = y.reshape(-1, 1)
xtest = (x)
ytest = (y)

plt.figure()
plt.scatter(x, y, edgecolors='blue', color="none")
plt.title('Inverse problem')
pml.savefig('mixexp_inverse.pdf')
plt.show()

def normalizelogspace(x):
  L = logsumexp(x, axis=1).reshape(-1, 1)
  Lnew = np.repeat(L, 3, axis=1)
  y = x - Lnew
  return y, Lnew

def is_pos_def(x):
    return np.all(np.linalg.eigvals(x) > 0)

K = 3 #nmix
D = np.size(X, axis=1)
N = np.size(X, axis=0)
norm = 50
max_iter = 39
iteration = 0
r = np.zeros((N, K))
while iteration < max_iter:

      #E-step :
      np.random.seed(iteration)
      Wy = 0.1*np.random.randn(D, K)
      bias = 0.3*np.random.randn(D, K)
      mixweights = np.random.rand(1, K)
      normmw =  np.linalg.norm(mixweights)
      mixweights = mixweights/normmw
      sigma2 = 0.1*np.random.randn(1, K)
      q = np.log(mixweights)
      logprior = np.repeat(q, N, axis=0)
      loglik = np.zeros((N, K))
      for k in range(K):
        vecM = X*Wy[:, k] + bias[:, k]
        vecM = vecM.reshape(200, )
        cov = sigma2[0, k]
        cov = np.abs(cov)
        vecX = y
        x = multivariate_normal.logpdf(vecX, mean=vecM, cov=cov)
        x = x /norm
        loglik[:, k] = x
      logpost = loglik + logprior
      logpost, logZ = normalizelogspace(logpost)
      ll = np.sum(logZ)
      post = np.exp(logpost)

      #M-step:
      r = post
      mixweights = np.sum(r, axis=0)/N
      mixweights = mixweights.reshape(1, -1)

      for k in range(K):
        reg = LinearRegression()
        model = reg.fit(X, y, r[:, k])
        Wy[:, k] = model.coef_
        bias[:, k] = model.intercept_
        yhat_ = np.multiply(X, Wy[:, k]) + bias[:, k]
        sigma2[:, k] = np.sum(np.multiply(r[:, k], np.square(y-yhat_))) / sum(r[:, k])

      iteration = iteration + 1

N = np.size(X, axis=0)
D = np.size(X, axis=1)
K = 3
weights = np.repeat(mixweights, N, axis=0)
muk = np.zeros((N, K))
vk = np.zeros((N, K))
mu = np.zeros((N, ))
v = np.zeros((N, 1))
b = 0.3*np.random.randn(D, K)
for k in range(K):
    w = X*Wy[:, k] + bias[:, k]
    w = w.reshape(-1, )
    muk[:, k] = w
    q = np.multiply(weights[:, k], muk[:, k])
    mu = mu + q
    vk[:, k] = sigma2[:, k]
    v = v + np.multiply(weights[:, k], (vk[:, k] + np.square(muk[:, k]))).reshape(-1, 1)

v = v - np.square(mu).reshape(-1, 1)

plt.figure()
plt.scatter(xtest, y, edgecolors='blue', color="none")
plt.plot(xtest, muk[:, 0])
plt.plot(xtest, muk[:, 1])
plt.plot(xtest, muk[:, 2])
plt.title('Expert-predictions')
pml.savefig('mixexp_expert_predictions.pdf')
plt.show()

plt.figure()
for i in range(K):
  plt.scatter(y, post[:, i])
plt.title('Gating functions')
pml.savefig('mixexp_gating_functions.pdf')
plt.show()

map = np.empty((K, 1))
map = np.argmax(post, axis=1)
map = map.reshape(-1, 1)
yhat = np.empty((N, 1))
for i in range(N):
  yhat[i, 0] = muk[i, map[i, 0]]

plt.figure()
plt.scatter(xtest, yhat, marker=6, color='black')
plt.scatter(xtest, mu, marker='X', color='red')
plt.scatter(xtest, y, edgecolors='blue', color="none")
plt.title('prediction')
plt.legend(['mode', 'mean'])
pml.savefig('mixexp_predictions.pdf')
plt.show()

------------------


---------------------------------------------------------------------------
AttributeError                            Traceback (most recent call last)
Cell In[1], line 15
     13 from scipy.special import logsumexp
     14 try:
---> 15     from sklearn.linear_model import LinearRegression
     16 except ModuleNotFoundError:
     17     get_ipython().run_line_magic('pip', 'install -qq scikit-learn')

File ~/miniconda3/envs/py310/lib/python3.10/site-packages/sklearn/__init__.py:73
     62 # `_distributor_init` allows distributors to run custom init code.
     63 # For instance, for the Windows wheel, this is used to pre-load the
     64 # vcomp shared library runtime for OpenMP embedded in the sklearn/.libs
   (...)
     67 # later is linked to the OpenMP runtime to make it possible to introspect
     68 # it and importing it first would fail if the OpenMP dll cannot be found.
     69 from . import (  # noqa: F401 E402
     70     __check_build,
     71     _distributor_init,
     72 )
---> 73 from .base import clone  # noqa: E402
     74 from .utils._show_versions import show_versions  # noqa: E402
     76 _submodules = [
     77     "calibration",
     78     "cluster",
   (...)
    114     "compose",
    115 ]

File ~/miniconda3/envs/py310/lib/python3.10/site-packages/sklearn/base.py:19
     17 from ._config import config_context, get_config
     18 from .exceptions import InconsistentVersionWarning
---> 19 from .utils._metadata_requests import _MetadataRequester, _routing_enabled
     20 from .utils._missing import is_scalar_nan
     21 from .utils._param_validation import validate_parameter_constraints

File ~/miniconda3/envs/py310/lib/python3.10/site-packages/sklearn/utils/__init__.py:9
      7 from . import metadata_routing
      8 from ._bunch import Bunch
----> 9 from ._chunking import gen_batches, gen_even_slices
     11 # Make _safe_indexing importable from here for backward compat as this particular
     12 # helper is considered semi-private and typically very useful for third-party
     13 # libraries that want to comply with scikit-learn's estimator API. In particular,
     14 # _safe_indexing was included in our public API documentation despite the leading
     15 # `_` in its name.
     16 from ._indexing import (
     17     _safe_indexing,  # noqa: F401
     18     resample,
     19     shuffle,
     20 )

File ~/miniconda3/envs/py310/lib/python3.10/site-packages/sklearn/utils/_chunking.py:11
      8 import numpy as np
     10 from .._config import get_config
---> 11 from ._param_validation import Interval, validate_params
     14 def chunk_generator(gen, chunksize):
     15     """Chunk generator, ``gen`` into lists of length ``chunksize``. The last
     16     chunk may have a length less than ``chunksize``."""

File ~/miniconda3/envs/py310/lib/python3.10/site-packages/sklearn/utils/_param_validation.py:17
     14 from scipy.sparse import csr_matrix, issparse
     16 from .._config import config_context, get_config
---> 17 from .validation import _is_arraylike_not_scalar
     20 class InvalidParameterError(ValueError, TypeError):
     21     """Custom exception to be raised when the parameter of a class/method/function
     22     does not have a valid type or value.
     23     """

File ~/miniconda3/envs/py310/lib/python3.10/site-packages/sklearn/utils/validation.py:21
     19 from .. import get_config as _get_config
     20 from ..exceptions import DataConversionWarning, NotFittedError, PositiveSpectrumWarning
---> 21 from ..utils._array_api import _asarray_with_order, _is_numpy_namespace, get_namespace
     22 from ..utils.deprecation import _deprecate_force_all_finite
     23 from ..utils.fixes import ComplexWarning, _preserve_dia_indices_dtype

File ~/miniconda3/envs/py310/lib/python3.10/site-packages/sklearn/utils/_array_api.py:20
     18 from ..externals import array_api_extra as xpx
     19 from ..externals.array_api_compat import numpy as np_compat
---> 20 from .fixes import parse_version
     22 # TODO: complete __all__
     23 __all__ = ["xpx"]  # we import xpx here just to re-export it, need this to appease ruff

File ~/miniconda3/envs/py310/lib/python3.10/site-packages/sklearn/utils/fixes.py:37
     33 sp_base_version = parse_version(sp_version.base_version)
     35 # TODO: We can consider removing the containers and importing
     36 # directly from SciPy when sparse matrices will be deprecated.
---> 37 CSR_CONTAINERS = [scipy.sparse.csr_matrix, scipy.sparse.csr_array]
     38 CSC_CONTAINERS = [scipy.sparse.csc_matrix, scipy.sparse.csc_array]
     39 COO_CONTAINERS = [scipy.sparse.coo_matrix, scipy.sparse.coo_array]

AttributeError: module 'scipy.sparse' has no attribute 'csr_array'
