An error occurred while executing the following cell:
------------------
try:
    # %tensorflow_version only exists in Colab.
    %tensorflow_version 2.x
    IS_COLAB = True
except Exception:
    IS_COLAB = False

# TensorFlow ≥2.0 is required
try:
    import tensorflow as tf
except ModuleNotFoundError:
    %pip install -qq tensorflow
    import tensorflow as tf
from tensorflow import keras

assert tf.__version__ >= "2.0"

if not tf.config.list_physical_devices("GPU"):
    print("No GPU was detected. DNNs can be very slow without a GPU.")
    if IS_COLAB:
        print("Go to Runtime > Change runtime and select a GPU hardware accelerator.")
------------------

----- stdout -----
ERROR: pip's dependency resolver does not currently take into account all the packages that are installed. This behaviour is the source of the following dependency conflicts.
arviz 0.12.1 requires scipy>=0.19, which is not installed.
jax 0.4.30 requires scipy>=1.9, which is not installed.
jaxlib 0.4.30 requires scipy>=1.9, which is not installed.
jaxopt 0.8.5 requires scipy>=1.0.0, which is not installed.
pgmpy 1.1.2 requires scipy>=1.10, which is not installed.
probml-utils 0.1.dev116+g638ebb99f requires scipy, which is not installed.
pymc3 3.11.6 requires scipy<1.8.0,>=1.7.3, which is not installed.
pynndescent 0.6.0 requires scipy>=1.0, which is not installed.
scikit-learn 1.7.2 requires scipy>=1.8.0, which is not installed.
statsmodels 0.14.6 requires scipy!=1.9.2,>=1.8, which is not installed.
theano-pymc 1.1.2 requires scipy>=0.14, which is not installed.
umap-learn 0.5.7 requires scipy>=1.3.1, which is not installed.
xarray-einstats 0.6.0 requires scipy>=1.7, which is not installed.
distrax 0.1.3 requires numpy<1.23,>=1.18.0, but you have numpy 2.2.6 which is incompatible.
optax 0.2.8 requires jax>=0.5.3, but you have jax 0.4.30 which is incompatible.
optax 0.2.8 requires jaxlib>=0.5.3, but you have jaxlib 0.4.30 which is incompatible.
orbax-checkpoint 0.11.39 requires jax>=0.6.0, but you have jax 0.4.30 which is incompatible.
pymc3 3.11.6 requires numpy<1.22.2,>=1.15.0, but you have numpy 2.2.6 which is incompatible.

----- stdout -----
Note: you may need to restart the kernel to use updated packages.
------------------

---------------------------------------------------------------------------
ModuleNotFoundError                       Traceback (most recent call last)
Cell In[1], line 10
      9 try:
---> 10     import tensorflow as tf
     11 except ModuleNotFoundError:

ModuleNotFoundError: No module named 'tensorflow'

During handling of the above exception, another exception occurred:

ValueError                                Traceback (most recent call last)
Cell In[1], line 13
     11 except ModuleNotFoundError:
     12     get_ipython().run_line_magic('pip', 'install -qq tensorflow')
---> 13     import tensorflow as tf
     14 from tensorflow import keras
     16 assert tf.__version__ >= "2.0"

File ~/miniconda3/envs/py310/lib/python3.10/site-packages/tensorflow/__init__.py:469
    467     importlib.import_module("tf_keras.src.optimizers")
    468   else:
--> 469     importlib.import_module("keras.src.optimizers")
    470 except (ImportError, AttributeError):
    471   pass

File ~/miniconda3/envs/py310/lib/python3.10/importlib/__init__.py:126, in import_module(name, package)
    124             break
    125         level += 1
--> 126 return _bootstrap._gcd_import(name[level:], package, level)

File ~/miniconda3/envs/py310/lib/python3.10/site-packages/keras/__init__.py:7
      1 """DO NOT EDIT.
      2 
      3 This file was autogenerated. Do not edit it by hand,
      4 since your modifications would be overwritten.
      5 """
----> 7 from keras import _tf_keras as _tf_keras
      8 from keras import activations as activations
      9 from keras import applications as applications

File ~/miniconda3/envs/py310/lib/python3.10/site-packages/keras/_tf_keras/__init__.py:1
----> 1 from keras._tf_keras import keras

File ~/miniconda3/envs/py310/lib/python3.10/site-packages/keras/_tf_keras/keras/__init__.py:7
      1 """DO NOT EDIT.
      2 
      3 This file was autogenerated. Do not edit it by hand,
      4 since your modifications would be overwritten.
      5 """
----> 7 from keras import activations as activations
      8 from keras import applications as applications
      9 from keras import callbacks as callbacks

File ~/miniconda3/envs/py310/lib/python3.10/site-packages/keras/activations/__init__.py:7
      1 """DO NOT EDIT.
      2 
      3 This file was autogenerated. Do not edit it by hand,
      4 since your modifications would be overwritten.
      5 """
----> 7 from keras.src.activations import deserialize as deserialize
      8 from keras.src.activations import get as get
      9 from keras.src.activations import serialize as serialize

File ~/miniconda3/envs/py310/lib/python3.10/site-packages/keras/src/__init__.py:8
      6 from keras.src import initializers
      7 from keras.src import layers
----> 8 from keras.src import models
      9 from keras.src import ops
     10 from keras.src import optimizers

File ~/miniconda3/envs/py310/lib/python3.10/site-packages/keras/src/models/__init__.py:1
----> 1 from keras.src.models.functional import Functional
      2 from keras.src.models.model import Model
      3 from keras.src.models.sequential import Sequential

File ~/miniconda3/envs/py310/lib/python3.10/site-packages/keras/src/models/functional.py:16
     14 from keras.src.legacy.saving import saving_utils
     15 from keras.src.legacy.saving import serialization as legacy_serialization
---> 16 from keras.src.models.model import Model
     17 from keras.src.ops.function import Function
     18 from keras.src.ops.function import _build_map

File ~/miniconda3/envs/py310/lib/python3.10/site-packages/keras/src/models/model.py:14
     12 from keras.src.quantizers.gptq_core import gptq_quantize
     13 from keras.src.saving import saving_api
---> 14 from keras.src.trainers import trainer as base_trainer
     15 from keras.src.utils import summary_utils
     16 from keras.src.utils import traceback_utils

File ~/miniconda3/envs/py310/lib/python3.10/site-packages/keras/src/trainers/trainer.py:14
     12 from keras.src.trainers.compile_utils import CompileLoss
     13 from keras.src.trainers.compile_utils import CompileMetrics
---> 14 from keras.src.trainers.data_adapters import data_adapter_utils
     15 from keras.src.utils import python_utils
     16 from keras.src.utils import traceback_utils

File ~/miniconda3/envs/py310/lib/python3.10/site-packages/keras/src/trainers/data_adapters/__init__.py:4
      1 import types
      3 from keras.src.distribution import distribution_lib
----> 4 from keras.src.trainers.data_adapters import array_data_adapter
      5 from keras.src.trainers.data_adapters import data_adapter
      6 from keras.src.trainers.data_adapters import py_dataset_adapter

File ~/miniconda3/envs/py310/lib/python3.10/site-packages/keras/src/trainers/data_adapters/array_data_adapter.py:7
      4 import numpy as np
      6 from keras.src import tree
----> 7 from keras.src.trainers.data_adapters import array_slicing
      8 from keras.src.trainers.data_adapters import data_adapter_utils
      9 from keras.src.trainers.data_adapters.data_adapter import DataAdapter

File ~/miniconda3/envs/py310/lib/python3.10/site-packages/keras/src/trainers/data_adapters/array_slicing.py:12
      9 from keras.src.utils.module_utils import tensorflow as tf
     11 try:
---> 12     import pandas
     13 except ImportError:
     14     pandas = None

File ~/miniconda3/envs/py310/lib/python3.10/site-packages/pandas/__init__.py:22
     19 del _hard_dependencies, _dependency, _missing_dependencies
     21 # numpy compat
---> 22 from pandas.compat import is_numpy_dev as _is_numpy_dev  # pyright: ignore # noqa:F401
     24 try:
     25     from pandas._libs import hashtable as _hashtable, lib as _lib, tslib as _tslib

File ~/miniconda3/envs/py310/lib/python3.10/site-packages/pandas/compat/__init__.py:25
     17 from pandas.compat._constants import (
     18     IS64,
     19     PY39,
   (...)
     22     PYPY,
     23 )
     24 import pandas.compat.compressors
---> 25 from pandas.compat.numpy import (
     26     is_numpy_dev,
     27     np_version_under1p21,
     28 )
     29 from pandas.compat.pyarrow import (
     30     pa_version_under7p0,
     31     pa_version_under8p0,
     32     pa_version_under9p0,
     33     pa_version_under11p0,
     34 )
     37 def set_function_name(f: F, name: str, cls) -> F:

File ~/miniconda3/envs/py310/lib/python3.10/site-packages/pandas/compat/numpy/__init__.py:4
      1 """ support numpy compatibility across versions """
      2 import numpy as np
----> 4 from pandas.util.version import Version
      6 # numpy versioning
      7 _np_version = np.__version__

File ~/miniconda3/envs/py310/lib/python3.10/site-packages/pandas/util/__init__.py:2
      1 # pyright: reportUnusedImport = false
----> 2 from pandas.util._decorators import (  # noqa:F401
      3     Appender,
      4     Substitution,
      5     cache_readonly,
      6 )
      8 from pandas.core.util.hashing import (  # noqa:F401
      9     hash_array,
     10     hash_pandas_object,
     11 )

File ~/miniconda3/envs/py310/lib/python3.10/site-packages/pandas/util/_decorators.py:14
      6 from typing import (
      7     Any,
      8     Callable,
      9     Mapping,
     10     cast,
     11 )
     12 import warnings
---> 14 from pandas._libs.properties import cache_readonly
     15 from pandas._typing import (
     16     F,
     17     T,
     18 )
     19 from pandas.util._exceptions import find_stack_level

File ~/miniconda3/envs/py310/lib/python3.10/site-packages/pandas/_libs/__init__.py:13
      1 __all__ = [
      2     "NaT",
      3     "NaTType",
   (...)
      9     "Interval",
     10 ]
---> 13 from pandas._libs.interval import Interval
     14 from pandas._libs.tslibs import (
     15     NaT,
     16     NaTType,
   (...)
     21     iNaT,
     22 )

File ~/miniconda3/envs/py310/lib/python3.10/site-packages/pandas/_libs/interval.pyx:1, in init pandas._libs.interval()

ValueError: numpy.dtype size changed, may indicate binary incompatibility. Expected 96 from C header, got 88 from PyObject
