An error occurred while executing the following cell:
------------------
from __future__ import absolute_import
from __future__ import division
from __future__ import print_function

import os

try:
    import tensorflow_probability as tfp
except ModuleNotFoundError:
    %pip install -qq tensorflow_probability
import scipy.stats
from pprint import pprint
import matplotlib.pyplot as plt
import numpy as np
import seaborn as sns

%matplotlib inline

from IPython import display


sns.set(style="ticks", color_codes=True)

tfd = tfp.distributions

np.random.seed(12345)
tf.random.set_seed(12345)
------------------

----- stdout -----


Failed to import TF-Keras. Please note that TF-Keras is not installed by default when you install TensorFlow Probability. This is so that JAX-only users do not have to install TensorFlow or TF-Keras. To use TensorFlow Probability with TensorFlow, please install the tf-keras or tf-keras-nightly package.
This can be be done through installing the tensorflow-probability[tf] extra.
----- stdout -----
Note: you may need to restart the kernel to use updated packages.
------------------

---------------------------------------------------------------------------
NameError                                 Traceback (most recent call last)
Cell In[2], line 24
     19 from IPython import display
     22 sns.set(style="ticks", color_codes=True)
---> 24 tfd = tfp.distributions
     26 np.random.seed(12345)
     27 tf.random.set_seed(12345)

NameError: name 'tfp' is not defined
