An error occurred while executing the following cell:
------------------
# Source code modified from
# https://github.com/minepy/minepy/blob/master/examples/relationships.py

from __future__ import division
import numpy as np
import matplotlib.pyplot as plt

try:
    from minepy import MINE
except ModuleNotFoundError:
    %pip install -qq minepy
    from minepy import MINE
------------------

----- stdout -----
  error: subprocess-exited-with-error
  
  × Getting requirements to build wheel did not run successfully.
  │ exit code: 1
  ╰─> [17 lines of output]
      Traceback (most recent call last):
        File "/github/home/miniconda3/envs/py310/lib/python3.10/site-packages/pip/_vendor/pyproject_hooks/_in_process/_in_process.py", line 389, in <module>
          main()
        File "/github/home/miniconda3/envs/py310/lib/python3.10/site-packages/pip/_vendor/pyproject_hooks/_in_process/_in_process.py", line 373, in main
          json_out["return_val"] = hook(**hook_input["kwargs"])
        File "/github/home/miniconda3/envs/py310/lib/python3.10/site-packages/pip/_vendor/pyproject_hooks/_in_process/_in_process.py", line 143, in get_requires_for_build_wheel
          return hook(config_settings)
        File "/tmp/pip-build-env-yy6shrfv/overlay/lib/python3.10/site-packages/setuptools/build_meta.py", line 333, in get_requires_for_build_wheel
          return self._get_build_requires(config_settings, requirements=[])
        File "/tmp/pip-build-env-yy6shrfv/overlay/lib/python3.10/site-packages/setuptools/build_meta.py", line 301, in _get_build_requires
          self.run_setup()
        File "/tmp/pip-build-env-yy6shrfv/overlay/lib/python3.10/site-packages/setuptools/build_meta.py", line 520, in run_setup
          super().run_setup(setup_script=setup_script)
        File "/tmp/pip-build-env-yy6shrfv/overlay/lib/python3.10/site-packages/setuptools/build_meta.py", line 317, in run_setup
          exec(code, locals())
        File "<string>", line 3, in <module>
      ModuleNotFoundError: No module named 'pkg_resources'
      [end of output]
  
  note: This error originates from a subprocess, and is likely not a problem with pip.
ERROR: Failed to build 'minepy' when getting requirements to build wheel

----- stdout -----
Note: you may need to restart the kernel to use updated packages.
------------------

---------------------------------------------------------------------------
ModuleNotFoundError                       Traceback (most recent call last)
Cell In[1], line 9
      8 try:
----> 9     from minepy import MINE
     10 except ModuleNotFoundError:

ModuleNotFoundError: No module named 'minepy'

During handling of the above exception, another exception occurred:

ModuleNotFoundError                       Traceback (most recent call last)
Cell In[1], line 12
     10 except ModuleNotFoundError:
     11     get_ipython().run_line_magic('pip', 'install -qq minepy')
---> 12     from minepy import MINE

ModuleNotFoundError: No module named 'minepy'
