An error occurred while executing the following cell:
------------------
# DNA Sequence Demonstration
# Author: alokpriyadarshii, mu-arkhipov@
# Based on
# https://github.com/probml/pmtk3/blob/master/demos/seqlogoDemo.m
# See https://github.com/probml/pml-book/issues/581


##!pip install -qq logomaker


import jax.numpy as jnp
import os

try:
    import pandas as pd
except ModuleNotFoundError:
    %pip install -qq pandas
    import pandas as pd
try:
    import probml_utils as pml
except ModuleNotFoundError:
    %pip install -qq git+https://github.com/probml/probml-utils.git
    import probml_utils as pml

try:
    import logomaker
except ModuleNotFoundError:
    %pip install -qq logomaker
    import logomaker
import matplotlib.pyplot as plt

os.environ["FIG_DIR"] = "/Users/alokpriyadarshii/github/bookv2/figures"

seqs = [
    "atagccggtacggca",
    "ttagctgcaaccgca",
    "tcagccactagagca",
    "ataaccgcgaccgca",
    "ttagccgctaaggta",
    "taagcctcgtacgta",
    "ttagccgttacggcc",
    "atatccggtacagta",
    "atagcaggtaccgaa",
    "acatccgtgacggaa",
]

seq_len = len(seqs[0])
letter_to_cat = {"a": 0, "c": 1, "g": 2, "t": 3}
count_mat = jnp.zeros([seq_len, len(letter_to_cat)])
for seq in seqs:
    for n_pos, letter in enumerate(seq):
        count_mat = count_mat.at[n_pos, letter_to_cat[letter]].add(1)

prob_mat = count_mat / jnp.sum(count_mat, 1, keepdims=True)


# prob_mat = prob_mat.at[0].set([0.25, 0.25, 0.25, 0.25]) # for debugging
------------------


---------------------------------------------------------------------------
ImportError                               Traceback (most recent call last)
File ~/miniconda3/envs/py310/lib/python3.10/site-packages/pandas/__init__.py:26
     24 try:
     25     # numpy compat
---> 26     from pandas.compat import (
     27         is_numpy_dev as _is_numpy_dev,  # pyright: ignore[reportUnusedImport] # noqa: F401
     28     )
     29 except ImportError as _err:  # pragma: no cover

File ~/miniconda3/envs/py310/lib/python3.10/site-packages/pandas/compat/__init__.py:28
     27 import pandas.compat.compressors
---> 28 from pandas.compat.numpy import is_numpy_dev
     29 from pandas.compat.pyarrow import (
     30     HAS_PYARROW,
     31     pa_version_under10p1,
   (...)
     41     pa_version_under21p0,
     42 )

File ~/miniconda3/envs/py310/lib/python3.10/site-packages/pandas/compat/numpy/__init__.py:21
     20 if _nlv < Version(_min_numpy_ver):
---> 21     raise ImportError(
     22         f"this version of pandas is incompatible with numpy < {_min_numpy_ver}\n"
     23         f"your numpy version is {_np_version}.\n"
     24         f"Please upgrade numpy to >= {_min_numpy_ver} to use this pandas version"
     25     )
     28 np_long: type

ImportError: this version of pandas is incompatible with numpy < 1.22.4
your numpy version is 1.22.1.
Please upgrade numpy to >= 1.22.4 to use this pandas version

The above exception was the direct cause of the following exception:

ImportError                               Traceback (most recent call last)
Cell In[1], line 15
     12 import os
     14 try:
---> 15     import pandas as pd
     16 except ModuleNotFoundError:
     17     get_ipython().run_line_magic('pip', 'install -qq pandas')

File ~/miniconda3/envs/py310/lib/python3.10/site-packages/pandas/__init__.py:31
     29 except ImportError as _err:  # pragma: no cover
     30     _module = _err.name
---> 31     raise ImportError(
     32         f"C extension: {_module} not built. If you want to import "
     33         "pandas from the source directory, you may need to run "
     34         "'python setup.py build_ext' to build the C extensions first."
     35     ) from _err
     37 from pandas._config import (
     38     get_option,
     39     set_option,
   (...)
     43     options,
     44 )
     46 # let init-time option registration happen

ImportError: C extension: None not built. If you want to import pandas from the source directory, you may need to run 'python setup.py build_ext' to build the C extensions first.
