An error occurred while executing the following cell:
------------------
# Plot 2d sigmoid functions for various values of w1, w2.
# i.e. sigmoid(w1*x1 +%w2*x2)
# Based on https://github.com/probml/pmtk3/blob/master/demos/sigmoidplot2D.m
# Duane Rich
import jax
import jax.numpy as jnp
import matplotlib.pyplot as plt
from mpl_toolkits.mplot3d import proj3d
from mpl_toolkits.axes_grid1.inset_locator import inset_axes

try:
    from probml_utils import savefig, latexify
except ModuleNotFoundError:
    %pip install -qq git+https://github.com/probml/probml-utils.git
    from probml_utils import savefig, latexify
------------------


---------------------------------------------------------------------------
AttributeError                            Traceback (most recent call last)
Cell In[1], line 5
      1 # Plot 2d sigmoid functions for various values of w1, w2.
      2 # i.e. sigmoid(w1*x1 +%w2*x2)
      3 # Based on https://github.com/probml/pmtk3/blob/master/demos/sigmoidplot2D.m
      4 # Duane Rich
----> 5 import jax
      6 import jax.numpy as jnp
      7 import matplotlib.pyplot as plt

File ~/miniconda3/envs/py310/lib/python3.10/site-packages/jax/__init__.py:82
     79 del _xc
     81 from jax._src.core import typeof as typeof
---> 82 from jax._src.api import effects_barrier as effects_barrier
     83 from jax._src.api import block_until_ready as block_until_ready
     84 from jax._src.ad_checkpoint import checkpoint_wrapper as checkpoint  # noqa: F401

File ~/miniconda3/envs/py310/lib/python3.10/site-packages/jax/_src/api.py:43
     41 from jax._src import deprecations
     42 from jax._src import linear_util as lu
---> 43 from jax._src import stages
     44 from jax._src.tree_util import (
     45     tree_map, tree_flatten, tree_unflatten, tree_structure, tree_transpose,
     46     tree_leaves, Partial, PyTreeDef, all_leaves, keystr, broadcast_prefix,
     47     prefix_errors, generate_key_paths, tree_flatten_with_path,
     48     equality_errors_pytreedef)
     49 from jax._src import config

File ~/miniconda3/envs/py310/lib/python3.10/site-packages/jax/_src/stages.py:50
     48 from jax._src.sharding_impls import UnspecifiedValue, AUTO
     49 from jax._src.layout import Format, DeviceLocalLayout
---> 50 from jax._src.interpreters import mlir
     51 from jax._src.lib.mlir import ir
     52 from jax._src.lib import _jax

File ~/miniconda3/envs/py310/lib/python3.10/site-packages/jax/_src/interpreters/mlir.py:192
    161   return (isinstance(x, tuple) and len(x) != 1
    162           and all(isinstance(v, ir.Value) for v in x))
    165 # Non-canonicalized dtype to IR type mapping.
    166 _dtype_to_ir_type : dict[np.dtype, Callable[[], ir.Type]] = {
    167   np.dtype(dtypes.float0): partial(ir.IntegerType.get_signless, 1),
    168   np.dtype(np.bool_): partial(ir.IntegerType.get_signless, 1),
    169   np.dtype(dtypes.int4): partial(ir.IntegerType.get_signless, 4),
    170   np.dtype(np.int8): partial(ir.IntegerType.get_signless, 8),
    171   np.dtype(np.int16): partial(ir.IntegerType.get_signless, 16),
    172   np.dtype(np.int32): partial(ir.IntegerType.get_signless, 32),
    173   np.dtype(np.int64): partial(ir.IntegerType.get_signless, 64),
    174   np.dtype(dtypes.uint4): partial(ir.IntegerType.get_unsigned, 4),
    175   np.dtype(np.uint8): partial(ir.IntegerType.get_unsigned, 8),
    176   np.dtype(np.uint16): partial(ir.IntegerType.get_unsigned, 16),
    177   np.dtype(np.uint32): partial(ir.IntegerType.get_unsigned, 32),
    178   np.dtype(np.uint64): partial(ir.IntegerType.get_unsigned, 64),
    179   np.dtype(dtypes.float8_e4m3b11fnuz): ir.Float8E4M3B11FNUZType.get,
    180   np.dtype(dtypes.float8_e4m3fn): ir.Float8E4M3FNType.get,
    181   np.dtype(dtypes.float8_e4m3fnuz): ir.Float8E4M3FNUZType.get,
    182   np.dtype(dtypes.float8_e5m2): ir.Float8E5M2Type.get,
    183   np.dtype(dtypes.float8_e5m2fnuz): ir.Float8E5M2FNUZType.get,
    184   np.dtype(dtypes.bfloat16): ir.BF16Type.get,
    185   np.dtype(np.float16): ir.F16Type.get,
    186   np.dtype(np.float32): ir.F32Type.get,
    187   np.dtype(np.float64): ir.F64Type.get,
    188   np.dtype(np.complex64): lambda: ir.ComplexType.get(ir.F32Type.get()),
    189   np.dtype(np.complex128): lambda: ir.ComplexType.get(ir.F64Type.get()),
    190   np.dtype(dtypes.int2): partial(ir.IntegerType.get_signless, 2),
    191   np.dtype(dtypes.uint2): partial(ir.IntegerType.get_unsigned, 2),
--> 192   np.dtype(dtypes.float8_e3m4): ir.Float8E3M4Type.get,
    193   np.dtype(dtypes.float8_e4m3): ir.Float8E4M3Type.get,
    194   np.dtype(dtypes.float8_e8m0fnu): ir.Float8E8M0FNUType.get,
    195   np.dtype(dtypes.float4_e2m1fn): ir.Float4E2M1FNType.get,
    196 }
    198 def dtype_to_ir_type(dtype: core.bint | np.dtype | np.generic) -> ir.Type:
    199   if isinstance(dtype, core.bint):
    200     # TODO Support different-size underlying dtypes to take advantage of the
    201     # bound for packing?

AttributeError: module 'jaxlib.mlir.ir' has no attribute 'Float8E3M4Type'
