An error occurred while executing the following cell:
------------------
import matplotlib

# matplotlib.use("TKAgg") # Ideally one should use this, but this gives error
matplotlib.use("Agg")  # this does not give interactive plot
import matplotlib.pyplot as plt
------------------


---------------------------------------------------------------------------
ModuleNotFoundError                       Traceback (most recent call last)
Cell In[1], line 1
----> 1 import matplotlib
      3 # matplotlib.use("TKAgg") # Ideally one should use this, but this gives error
      4 matplotlib.use("Agg")  # this does not give interactive plot

File ~/miniconda3/envs/py310/lib/python3.10/site-packages/matplotlib/__init__.py:156
    153 import tempfile
    154 import warnings
--> 156 import numpy
    157 from packaging.version import parse as parse_version
    159 # cbook must import matplotlib only within function
    160 # definitions, so it is safe to import from it here.

ModuleNotFoundError: No module named 'numpy'
