An error occurred while executing the following cell:
------------------
import jax.numpy as jnp
from jax import random
import matplotlib.pyplot as plt
from scipy.stats import t, laplace, norm
import seaborn as sns
from sklearn.datasets import make_spd_matrix

try:
    from probml_utils import ProbGuardX_utils as pml
except ModuleNotFoundError:
    %pip install -qq git+https://github.com/probml/probml-utils.git
    from probml_utils import ProbGuardX_utils as pml

from probml_utils import savefig, latexify, is_latexify_enabled
from probml_utils import gauss_utils as gauss
------------------

----- stderr -----
/github/home/miniconda3/envs/py310/lib/python3.10/site-packages/scipy/__init__.py:146: UserWarning: A NumPy version >=1.16.5 and <1.23.0 is required for this version of SciPy (detected version 2.2.6
  warnings.warn(f"A NumPy version >={np_minversion} and <{np_maxversion}"
------------------

---------------------------------------------------------------------------
ValueError                                Traceback (most recent call last)
Cell In[1], line 4
      2 from jax import random
      3 import matplotlib.pyplot as plt
----> 4 from scipy.stats import t, laplace, norm
      5 import seaborn as sns
      6 from sklearn.datasets import make_spd_matrix

File ~/miniconda3/envs/py310/lib/python3.10/site-packages/scipy/stats/__init__.py:441
      1 """
      2 .. _statsrefmanual:
      3 
   (...)
    438 
    439 """
--> 441 from .stats import *
    442 from .distributions import *
    443 from .morestats import *

File ~/miniconda3/envs/py310/lib/python3.10/site-packages/scipy/stats/stats.py:37
     34 import numpy as np
     35 from numpy import array, asarray, ma
---> 37 from scipy.spatial.distance import cdist
     38 from scipy.ndimage import measurements
     39 from scipy._lib._util import (check_random_state, MapWrapper,
     40                               rng_integers, float_factorial)

File ~/miniconda3/envs/py310/lib/python3.10/site-packages/scipy/spatial/__init__.py:96
      1 """
      2 =============================================================
      3 Spatial algorithms and data structures (:mod:`scipy.spatial`)
   (...)
     93 
     94 """
---> 96 from .kdtree import *
     97 from .ckdtree import *
     98 from .qhull import *

File ~/miniconda3/envs/py310/lib/python3.10/site-packages/scipy/spatial/kdtree.py:5
      3 import numpy as np
      4 import warnings
----> 5 from .ckdtree import cKDTree, cKDTreeNode
      7 __all__ = ['minkowski_distance_p', 'minkowski_distance',
      8            'distance_matrix',
      9            'Rectangle', 'KDTree']
     12 def minkowski_distance_p(x, y, p=2):

File ckdtree.pyx:1, in init scipy.spatial.ckdtree()

ValueError: numpy.dtype size changed, may indicate binary incompatibility. Expected 96 from C header, got 88 from PyObject
