An error occurred while executing the following cell:
------------------
import numpy as np
import matplotlib.pyplot as plt
from matplotlib import style
from scipy import linalg
from scipy.stats import multivariate_normal

try:
    import probml_utils as pml
except ModuleNotFoundError:
    %pip install -qq git+https://github.com/probml/probml-utils.git
    import probml_utils as pml

mu_1 = np.array([[0.22], [0.45]])
mu_2 = np.array([[0.5], [0.5]])
mu_3 = np.array([[0.77], [0.55]])
Mu = np.array([mu_1, mu_2, mu_3])

Sigma1 = np.array([[0.011, -0.01], [-0.01, 0.018]])
Sigma2 = np.array([[0.018, 0.01], [0.01, 0.011]])
Sigma3 = Sigma1
Sigma = np.array([Sigma1, Sigma2, Sigma3])
mixmat = np.array([[0.5], [0.3], [0.2]])


def sigmaEllipse2D(mu, Sigma, level=3, npoints=128):
    """
    SIGMAELLIPSE2D generates x,y-points which lie on the ellipse describing
    a sigma level in the Gaussian density defined by mean and covariance.

    Input:
        MU          [2 x 1] Mean of the Gaussian density
        SIGMA       [2 x 2] Covariance matrix of the Gaussian density
        LEVEL       Which sigma level curve to plot. Can take any positive value,
                    but common choices are 1, 2 or 3. Default = 3.
        NPOINTS     Number of points on the ellipse to generate. Default = 32.

    Output:
        XY          [2 x npoints] matrix. First row holds x-coordinates, second
                    row holds the y-coordinates. First and last columns should
                    be the same point, to create a closed curve.
    """
    phi = np.linspace(0, 2 * np.pi, npoints)
    x = np.cos(phi)
    y = np.sin(phi)
    z = level * np.vstack((x, y))
    xy = mu + linalg.sqrtm(Sigma).dot(z)
    return xy


def plot_sigma_levels(mu, P):
    xy_1 = sigmaEllipse2D(mu, P, 0.25)
    xy_2 = sigmaEllipse2D(mu, P, 0.5)
    xy_3 = sigmaEllipse2D(mu, P, 0.75)
    xy_4 = sigmaEllipse2D(mu, P, 1)
    xy_5 = sigmaEllipse2D(mu, P, 1.25)
    xy_6 = sigmaEllipse2D(mu, P, 1.5)

    plt.plot(xy_1[0], xy_1[1])
    plt.plot(xy_2[0], xy_2[1])
    plt.plot(xy_3[0], xy_3[1])
    plt.plot(xy_4[0], xy_4[1])
    plt.plot(xy_5[0], xy_5[1])
    plt.plot(xy_6[0], xy_6[1])
    plt.plot(mu[0], mu[1], "ro")


def plot_sigma_vector(Mu, Sigma):
    n = len(Mu)
    plt.figure(figsize=(12, 7))
    for i in range(n):
        plot_sigma_levels(Mu[i], Sigma[i])
    plt.tight_layout()
    pml.savefig("mixgaussSurface.pdf")
    plt.show()


plot_sigma_vector(Mu, Sigma)


def plot_gaussian_mixture(Mu, Sigma, weights=None, x=None, y=None):
    if x == None:
        x = np.arange(0, 1, 0.01)
    if y == None:
        y = np.arange(-0.5, 1.2, 0.01)

    if len(Mu) == len(Sigma) == len(weights):
        pass
    else:
        print("Error: Mu, Sigma and weights must have the same dimension")
        return

    X, Y = np.meshgrid(x, y)
    Pos = np.dstack((X, Y))
    Z = 0

    for i in range(len(Mu)):
        Z = Z + weights[i] * multivariate_normal(Mu[i].ravel(), Sigma[i]).pdf(Pos)

    fig = plt.figure(figsize=(12, 7))
    ax = fig.gca(projection="3d")
    ax.plot_surface(X, Y, Z, cmap="copper", lw=0.5, rstride=1, cstride=1)
    ax.set_xlabel("X axis")
    ax.set_ylabel("Y axis")
    ax.set_zlabel("Z axis")
    plt.tight_layout()
    pml.savefig("mixgaussSurface.pdf")
    plt.show()


weights = [0.5, 0.3, 0.2]
plot_gaussian_mixture(Mu, Sigma, weights=weights)
------------------

----- stderr -----
/github/home/miniconda3/envs/py310/lib/python3.10/site-packages/scipy/__init__.py:146: UserWarning: A NumPy version >=1.16.5 and <1.23.0 is required for this version of SciPy (detected version 2.2.6
  warnings.warn(f"A NumPy version >={np_minversion} and <{np_maxversion}"

A module that was compiled using NumPy 1.x cannot be run in
NumPy 2.2.6 as it may crash. To support both 1.x and 2.x
versions of NumPy, modules must be compiled with NumPy 2.0.
Some module may need to rebuild instead e.g. with 'pybind11>=2.12'.

If you are a user of the module, the easiest solution will be to
downgrade to 'numpy<2' or try to upgrade the affected module.
We expect that some modules will need time to support NumPy 2.

Traceback (most recent call last):  File "/github/home/miniconda3/envs/py310/lib/python3.10/runpy.py", line 196, in _run_module_as_main
    return _run_code(code, main_globals, None,
  File "/github/home/miniconda3/envs/py310/lib/python3.10/runpy.py", line 86, in _run_code
    exec(code, run_globals)
  File "/github/home/miniconda3/envs/py310/lib/python3.10/site-packages/ipykernel_launcher.py", line 18, in <module>
    app.launch_new_instance()
  File "/github/home/miniconda3/envs/py310/lib/python3.10/site-packages/traitlets/config/application.py", line 1082, in launch_instance
    app.start()
  File "/github/home/miniconda3/envs/py310/lib/python3.10/site-packages/ipykernel/kernelapp.py", line 807, in start
    self.io_loop.start()
  File "/github/home/miniconda3/envs/py310/lib/python3.10/site-packages/tornado/platform/asyncio.py", line 211, in start
    self.asyncio_loop.run_forever()
  File "/github/home/miniconda3/envs/py310/lib/python3.10/asyncio/base_events.py", line 603, in run_forever
    self._run_once()
  File "/github/home/miniconda3/envs/py310/lib/python3.10/asyncio/base_events.py", line 1909, in _run_once
    handle._run()
  File "/github/home/miniconda3/envs/py310/lib/python3.10/asyncio/events.py", line 80, in _run
    self._context.run(self._callback, *self._args)
  File "/github/home/miniconda3/envs/py310/lib/python3.10/site-packages/ipykernel/utils.py", line 71, in preserve_context
    return await f(*args, **kwargs)
  File "/github/home/miniconda3/envs/py310/lib/python3.10/site-packages/ipykernel/kernelbase.py", line 621, in shell_main
    await self.dispatch_shell(msg, subshell_id=subshell_id)
  File "/github/home/miniconda3/envs/py310/lib/python3.10/site-packages/ipykernel/kernelbase.py", line 478, in dispatch_shell
    await result
  File "/github/home/miniconda3/envs/py310/lib/python3.10/site-packages/ipykernel/ipkernel.py", line 372, in execute_request
    await super().execute_request(stream, ident, parent)
  File "/github/home/miniconda3/envs/py310/lib/python3.10/site-packages/ipykernel/kernelbase.py", line 834, in execute_request
    reply_content = await reply_content
  File "/github/home/miniconda3/envs/py310/lib/python3.10/site-packages/ipykernel/ipkernel.py", line 460, in do_execute
    res = shell.run_cell(
  File "/github/home/miniconda3/envs/py310/lib/python3.10/site-packages/ipykernel/zmqshell.py", line 665, in run_cell
    return super().run_cell(*args, **kwargs)
  File "/github/home/miniconda3/envs/py310/lib/python3.10/site-packages/IPython/core/interactiveshell.py", line 3077, in run_cell
    result = self._run_cell(
  File "/github/home/miniconda3/envs/py310/lib/python3.10/site-packages/IPython/core/interactiveshell.py", line 3132, in _run_cell
    result = runner(coro)
  File "/github/home/miniconda3/envs/py310/lib/python3.10/site-packages/IPython/core/async_helpers.py", line 128, in _pseudo_sync_runner
    coro.send(None)
  File "/github/home/miniconda3/envs/py310/lib/python3.10/site-packages/IPython/core/interactiveshell.py", line 3336, in run_cell_async
    has_raised = await self.run_ast_nodes(code_ast.body, cell_name,
  File "/github/home/miniconda3/envs/py310/lib/python3.10/site-packages/IPython/core/interactiveshell.py", line 3519, in run_ast_nodes
    if await self.run_code(code, result, async_=asy):
  File "/github/home/miniconda3/envs/py310/lib/python3.10/site-packages/IPython/core/interactiveshell.py", line 3579, in run_code
    exec(code_obj, self.user_global_ns, self.user_ns)
  File "/tmp/ipykernel_2626/565645007.py", line 4, in <module>
    from scipy import linalg
  File "/github/home/miniconda3/envs/py310/lib/python3.10/site-packages/scipy/linalg/__init__.py", line 195, in <module>
    from .misc import *
  File "/github/home/miniconda3/envs/py310/lib/python3.10/site-packages/scipy/linalg/misc.py", line 3, in <module>
    from .blas import get_blas_funcs
  File "/github/home/miniconda3/envs/py310/lib/python3.10/site-packages/scipy/linalg/blas.py", line 213, in <module>
    from scipy.linalg import _fblas
------------------

---------------------------------------------------------------------------
ImportError                               Traceback (most recent call last)
Cell In[1], line 4
      2 import matplotlib.pyplot as plt
      3 from matplotlib import style
----> 4 from scipy import linalg
      5 from scipy.stats import multivariate_normal
      7 try:

File ~/miniconda3/envs/py310/lib/python3.10/site-packages/scipy/linalg/__init__.py:195
      1 """
      2 ====================================
      3 Linear algebra (:mod:`scipy.linalg`)
   (...)
    192 
    193 """  # noqa: E501
--> 195 from .misc import *
    196 from .basic import *
    197 from .decomp import *

File ~/miniconda3/envs/py310/lib/python3.10/site-packages/scipy/linalg/misc.py:3
      1 import numpy as np
      2 from numpy.linalg import LinAlgError
----> 3 from .blas import get_blas_funcs
      4 from .lapack import get_lapack_funcs
      6 __all__ = ['LinAlgError', 'LinAlgWarning', 'norm']

File ~/miniconda3/envs/py310/lib/python3.10/site-packages/scipy/linalg/blas.py:213
    210 import numpy as _np
    211 import functools
--> 213 from scipy.linalg import _fblas
    214 try:
    215     from scipy.linalg import _cblas

ImportError: numpy.core.multiarray failed to import
