An error occurred while executing the following cell:
------------------
make_plot(use_inverse=False)
------------------

----- stderr -----
/tmp/ipykernel_4274/850322357.py:16: RuntimeWarning: invalid value encountered in sqrt
  yrange_up = np.sqrt(b * (r**2 - a * (xrange - x0) ** 2)) / b + y0
/tmp/ipykernel_4274/850322357.py:17: RuntimeWarning: invalid value encountered in sqrt
  yrange_down = -np.sqrt(b * (r**2 - a * (xrange - x0) ** 2)) / b + y0
----- stdout -----
saving image to figures/gaussEvec_latexified.pdf
Figure size: [6.4 4.8]
------------------

---------------------------------------------------------------------------
FileNotFoundError                         Traceback (most recent call last)
Cell In[4], line 1
----> 1 make_plot(use_inverse=False)

Cell In[3], line 122, in make_plot(use_inverse)
    120 plt.tight_layout()
    121 pml.savefig(fname)
--> 122 savefig(fname + ".pdf")
    124 plt.show()

Cell In[1], line 20, in savefig(fname)
     19 def savefig(fname):
---> 20     plt.savefig(os.path.join(figdir, fname))

File ~/miniconda3/envs/py310/lib/python3.10/site-packages/matplotlib/pyplot.py:1134, in savefig(*args, **kwargs)
   1131 fig = gcf()
   1132 # savefig default implementation has no return, so mypy is unhappy
   1133 # presumably this is here because subclasses can return?
-> 1134 res = fig.savefig(*args, **kwargs)  # type: ignore[func-returns-value]
   1135 fig.canvas.draw_idle()  # Need this if 'transparent=True', to reset colors.
   1136 return res

File ~/miniconda3/envs/py310/lib/python3.10/site-packages/matplotlib/figure.py:3390, in Figure.savefig(self, fname, transparent, **kwargs)
   3388     for ax in self.axes:
   3389         _recursively_make_axes_transparent(stack, ax)
-> 3390 self.canvas.print_figure(fname, **kwargs)

File ~/miniconda3/envs/py310/lib/python3.10/site-packages/matplotlib/backend_bases.py:2193, in FigureCanvasBase.print_figure(self, filename, dpi, facecolor, edgecolor, orientation, format, bbox_inches, pad_inches, bbox_extra_artists, backend, **kwargs)
   2189 try:
   2190     # _get_renderer may change the figure dpi (as vector formats
   2191     # force the figure dpi to 72), so we need to set it again here.
   2192     with cbook._setattr_cm(self.figure, dpi=dpi):
-> 2193         result = print_method(
   2194             filename,
   2195             facecolor=facecolor,
   2196             edgecolor=edgecolor,
   2197             orientation=orientation,
   2198             bbox_inches_restore=_bbox_inches_restore,
   2199             **kwargs)
   2200 finally:
   2201     if bbox_inches and restore_bbox:

File ~/miniconda3/envs/py310/lib/python3.10/site-packages/matplotlib/backend_bases.py:2043, in FigureCanvasBase._switch_canvas_and_return_print_method.<locals>.<lambda>(*args, **kwargs)
   2039     optional_kws = {  # Passed by print_figure for other renderers.
   2040         "dpi", "facecolor", "edgecolor", "orientation",
   2041         "bbox_inches_restore"}
   2042     skip = optional_kws - {*inspect.signature(meth).parameters}
-> 2043     print_method = functools.wraps(meth)(lambda *args, **kwargs: meth(
   2044         *args, **{k: v for k, v in kwargs.items() if k not in skip}))
   2045 else:  # Let third-parties do as they see fit.
   2046     print_method = meth

File ~/miniconda3/envs/py310/lib/python3.10/site-packages/matplotlib/backends/backend_pdf.py:2800, in FigureCanvasPdf.print_pdf(self, filename, bbox_inches_restore, metadata)
   2798     file = filename._ensure_file()
   2799 else:
-> 2800     file = PdfFile(filename, metadata=metadata)
   2801 try:
   2802     file.newPage(width, height)

File ~/miniconda3/envs/py310/lib/python3.10/site-packages/matplotlib/backends/backend_pdf.py:688, in PdfFile.__init__(self, filename, metadata)
    686 self.original_file_like = None
    687 self.tell_base = 0
--> 688 fh, opened = cbook.to_filehandle(filename, "wb", return_opened=True)
    689 if not opened:
    690     try:

File ~/miniconda3/envs/py310/lib/python3.10/site-packages/matplotlib/cbook.py:483, in to_filehandle(fname, flag, return_opened, encoding)
    481         fh = bz2.BZ2File(fname, flag)
    482     else:
--> 483         fh = open(fname, flag, encoding=encoding)
    484     opened = True
    485 elif hasattr(fname, 'seek'):

FileNotFoundError: [Errno 2] No such file or directory: '/Users/alokpriyadarshii/github/bookv2/figures/gaussEvec.pdf'
