An error occurred while executing the following cell:
------------------

import numpy as np
import matplotlib
import matplotlib.pyplot as plt 
import os
try:
    import probml_utils as pml
except ModuleNotFoundError:
    %pip install -qq git+https://github.com/probml/probml-utils.git
    import probml_utils as pml

try:
    from PIL import Image
except ModuleNotFoundError:
    %pip install -qq pillow
    from PIL import Image
import requests
import io


def rgb2gray(rgb):
    return np.dot(rgb[...,:3], [0.2989, 0.5870, 0.1140])

r = requests.get('https://github.com/probml/probml-data/blob/main/data/clown.png?raw=true', stream=True)
img = Image.open(io.BytesIO(r.content))
#img.save('clown.png')
#img = matplotlib.image.imread("clown.png")
#X = rgb2gray(img)
X = np.array(img)

r = np.linalg.matrix_rank(X)
print(r)

U, sigma, V = np.linalg.svd(X, full_matrices=True)
ranks = [1, 2, 5, 10, 20, r]
R = len(ranks)

for i in range(R):
    k = ranks[i]
    #x_hat = np.matrix(U[:, :k]) * np.diag(sigma[:k]) * np.matrix(V[:k, :])  
    x_hat = np.dot(np.dot(U[:, :k], np.diag(sigma[:k])), V[:k, :])  
    plt.imshow(x_hat, cmap='gray')
    plt.title("rank {}".format(k))
    plt.axis("off")
    pml.savefig("svdImageDemoClown{}.pdf".format(k))
    plt.show()

k = 100
plt.plot(np.log(sigma[:k]), 'r-', linewidth=4, label="Original")
plt.ylabel(r"$log(\sigma_i)$")
plt.xlabel("i")


# Compare this to a random shuffled version of the image
x2 = np.random.permutation(X)
# so we convert to a 1d vector, permute, and convert back
x1d = X.ravel()
np.random.shuffle(x1d) # inplace
x2 = x1d.reshape(X.shape)
U, sigma2, V = np.linalg.svd(x2, full_matrices = False)
plt.plot(np.log(sigma2[:k]), 'b', linewidth=4, label="Randomized")
plt.legend()
pml.savefig("svdImageDemoClownSigmaScrambled.pdf")
plt.show()

------------------


---------------------------------------------------------------------------
ImportError                               Traceback (most recent call last)
File ~/miniconda3/envs/py310/lib/python3.10/site-packages/numpy/core/__init__.py:23

File ~/miniconda3/envs/py310/lib/python3.10/site-packages/numpy/core/multiarray.py:10

File ~/miniconda3/envs/py310/lib/python3.10/site-packages/numpy/core/overrides.py:6

ImportError: libgfortran-040039e1.so.5.0.0: cannot open shared object file: No such file or directory

During handling of the above exception, another exception occurred:

ImportError                               Traceback (most recent call last)
Cell In[1], line 1
----> 1 import numpy as np
      2 import matplotlib
      3 import matplotlib.pyplot as plt 

File ~/miniconda3/envs/py310/lib/python3.10/site-packages/numpy/__init__.py:144

File ~/miniconda3/envs/py310/lib/python3.10/site-packages/numpy/core/__init__.py:49

ImportError: 

IMPORTANT: PLEASE READ THIS FOR ADVICE ON HOW TO SOLVE THIS ISSUE!

Importing the numpy C-extensions failed. This error can happen for
many reasons, often due to issues with your setup or how NumPy was
installed.

We have compiled some common reasons and troubleshooting tips at:

    https://numpy.org/devdocs/user/troubleshooting-importerror.html

Please note and check the following:

  * The Python version is: Python3.10 from "/github/home/miniconda3/envs/py310/bin/python3.10"
  * The NumPy version is: "1.22.1"

and make sure that they are the versions you expect.
Please carefully study the documentation linked above for further help.

Original error was: libgfortran-040039e1.so.5.0.0: cannot open shared object file: No such file or directory

