An error occurred while executing the following cell:
------------------
########################
# Fig 2.11
# Initially use 1 feature, 2 classes

x = iris["data"][:, 3:]  # petal width
y = (iris["target"] == 2).astype(jnp.int32)  # 1 if Iris-Virginica, else 0'

parameters = lr.fit(x, y, lambd=1)

x_new = jnp.linspace(0, 3, 1000).reshape(-1, 1)
y_prob = lr.predict_proba(parameters[0], x_new)
decision_boundary = x_new[y_prob > 0.5][0]

plt.figure()
plt.scatter(x[y == 0], y[y == 0], s=SCATTER_SIZE, c="b", marker="s")
plt.scatter(x[y == 1], y[y == 1], s=SCATTER_SIZE, c="g", marker="^")
plt.plot(
    [decision_boundary, decision_boundary],
    [-1, 2],
    color="black",
    linestyle="-.",
    label="Decision boundary",
)
plt.plot(x_new, y_prob, "g-", label="Iris-Virginica")
plt.plot(x_new, 1 - y_prob, "b--", label="Not Iris-Virginica")

plt.arrow(decision_boundary, 0.08, -0.3, 0, head_width=0.05, head_length=0.1, fc="b", ec="b")
plt.arrow(decision_boundary, 0.92, 0.3, 0, head_width=0.05, head_length=0.1, fc="g", ec="g")

plt.xlabel("Petal width (cm)")
plt.ylabel("Probability")
plt.legend(bbox_to_anchor=(1, 1))
plt.axis([0, 3, -0.02, 1.02])
sns.despine()
savefig("iris-logreg-1d.pdf")
------------------


---------------------------------------------------------------------------
ValueError                                Traceback (most recent call last)
Cell In[3], line 27
     24 plt.plot(x_new, y_prob, "g-", label="Iris-Virginica")
     25 plt.plot(x_new, 1 - y_prob, "b--", label="Not Iris-Virginica")
---> 27 plt.arrow(decision_boundary, 0.08, -0.3, 0, head_width=0.05, head_length=0.1, fc="b", ec="b")
     28 plt.arrow(decision_boundary, 0.92, 0.3, 0, head_width=0.05, head_length=0.1, fc="g", ec="g")
     30 plt.xlabel("Petal width (cm)")

File ~/miniconda3/envs/py310/lib/python3.10/site-packages/matplotlib/pyplot.py:2677, in arrow(x, y, dx, dy, **kwargs)
   2675 @_copy_docstring_and_deprecators(Axes.arrow)
   2676 def arrow(x: float, y: float, dx: float, dy: float, **kwargs) -> FancyArrow:
-> 2677     return gca().arrow(x, y, dx, dy, **kwargs)

File ~/miniconda3/envs/py310/lib/python3.10/site-packages/matplotlib/axes/_axes.py:5217, in Axes.arrow(self, x, y, dx, dy, **kwargs)
   5214 dx = self.convert_xunits(dx)
   5215 dy = self.convert_yunits(dy)
-> 5217 a = mpatches.FancyArrow(x, y, dx, dy, **kwargs)
   5218 self.add_patch(a)
   5219 self._request_autoscale_view()

File ~/miniconda3/envs/py310/lib/python3.10/site-packages/matplotlib/patches.py:1377, in FancyArrow.__init__(self, x, y, dx, dy, width, length_includes_head, head_width, head_length, shape, overhang, head_starts_at_zero, **kwargs)
   1375 self._overhang = overhang
   1376 self._head_starts_at_zero = head_starts_at_zero
-> 1377 self._make_verts()
   1378 super().__init__(self.verts, closed=True, **kwargs)

File ~/miniconda3/envs/py310/lib/python3.10/site-packages/matplotlib/patches.py:1477, in FancyArrow._make_verts(self)
   1475     cx, sx = 0, 1
   1476 M = [[cx, sx], [-sx, cx]]
-> 1477 self.verts = np.dot(coords, M) + [
   1478     self._x + self._dx,
   1479     self._y + self._dy,
   1480 ]

ValueError: setting an array element with a sequence. The requested array has an inhomogeneous shape after 1 dimensions. The detected shape was (2,) + inhomogeneous part.
