An error occurred while executing the following cell:
------------------
# Linear regression using MLE with fixed variance and input-dependent variance.
# Adapted from
# https://colab.sandbox.google.com/github/tensorflow/probability/blob/master/tensorflow_probability/examples/jupyter_notebooks/Probabilistic_Layers_Regression.ipynb#scrollTo=5zCEYpzu7bDX


from __future__ import absolute_import
from __future__ import division
from __future__ import print_function

from pprint import pprint
import matplotlib.pyplot as plt
import numpy as np
import seaborn as sns

try:
    import tensorflow.compat.v2 as tf
except ModuleNotFoundError:
    %pip install -qq tensorflow
    import tensorflow.compat.v2 as tf
tf.enable_v2_behavior()

try:
    import tensorflow_probability as tfp
except ModuleNotFoundError:
    %pip install -qq tensorflow-probability
    import tensorflow_probability as tfp
import numpy as np
import matplotlib.pyplot as plt
import os

figdir = "figures"


def savefig(fname):
    plt.savefig(os.path.join(figdir, fname))


sns.reset_defaults()
# sns.set_style('whitegrid')
# sns.set_context('talk')
sns.set_context(context="talk", font_scale=0.7)

tfd = tfp.distributions


# @title Synthesize dataset.
w0 = 0.125
b0 = 5.0
x_range = [-20, 60]


def load_dataset(n=150, n_tst=150):
    np.random.seed(43)

    def s(x):
        g = (x - x_range[0]) / (x_range[1] - x_range[0])
        return 3 * (0.25 + g**2.0)

    x = (x_range[1] - x_range[0]) * np.random.rand(n) + x_range[0]
    eps = np.random.randn(n) * s(x)
    y = (w0 * x * (1.0 + np.sin(x)) + b0) + eps
    x = x[..., np.newaxis]
    x_tst = np.linspace(*x_range, num=n_tst).astype(np.float32)
    x_tst = x_tst[..., np.newaxis]
    return y, x, x_tst


y, x, x_tst = load_dataset()


plt.figure()
# plt.figure(figsize=[8, 5])  # inches
plt.plot(x, y, "b.", label="observed")
savefig("linreg_1d_hetero_data.pdf")
plt.show()


### Fixed output variance
model = tf.keras.Sequential(
    [
        tf.keras.layers.Dense(1),  # 1 linear layer
        tfp.layers.DistributionLambda(lambda t: tfd.Normal(loc=t, scale=1)),
    ]
)

negloglik = lambda y, rv_y: -rv_y.log_prob(y)
model.compile(optimizer=tf.optimizers.Adam(learning_rate=0.01), loss=negloglik)
history = model.fit(x, y, epochs=1000, verbose=False)
[print(np.squeeze(w.numpy())) for w in model.weights]
yhat = model(x_tst)
assert isinstance(yhat, tfd.Distribution)

plt.plot(history.history["loss"], label="Train")
# plt.plot(history.history['val_loss'], label='Val')
plt.legend()
plt.xlabel("Epoch")
plt.ylabel("NLL")
plt.show()


plt.figure()
plt.plot(x, y, "b.", label="observed")
plt.plot(x_tst, yhat.mean(), "r", label="mean", linewidth=4)
savefig("linreg_1d_hetero_mean.pdf")
plt.show()


plt.figure()
plt.plot(x, y, "b.", label="observed")
m = yhat.mean()
s = yhat.stddev()
plt.plot(x_tst, m, "r", linewidth=4, label="mean")
plt.plot(x_tst, m + 2 * s, "g", linewidth=2, label=r"mean + 2 stddev")
plt.plot(x_tst, m - 2 * s, "g", linewidth=2, label=r"mean - 2 stddev")
savefig("linreg_1d_hetero_var_fixed.pdf")
plt.show()

# Data-dependent variance (heteroskedastic)

# mu(x) = b + wx
# sigma(x) = softplus( 0.05 * b' + w' x)
model = tf.keras.Sequential(
    [
        tf.keras.layers.Dense(1 + 1),  # linear model for mean and variance
        tfp.layers.DistributionLambda(
            lambda t: tfd.Normal(loc=t[..., :1], scale=1e-3 + tf.math.softplus(0.05 * t[..., 1:]))
        ),
    ]
)

model.compile(optimizer=tf.optimizers.Adam(learning_rate=0.01), loss=negloglik)
model.fit(x, y, epochs=1000, verbose=False)
yhat = model(x_tst)
assert isinstance(yhat, tfd.Distribution)


plt.figure()
plt.plot(x, y, "b.", label="observed")
m = yhat.mean()
s = yhat.stddev()

plt.plot(x_tst, m, "r", linewidth=4, label="mean")
plt.plot(x_tst, m + 2 * s, "g", linewidth=2, label=r"mean + 2 stddev")
plt.plot(x_tst, m - 2 * s, "g", linewidth=2, label=r"mean - 2 stddev")
savefig("linreg_1d_hetero_var_adaptive.pdf")
plt.show()
------------------


---------------------------------------------------------------------------
AttributeError                            Traceback (most recent call last)
Cell In[1], line 16
     13 import seaborn as sns
     15 try:
---> 16     import tensorflow.compat.v2 as tf
     17 except ModuleNotFoundError:
     18     get_ipython().run_line_magic('pip', 'install -qq tensorflow')

File ~/miniconda3/envs/py310/lib/python3.10/site-packages/tensorflow/__init__.py:49
     46 from tensorflow.python import tf2 as _tf2
     47 _tf2.enable()
---> 49 from tensorflow._api.v2 import __internal__
     50 from tensorflow._api.v2 import __operators__
     51 from tensorflow._api.v2 import audio

File ~/miniconda3/envs/py310/lib/python3.10/site-packages/tensorflow/_api/v2/__internal__/__init__.py:8
      3 """Public API for tf._api.v2.__internal__ namespace
      4 """
      6 import sys as _sys
----> 8 from tensorflow._api.v2.__internal__ import autograph
      9 from tensorflow._api.v2.__internal__ import decorator
     10 from tensorflow._api.v2.__internal__ import dispatch

File ~/miniconda3/envs/py310/lib/python3.10/site-packages/tensorflow/_api/v2/__internal__/autograph/__init__.py:8
      3 """Public API for tf._api.v2.__internal__.autograph namespace
      4 """
      6 import sys as _sys
----> 8 from tensorflow.python.autograph.core.ag_ctx import control_status_ctx # line: 34
      9 from tensorflow.python.autograph.impl.api import tf_convert # line: 493

File ~/miniconda3/envs/py310/lib/python3.10/site-packages/tensorflow/python/autograph/core/ag_ctx.py:21
     18 import inspect
     19 import threading
---> 21 from tensorflow.python.autograph.utils import ag_logging
     22 from tensorflow.python.util.tf_export import tf_export
     25 stacks = threading.local()

File ~/miniconda3/envs/py310/lib/python3.10/site-packages/tensorflow/python/autograph/utils/__init__.py:17
      1 # Copyright 2016 The TensorFlow Authors. All Rights Reserved.
      2 #
      3 # Licensed under the Apache License, Version 2.0 (the "License");
   (...)
     13 # limitations under the License.
     14 # ==============================================================================
     15 """Utility module that contains APIs usable in the generated code."""
---> 17 from tensorflow.python.autograph.utils.context_managers import control_dependency_on_returns
     18 from tensorflow.python.autograph.utils.misc import alias_tensors
     19 from tensorflow.python.autograph.utils.tensor_list import dynamic_list_append

File ~/miniconda3/envs/py310/lib/python3.10/site-packages/tensorflow/python/autograph/utils/context_managers.py:19
     15 """Various context managers."""
     17 import contextlib
---> 19 from tensorflow.python.framework import ops
     20 from tensorflow.python.ops import tensor_array_ops
     23 def control_dependency_on_returns(return_value):

File ~/miniconda3/envs/py310/lib/python3.10/site-packages/tensorflow/python/framework/ops.py:50
     48 from tensorflow.python import tf2
     49 from tensorflow.python.client import pywrap_tf_session
---> 50 from tensorflow.python.eager import context
     51 from tensorflow.python.eager import core
     52 from tensorflow.python.eager import monitoring

File ~/miniconda3/envs/py310/lib/python3.10/site-packages/tensorflow/python/eager/context.py:38
     36 from tensorflow.python.client import pywrap_tf_session
     37 from tensorflow.python.eager import cancellation
---> 38 from tensorflow.python.eager import execute
     39 from tensorflow.python.eager import executor
     40 from tensorflow.python.eager import monitoring

File ~/miniconda3/envs/py310/lib/python3.10/site-packages/tensorflow/python/eager/execute.py:21
     19 from tensorflow.python import pywrap_tfe
     20 from tensorflow.python.eager import core
---> 21 from tensorflow.python.framework import dtypes
     22 from tensorflow.python.framework import tensor_conversion_registry
     23 from tensorflow.python.framework import tensor_shape

File ~/miniconda3/envs/py310/lib/python3.10/site-packages/tensorflow/python/framework/dtypes.py:786
    782   if pdt not in _NP_TO_TF:
    783     _NP_TO_TF[pdt] = next(
    784         _NP_TO_TF[dt] for dt in _NP_TO_TF if dt == pdt().dtype)  # pylint: disable=no-value-for-parameter
--> 786 if hasattr(np.dtypes, "StringDType"):
    787   _NP_TO_TF[np.dtypes.StringDType()] = string
    789 TF_VALUE_DTYPES = set(_NP_TO_TF.values())

File ~/miniconda3/envs/py310/lib/python3.10/site-packages/numpy/__init__.py:315, in __getattr__(attr)
    312     from .testing import Tester
    313     return Tester
--> 315 raise AttributeError("module {!r} has no attribute "
    316                      "{!r}".format(__name__, attr))

AttributeError: module 'numpy' has no attribute 'dtypes'
