An error occurred while executing the following cell:
------------------
# Kernel PCA toy example for k(x,y)=exp(-||x-y||^2/rbf_var)
# Author: Animesh Gupta


import numpy as np
import matplotlib.pyplot as plt
import scipy.linalg as la
from scipy.spatial.distance import pdist, cdist, squareform

try:
    from probml_utils import savefig
except ModuleNotFoundError:
    %pip install -qq git+https://github.com/probml/probml-utils.git
    from probml_utils import savefig

rbf_var = 0.1
xnum = 4
ynum = 2
max_ev = xnum * ynum
x_test_num = 15
y_test_num = 15
cluster_pos = np.array([[-0.5, -0.2], [0, 0.6], [0.5, 0]])
cluster_size = 30

# generate a toy data set
###########################################################################
num_clusters = np.shape(cluster_pos)[0]
train_num = num_clusters * cluster_size
patterns = np.zeros((train_num, 2))
rnge = 1
np.random.seed(1337)
for i in range(num_clusters):
    patterns[(i) * cluster_size : (i + 1) * cluster_size, 0] = cluster_pos[i, 0] + 0.1 * np.random.randn(cluster_size)
    patterns[(i) * cluster_size : (i + 1) * cluster_size, 1] = cluster_pos[i, 1] + 0.1 * np.random.randn(cluster_size)

test_num = x_test_num * y_test_num
x_range_gap = 2 * rnge / (x_test_num - 1)
x_range = np.arange(-rnge, rnge + x_range_gap, x_range_gap)
y_offset = 0.5
y_range_gap = 2 * rnge / (y_test_num - 1)
y_range = np.arange(-rnge + y_offset, rnge + y_offset + y_range_gap, y_range_gap)
xs, ys = np.meshgrid(x_range, y_range)
test_patterns = np.zeros((225, 2))
test_patterns[:, 0] = np.ravel(xs)
test_patterns[:, 1] = np.ravel(ys)
cov_size = train_num  # use all patterns to compute the covariance matrix

# carry out Kernel PCA
#############################################################################
K = np.zeros((cov_size, cov_size))

K = np.exp(-squareform(pdist(patterns) ** 2) / rbf_var)
K = K.T

unit = np.ones((cov_size, cov_size)) / cov_size
# centering in feature space!
K_n = K - unit @ K - K @ unit + unit @ K @ unit

[evals, evecs] = la.eig(K_n)
evals = np.real((evals))
evals = -np.sort(-evals)

for i in range(cov_size):
    evecs[:, i] = evecs[:, i] / (np.sqrt(evals[i]))

unit_test = np.ones((test_num, cov_size)) / cov_size
K_test = np.zeros((test_num, cov_size))
K_test = np.exp(-cdist(test_patterns, patterns) ** 2 / rbf_var)

K_test_n = K_test - unit_test @ K - K_test @ unit + unit_test @ K @ unit
test_features = np.zeros((test_num, max_ev))
test_features = K_test_n @ evecs[:, 0:max_ev]

# plot it
###############################################################################

fig, ax = plt.subplots(2, 4, figsize=(20, 10))
for i, axi in enumerate(ax.flat):
    imag = np.reshape(test_features[:, i], [y_test_num, x_test_num])
    axi.set_xticks(np.arange(-1, 2, 1))
    axi.set_yticks(np.arange(-0.5, 2, 0.5))
    axi.contour(x_range, y_range, imag, 9, colors="b")
    axi.plot(patterns[:, 0], patterns[:, 1], "r.")
    axi.text(-0.5, 1.60, f"Eigenvalue={evals[i]:.3f}")
savefig("kpcaScholkopf.pdf", dpi=300)
plt.show()
------------------

----- stderr -----
/github/home/miniconda3/envs/py310/lib/python3.10/site-packages/scipy/__init__.py:146: UserWarning: A NumPy version >=1.16.5 and <1.23.0 is required for this version of SciPy (detected version 2.2.6
  warnings.warn(f"A NumPy version >={np_minversion} and <{np_maxversion}"

A module that was compiled using NumPy 1.x cannot be run in
NumPy 2.2.6 as it may crash. To support both 1.x and 2.x
versions of NumPy, modules must be compiled with NumPy 2.0.
Some module may need to rebuild instead e.g. with 'pybind11>=2.12'.

If you are a user of the module, the easiest solution will be to
downgrade to 'numpy<2' or try to upgrade the affected module.
We expect that some modules will need time to support NumPy 2.

Traceback (most recent call last):  File "/github/home/miniconda3/envs/py310/lib/python3.10/runpy.py", line 196, in _run_module_as_main
    return _run_code(code, main_globals, None,
  File "/github/home/miniconda3/envs/py310/lib/python3.10/runpy.py", line 86, in _run_code
    exec(code, run_globals)
  File "/github/home/miniconda3/envs/py310/lib/python3.10/site-packages/ipykernel_launcher.py", line 18, in <module>
    app.launch_new_instance()
  File "/github/home/miniconda3/envs/py310/lib/python3.10/site-packages/traitlets/config/application.py", line 1082, in launch_instance
    app.start()
  File "/github/home/miniconda3/envs/py310/lib/python3.10/site-packages/ipykernel/kernelapp.py", line 807, in start
    self.io_loop.start()
  File "/github/home/miniconda3/envs/py310/lib/python3.10/site-packages/tornado/platform/asyncio.py", line 211, in start
    self.asyncio_loop.run_forever()
  File "/github/home/miniconda3/envs/py310/lib/python3.10/asyncio/base_events.py", line 603, in run_forever
    self._run_once()
  File "/github/home/miniconda3/envs/py310/lib/python3.10/asyncio/base_events.py", line 1909, in _run_once
    handle._run()
  File "/github/home/miniconda3/envs/py310/lib/python3.10/asyncio/events.py", line 80, in _run
    self._context.run(self._callback, *self._args)
  File "/github/home/miniconda3/envs/py310/lib/python3.10/site-packages/ipykernel/utils.py", line 71, in preserve_context
    return await f(*args, **kwargs)
  File "/github/home/miniconda3/envs/py310/lib/python3.10/site-packages/ipykernel/kernelbase.py", line 621, in shell_main
    await self.dispatch_shell(msg, subshell_id=subshell_id)
  File "/github/home/miniconda3/envs/py310/lib/python3.10/site-packages/ipykernel/kernelbase.py", line 478, in dispatch_shell
    await result
  File "/github/home/miniconda3/envs/py310/lib/python3.10/site-packages/ipykernel/ipkernel.py", line 372, in execute_request
    await super().execute_request(stream, ident, parent)
  File "/github/home/miniconda3/envs/py310/lib/python3.10/site-packages/ipykernel/kernelbase.py", line 834, in execute_request
    reply_content = await reply_content
  File "/github/home/miniconda3/envs/py310/lib/python3.10/site-packages/ipykernel/ipkernel.py", line 460, in do_execute
    res = shell.run_cell(
  File "/github/home/miniconda3/envs/py310/lib/python3.10/site-packages/ipykernel/zmqshell.py", line 665, in run_cell
    return super().run_cell(*args, **kwargs)
  File "/github/home/miniconda3/envs/py310/lib/python3.10/site-packages/IPython/core/interactiveshell.py", line 3077, in run_cell
    result = self._run_cell(
  File "/github/home/miniconda3/envs/py310/lib/python3.10/site-packages/IPython/core/interactiveshell.py", line 3132, in _run_cell
    result = runner(coro)
  File "/github/home/miniconda3/envs/py310/lib/python3.10/site-packages/IPython/core/async_helpers.py", line 128, in _pseudo_sync_runner
    coro.send(None)
  File "/github/home/miniconda3/envs/py310/lib/python3.10/site-packages/IPython/core/interactiveshell.py", line 3336, in run_cell_async
    has_raised = await self.run_ast_nodes(code_ast.body, cell_name,
  File "/github/home/miniconda3/envs/py310/lib/python3.10/site-packages/IPython/core/interactiveshell.py", line 3519, in run_ast_nodes
    if await self.run_code(code, result, async_=asy):
  File "/github/home/miniconda3/envs/py310/lib/python3.10/site-packages/IPython/core/interactiveshell.py", line 3579, in run_code
    exec(code_obj, self.user_global_ns, self.user_ns)
  File "/tmp/ipykernel_2583/2858513216.py", line 7, in <module>
    import scipy.linalg as la
  File "/github/home/miniconda3/envs/py310/lib/python3.10/site-packages/scipy/linalg/__init__.py", line 195, in <module>
    from .misc import *
  File "/github/home/miniconda3/envs/py310/lib/python3.10/site-packages/scipy/linalg/misc.py", line 3, in <module>
    from .blas import get_blas_funcs
  File "/github/home/miniconda3/envs/py310/lib/python3.10/site-packages/scipy/linalg/blas.py", line 213, in <module>
    from scipy.linalg import _fblas
------------------

---------------------------------------------------------------------------
ImportError                               Traceback (most recent call last)
Cell In[1], line 7
      5 import numpy as np
      6 import matplotlib.pyplot as plt
----> 7 import scipy.linalg as la
      8 from scipy.spatial.distance import pdist, cdist, squareform
     10 try:

File ~/miniconda3/envs/py310/lib/python3.10/site-packages/scipy/linalg/__init__.py:195
      1 """
      2 ====================================
      3 Linear algebra (:mod:`scipy.linalg`)
   (...)
    192 
    193 """  # noqa: E501
--> 195 from .misc import *
    196 from .basic import *
    197 from .decomp import *

File ~/miniconda3/envs/py310/lib/python3.10/site-packages/scipy/linalg/misc.py:3
      1 import numpy as np
      2 from numpy.linalg import LinAlgError
----> 3 from .blas import get_blas_funcs
      4 from .lapack import get_lapack_funcs
      6 __all__ = ['LinAlgError', 'LinAlgWarning', 'norm']

File ~/miniconda3/envs/py310/lib/python3.10/site-packages/scipy/linalg/blas.py:213
    210 import numpy as _np
    211 import functools
--> 213 from scipy.linalg import _fblas
    214 try:
    215     from scipy.linalg import _cblas

ImportError: numpy.core.multiarray failed to import
