An error occurred while executing the following cell:
------------------
try:
    import jax
except ModuleNotFoundError:
    %pip install -qqq jax jaxlib
    import jax

import jax.numpy as jnp
from jax import lax

try:
    from tensorflow_probability.substrates import jax as tfp
except ModuleNotFoundError:
    %pip install -qqq tensorflow_probability
    from tensorflow_probability.substrates import jax as tfp

try:
    import optax
except ModuleNotFoundError:
    %pip install -qqq optax
    import optax

try:
    from rich import print
except ModuleNotFoundError:
    %pip install -qqq rich
    from rich import print

try:
    from tqdm import trange
except ModuleNotFoundError:
    %pip install -qqq tqdm
    from tqdm import trange


import seaborn as sns
import numpy as np
import matplotlib.pyplot as plt
import warnings

try:
    import probml_utils as pml
except ModuleNotFoundError:
    %pip install -qqq git+https://github.com/probml/probml-utils.git
    import probml_utils as pml


warnings.filterwarnings("ignore")
dist = tfp.distributions

plt.rc("font", size=10)  # controls default text sizes
plt.rc("axes", labelsize=12)  # fontsize of the x and y labels
plt.rc("legend", fontsize=12)  # legend fontsize
plt.rc("figure", titlesize=15)  # fontsize of the figure title


try:
    import pymc as pm
except ModuleNotFoundError:
    %pip install -qq pymc
    import pymc as pm


try:
    import arviz as az
except ModuleNotFoundError:
    %pip install -qq arviz
    import arviz as az

import math
------------------

----- stdout -----
Note: you may need to restart the kernel to use updated packages.
----- stdout -----
Note: you may need to restart the kernel to use updated packages.
----- stdout -----
Note: you may need to restart the kernel to use updated packages.
----- stdout -----
Note: you may need to restart the kernel to use updated packages.
----- stdout -----
ERROR: pip's dependency resolver does not currently take into account all the packages that are installed. This behaviour is the source of the following dependency conflicts.
optax 0.2.8 requires jax>=0.5.3, but you have jax 0.4.30 which is incompatible.
optax 0.2.8 requires jaxlib>=0.5.3, but you have jaxlib 0.4.30 which is incompatible.

----- stdout -----
Note: you may need to restart the kernel to use updated packages.
----- stdout -----
ERROR: pip's dependency resolver does not currently take into account all the packages that are installed. This behaviour is the source of the following dependency conflicts.
chex 0.1.7 requires jaxlib>=0.1.37, which is not installed.
distrax 0.1.3 requires jaxlib>=0.1.67, which is not installed.
jax 0.4.30 requires jaxlib<=0.4.30,>=0.4.27, which is not installed.
jaxopt 0.8.5 requires jaxlib>=0.1.69, which is not installed.
optax 0.2.8 requires jaxlib>=0.5.3, which is not installed.
probml-utils 0.1.dev116+g638ebb99f requires jaxlib, which is not installed.
distrax 0.1.3 requires numpy<1.23,>=1.18.0, but you have numpy 1.26.4 which is incompatible.
optax 0.2.8 requires jax>=0.5.3, but you have jax 0.4.30 which is incompatible.

----- stdout -----
Note: you may need to restart the kernel to use updated packages.
------------------

---------------------------------------------------------------------------
ModuleNotFoundError                       Traceback (most recent call last)
Cell In[1], line 57
     56 try:
---> 57     import pymc as pm
     58 except ModuleNotFoundError:

ModuleNotFoundError: No module named 'pymc'

During handling of the above exception, another exception occurred:

RuntimeError                              Traceback (most recent call last)
Cell In[1], line 60
     58 except ModuleNotFoundError:
     59     get_ipython().run_line_magic('pip', 'install -qq pymc')
---> 60     import pymc as pm
     63 try:
     64     import arviz as az

File ~/miniconda3/envs/py310/lib/python3.10/site-packages/pymc/__init__.py:50
     45     pytensor.config.gcc__cxxflags = augmented
     48 __set_compiler_flags()
---> 50 from pymc import _version, gp, ode, sampling
     51 from pymc.backends import *
     52 from pymc.blocking import *

File ~/miniconda3/envs/py310/lib/python3.10/site-packages/pymc/gp/__init__.py:17
      1 #   Copyright 2024 - present The PyMC Developers
      2 #
      3 #   Licensed under the Apache License, Version 2.0 (the "License");
   (...)
     12 #   See the License for the specific language governing permissions and
     13 #   limitations under the License.
     15 """Gaussian Processes."""
---> 17 from pymc.gp import cov, mean, util
     18 from pymc.gp.gp import (
     19     TP,
     20     Latent,
   (...)
     25     MarginalSparse,
     26 )
     27 from pymc.gp.hsgp_approx import HSGP, HSGPPeriodic

File ~/miniconda3/envs/py310/lib/python3.10/site-packages/pymc/gp/cov.py:52
     29 from pytensor.tensor.variable import TensorConstant, TensorVariable
     31 __all__ = [
     32     "Constant",
     33     "Coregion",
   (...)
     49     "WrappedPeriodic",
     50 ]
---> 52 from pymc.pytensorf import constant_fold
     54 TensorLike = np.ndarray | TensorVariable
     55 IntSequence = np.ndarray | Sequence[int]

File ~/miniconda3/envs/py310/lib/python3.10/site-packages/pymc/pytensorf.py:54
     51 from pytensor.tensor.variable import TensorVariable
     53 from pymc.exceptions import NotConstantValueError
---> 54 from pymc.util import makeiter
     55 from pymc.vartypes import continuous_types, isgenerator, typefilter
     57 PotentialShapeType = int | np.ndarray | Sequence[int | Variable] | TensorVariable

File ~/miniconda3/envs/py310/lib/python3.10/site-packages/pymc/util.py:23
     20 from copy import deepcopy
     21 from typing import NewType, cast
---> 23 import arviz
     24 import cloudpickle
     25 import numpy as np

File ~/miniconda3/envs/py310/lib/python3.10/site-packages/arviz/__init__.py:33
     27         super()._log(level, msg, *args, **kwargs)
     30 _log = Logger("arviz")
---> 33 from .data import *
     34 from .plots import *
     35 from .plots.backends import *

File ~/miniconda3/envs/py310/lib/python3.10/site-packages/arviz/data/__init__.py:2
      1 """Code for loading and manipulating data structures."""
----> 2 from .base import CoordSpec, DimSpec, dict_to_dataset, numpy_to_data_array
      3 from .converters import convert_to_dataset, convert_to_inference_data
      4 from .datasets import clear_data_home, list_datasets, load_arviz_data

File ~/miniconda3/envs/py310/lib/python3.10/site-packages/arviz/data/base.py:11
      8 from typing import Any, Callable, Dict, List, Optional, Tuple, TypeVar, Union
     10 import numpy as np
---> 11 import xarray as xr
     13 try:
     14     import ujson as json

File ~/miniconda3/envs/py310/lib/python3.10/site-packages/xarray/__init__.py:3
      1 from importlib.metadata import version as _version
----> 3 from xarray import testing, tutorial
      4 from xarray.backends.api import (
      5     load_dataarray,
      6     load_dataset,
   (...)
     10     save_mfdataset,
     11 )
     12 from xarray.backends.zarr import open_zarr

File ~/miniconda3/envs/py310/lib/python3.10/site-packages/xarray/testing/__init__.py:1
----> 1 from xarray.testing.assertions import (  # noqa: F401
      2     _assert_dataarray_invariants,
      3     _assert_dataset_invariants,
      4     _assert_indexes_invariants_checks,
      5     _assert_internal_invariants,
      6     _assert_variable_invariants,
      7     _data_allclose_or_equiv,
      8     assert_allclose,
      9     assert_chunks_equal,
     10     assert_duckarray_allclose,
     11     assert_duckarray_equal,
     12     assert_equal,
     13     assert_identical,
     14 )
     16 __all__ = [
     17     "assert_allclose",
     18     "assert_chunks_equal",
   (...)
     22     "assert_identical",
     23 ]

File ~/miniconda3/envs/py310/lib/python3.10/site-packages/xarray/testing/assertions.py:10
      7 import numpy as np
      8 import pandas as pd
---> 10 from xarray.core import duck_array_ops, formatting, utils
     11 from xarray.core.coordinates import Coordinates
     12 from xarray.core.dataarray import DataArray

File ~/miniconda3/envs/py310/lib/python3.10/site-packages/xarray/core/duck_array_ops.py:32
     19 from numpy import (  # noqa
     20     around,  # noqa
     21     gradient,
   (...)
     29     zeros_like,  # noqa
     30 )
     31 from numpy import concatenate as _concatenate
---> 32 from numpy.core.multiarray import normalize_axis_index  # type: ignore[attr-defined]
     33 from numpy.lib.stride_tricks import sliding_window_view  # noqa
     34 from packaging.version import Version

File ~/miniconda3/envs/py310/lib/python3.10/site-packages/numpy/core/multiarray.py:86
     78 # We can't verify dispatcher signatures because NumPy's C functions don't
     79 # support introspection.
     80 array_function_from_c_func_and_dispatcher = functools.partial(
     81     overrides.array_function_from_dispatcher,
     82     module='numpy', docs_from_dispatcher=True, verify=False)
     85 @array_function_from_c_func_and_dispatcher(_multiarray_umath.empty_like)
---> 86 def empty_like(prototype, dtype=None, order=None, subok=None, shape=None):
     87     """
     88     empty_like(prototype, dtype=None, order='K', subok=True, shape=None)
     89 
   (...)
    148 
    149     """
    150     return (prototype,)

File ~/miniconda3/envs/py310/lib/python3.10/site-packages/numpy/_core/overrides.py:178, in decorator(dispatcher)

File ~/miniconda3/envs/py310/lib/python3.10/site-packages/numpy/_core/overrides.py:158, in decorator(implementation)

RuntimeError: empty_like method already has a different docstring
