An error occurred while executing the following cell:
------------------

from time import time
try:
    from tensorflow import keras
except ModuleNotFoundError:
    %pip install -qq tensorflow
    from tensorflow import keras
import tensorflow as tf
import numpy as np
import matplotlib.pyplot as plt
try:
    import probml_utils as pml
except ModuleNotFoundError:
    %pip install -qq git+https://github.com/probml/probml-utils.git
    import probml_utils as pml


print(tf.__version__)
np.random.seed(0)

fashion_mnist = keras.datasets.fashion_mnist

(train_images, train_labels), (test_images,
                               test_labels) = fashion_mnist.load_data()
train_images = train_images / 255.0
test_images = test_images / 255.0

# print(np.shape(train_images))
# print(np.shape(test_images))
#(60000, 28, 28)
#(10000, 28, 28)

class_names = ['T-shirt/top', 'Trouser', 'Pullover', 'Dress', 'Coat',
               'Sandal', 'Shirt', 'Sneaker', 'Bag', 'Ankle boot']

plt.figure(figsize=(10, 10))
for i in range(25):
    plt.subplot(5, 5, i+1)
    plt.xticks([])
    plt.yticks([])
    plt.grid(False)
    plt.imshow(train_images[i], cmap=plt.cm.binary)
    plt.xlabel(class_names[train_labels[i]])
pml.savefig("fashion-mnist-data.pdf")
plt.show()

------------------


---------------------------------------------------------------------------
AttributeError                            Traceback (most recent call last)
Cell In[1], line 3
      1 from time import time
      2 try:
----> 3     from tensorflow import keras
      4 except ModuleNotFoundError:
      5     get_ipython().run_line_magic('pip', 'install -qq tensorflow')

File ~/miniconda3/envs/py310/lib/python3.10/site-packages/tensorflow/__init__.py:49
     46 from tensorflow.python import tf2 as _tf2
     47 _tf2.enable()
---> 49 from tensorflow._api.v2 import __internal__
     50 from tensorflow._api.v2 import __operators__
     51 from tensorflow._api.v2 import audio

File ~/miniconda3/envs/py310/lib/python3.10/site-packages/tensorflow/_api/v2/__internal__/__init__.py:8
      3 """Public API for tf._api.v2.__internal__ namespace
      4 """
      6 import sys as _sys
----> 8 from tensorflow._api.v2.__internal__ import autograph
      9 from tensorflow._api.v2.__internal__ import decorator
     10 from tensorflow._api.v2.__internal__ import dispatch

File ~/miniconda3/envs/py310/lib/python3.10/site-packages/tensorflow/_api/v2/__internal__/autograph/__init__.py:8
      3 """Public API for tf._api.v2.__internal__.autograph namespace
      4 """
      6 import sys as _sys
----> 8 from tensorflow.python.autograph.core.ag_ctx import control_status_ctx # line: 34
      9 from tensorflow.python.autograph.impl.api import tf_convert # line: 493

File ~/miniconda3/envs/py310/lib/python3.10/site-packages/tensorflow/python/autograph/core/ag_ctx.py:21
     18 import inspect
     19 import threading
---> 21 from tensorflow.python.autograph.utils import ag_logging
     22 from tensorflow.python.util.tf_export import tf_export
     25 stacks = threading.local()

File ~/miniconda3/envs/py310/lib/python3.10/site-packages/tensorflow/python/autograph/utils/__init__.py:17
      1 # Copyright 2016 The TensorFlow Authors. All Rights Reserved.
      2 #
      3 # Licensed under the Apache License, Version 2.0 (the "License");
   (...)
     13 # limitations under the License.
     14 # ==============================================================================
     15 """Utility module that contains APIs usable in the generated code."""
---> 17 from tensorflow.python.autograph.utils.context_managers import control_dependency_on_returns
     18 from tensorflow.python.autograph.utils.misc import alias_tensors
     19 from tensorflow.python.autograph.utils.tensor_list import dynamic_list_append

File ~/miniconda3/envs/py310/lib/python3.10/site-packages/tensorflow/python/autograph/utils/context_managers.py:19
     15 """Various context managers."""
     17 import contextlib
---> 19 from tensorflow.python.framework import ops
     20 from tensorflow.python.ops import tensor_array_ops
     23 def control_dependency_on_returns(return_value):

File ~/miniconda3/envs/py310/lib/python3.10/site-packages/tensorflow/python/framework/ops.py:50
     48 from tensorflow.python import tf2
     49 from tensorflow.python.client import pywrap_tf_session
---> 50 from tensorflow.python.eager import context
     51 from tensorflow.python.eager import core
     52 from tensorflow.python.eager import monitoring

File ~/miniconda3/envs/py310/lib/python3.10/site-packages/tensorflow/python/eager/context.py:38
     36 from tensorflow.python.client import pywrap_tf_session
     37 from tensorflow.python.eager import cancellation
---> 38 from tensorflow.python.eager import execute
     39 from tensorflow.python.eager import executor
     40 from tensorflow.python.eager import monitoring

File ~/miniconda3/envs/py310/lib/python3.10/site-packages/tensorflow/python/eager/execute.py:21
     19 from tensorflow.python import pywrap_tfe
     20 from tensorflow.python.eager import core
---> 21 from tensorflow.python.framework import dtypes
     22 from tensorflow.python.framework import tensor_conversion_registry
     23 from tensorflow.python.framework import tensor_shape

File ~/miniconda3/envs/py310/lib/python3.10/site-packages/tensorflow/python/framework/dtypes.py:786
    782   if pdt not in _NP_TO_TF:
    783     _NP_TO_TF[pdt] = next(
    784         _NP_TO_TF[dt] for dt in _NP_TO_TF if dt == pdt().dtype)  # pylint: disable=no-value-for-parameter
--> 786 if hasattr(np.dtypes, "StringDType"):
    787   _NP_TO_TF[np.dtypes.StringDType()] = string
    789 TF_VALUE_DTYPES = set(_NP_TO_TF.values())

File ~/miniconda3/envs/py310/lib/python3.10/site-packages/numpy/__init__.py:315, in __getattr__(attr)
    312     from .testing import Tester
    313     return Tester
--> 315 raise AttributeError("module {!r} has no attribute "
    316                      "{!r}".format(__name__, attr))

AttributeError: module 'numpy' has no attribute 'dtypes'
