An error occurred while executing the following cell:
------------------
# Project 4d iris to 3d and 2d usign PCA


import numpy as np
import matplotlib.pyplot as plt
import os

figdir = "figures"


def savefig(fname):
    plt.savefig(os.path.join(figdir, fname))


try:
    from sklearn.datasets import load_iris
except ModuleNotFoundError:
    %pip install -qq scikit-learn
    from sklearn.datasets import load_iris
from sklearn.decomposition import PCA

from mpl_toolkits import mplot3d
from mpl_toolkits.mplot3d import Axes3D

# https://jakevdp.github.io/PythonDataScienceHandbook/04.12-three-dimensional-plotting.html

iris = load_iris()
X = iris.data
y = iris.target

fig = plt.figure().gca(projection="3d")
colors = ["g", "b", "o"]
for c in range(3):
    x0 = X[y == c, 0]
    x1 = X[y == c, 1]
    x2 = X[y == c, 2]
    fig.scatter(x0, x1, x2, colors[c], edgecolors="k", s=50, alpha=0.9, marker="o", label=iris.target_names[c])
fig.set_xlabel("sepal length")
fig.set_ylabel("sepal width")
fig.set_zlabel("petal length")
# plt.legend()
savefig("iris-3dscatterplot")
plt.show()


fig = plt.figure().gca(projection="3d")
fig.scatter(X[:, 0], X[:, 1], X[:, 2], s=50, marker="o")
fig.set_ylabel("sepal width")
fig.set_zlabel("petal length")
savefig("iris-3dscatterplot-nocolor")
plt.show()

# 2d projection of points
X = iris.data[:, 0:3]
pca_xy = PCA(n_components=2).fit_transform(X)
fig, ax = plt.subplots()
ax.scatter(pca_xy[:, 0], pca_xy[:, 1], c=y)
ax.set_title("PCA on Iris")
savefig("iris-pca")
plt.show()


# plot 3d reconstructed planar surface
pca = PCA(n_components=2)
mu = np.mean(X, axis=0)
Xc = X - mu  # center the data
pca.fit(Xc)
W = pca.components_.T  # D*K
Z = np.dot(Xc, W)  # N * K latent scores
Xrecon = np.dot(Z, W.T) + mu  # N*D

# span the latent space in area covered by data
a = np.min(Z[:, 0])
b = np.max(Z[:, 0])
c = np.min(Z[:, 1])
d = np.max(Z[:, 1])
z0 = np.linspace(a, b, 10)
z1 = np.linspace(c, d, 10)
ZZ0, ZZ1 = np.meshgrid(z0, z1)
Zgrid = np.c_[ZZ0.ravel(), ZZ1.ravel()]  # 100x2
plane = np.dot(Zgrid, W.T) + mu  # N*D

latent_corners = np.array([[a, c], [a, d], [b, c], [b, d]])  # 4x2
recon_corners = np.dot(latent_corners, W.T) + mu  # 4x3

fig = plt.figure().gca(projection="3d")
scatterplot = fig.scatter(X[:, 0], X[:, 1], X[:, 2], color="red")
# recon = fig.scatter(Xrecon[:,0], Xrecon[:,1], Xrecon[:,2], marker='*', color='green')
lineplot = fig.scatter(plane[:, 0], plane[:, 1], plane[:, 2], color="black", alpha=0.5)
fig.set_xlabel("sepal length")
fig.set_ylabel("sepal width")
fig.set_zlabel("petal length")
savefig("iris-pca-3d")
plt.show()
------------------


---------------------------------------------------------------------------
AttributeError                            Traceback (most recent call last)
Cell In[1], line 16
     12     plt.savefig(os.path.join(figdir, fname))
     15 try:
---> 16     from sklearn.datasets import load_iris
     17 except ModuleNotFoundError:
     18     get_ipython().run_line_magic('pip', 'install -qq scikit-learn')

File ~/miniconda3/envs/py310/lib/python3.10/site-packages/sklearn/__init__.py:73
     62 # `_distributor_init` allows distributors to run custom init code.
     63 # For instance, for the Windows wheel, this is used to pre-load the
     64 # vcomp shared library runtime for OpenMP embedded in the sklearn/.libs
   (...)
     67 # later is linked to the OpenMP runtime to make it possible to introspect
     68 # it and importing it first would fail if the OpenMP dll cannot be found.
     69 from . import (  # noqa: F401 E402
     70     __check_build,
     71     _distributor_init,
     72 )
---> 73 from .base import clone  # noqa: E402
     74 from .utils._show_versions import show_versions  # noqa: E402
     76 _submodules = [
     77     "calibration",
     78     "cluster",
   (...)
    114     "compose",
    115 ]

File ~/miniconda3/envs/py310/lib/python3.10/site-packages/sklearn/base.py:19
     17 from ._config import config_context, get_config
     18 from .exceptions import InconsistentVersionWarning
---> 19 from .utils._metadata_requests import _MetadataRequester, _routing_enabled
     20 from .utils._missing import is_scalar_nan
     21 from .utils._param_validation import validate_parameter_constraints

File ~/miniconda3/envs/py310/lib/python3.10/site-packages/sklearn/utils/__init__.py:9
      7 from . import metadata_routing
      8 from ._bunch import Bunch
----> 9 from ._chunking import gen_batches, gen_even_slices
     11 # Make _safe_indexing importable from here for backward compat as this particular
     12 # helper is considered semi-private and typically very useful for third-party
     13 # libraries that want to comply with scikit-learn's estimator API. In particular,
     14 # _safe_indexing was included in our public API documentation despite the leading
     15 # `_` in its name.
     16 from ._indexing import (
     17     _safe_indexing,  # noqa: F401
     18     resample,
     19     shuffle,
     20 )

File ~/miniconda3/envs/py310/lib/python3.10/site-packages/sklearn/utils/_chunking.py:11
      8 import numpy as np
     10 from .._config import get_config
---> 11 from ._param_validation import Interval, validate_params
     14 def chunk_generator(gen, chunksize):
     15     """Chunk generator, ``gen`` into lists of length ``chunksize``. The last
     16     chunk may have a length less than ``chunksize``."""

File ~/miniconda3/envs/py310/lib/python3.10/site-packages/sklearn/utils/_param_validation.py:17
     14 from scipy.sparse import csr_matrix, issparse
     16 from .._config import config_context, get_config
---> 17 from .validation import _is_arraylike_not_scalar
     20 class InvalidParameterError(ValueError, TypeError):
     21     """Custom exception to be raised when the parameter of a class/method/function
     22     does not have a valid type or value.
     23     """

File ~/miniconda3/envs/py310/lib/python3.10/site-packages/sklearn/utils/validation.py:21
     19 from .. import get_config as _get_config
     20 from ..exceptions import DataConversionWarning, NotFittedError, PositiveSpectrumWarning
---> 21 from ..utils._array_api import _asarray_with_order, _is_numpy_namespace, get_namespace
     22 from ..utils.deprecation import _deprecate_force_all_finite
     23 from ..utils.fixes import ComplexWarning, _preserve_dia_indices_dtype

File ~/miniconda3/envs/py310/lib/python3.10/site-packages/sklearn/utils/_array_api.py:20
     18 from ..externals import array_api_extra as xpx
     19 from ..externals.array_api_compat import numpy as np_compat
---> 20 from .fixes import parse_version
     22 # TODO: complete __all__
     23 __all__ = ["xpx"]  # we import xpx here just to re-export it, need this to appease ruff

File ~/miniconda3/envs/py310/lib/python3.10/site-packages/sklearn/utils/fixes.py:37
     33 sp_base_version = parse_version(sp_version.base_version)
     35 # TODO: We can consider removing the containers and importing
     36 # directly from SciPy when sparse matrices will be deprecated.
---> 37 CSR_CONTAINERS = [scipy.sparse.csr_matrix, scipy.sparse.csr_array]
     38 CSC_CONTAINERS = [scipy.sparse.csc_matrix, scipy.sparse.csc_array]
     39 COO_CONTAINERS = [scipy.sparse.coo_matrix, scipy.sparse.coo_array]

AttributeError: module 'scipy.sparse' has no attribute 'csr_array'
