An error occurred while executing the following cell:
------------------
import functools
import numpy as np

try:
    import tensorflow.compat.v2 as tf
except ModuleNotFoundError:
    %pip install -qq tensorflow
    import tensorflow.compat.v2 as tf
try:
    import tensorflow_probability as tfp
except ModuleNotFoundError:
    %pip install -qq tensorflow-probability
    import tensorflow_probability as tfp
from tensorflow_probability import bijectors as tfb
from tensorflow_probability import distributions as tfd

# from matplotlib import pylab as plt
import seaborn as sns

import pandas as pd
import matplotlib.pyplot as plt

print(tf.__version__, tfp.__version__)
------------------

----- stdout -----
Note: you may need to restart the kernel to use updated packages.
------------------

---------------------------------------------------------------------------
ModuleNotFoundError                       Traceback (most recent call last)
Cell In[1], line 5
      4 try:
----> 5     import tensorflow.compat.v2 as tf
      6 except ModuleNotFoundError:

ModuleNotFoundError: No module named 'tensorflow'

During handling of the above exception, another exception occurred:

ValueError                                Traceback (most recent call last)
Cell In[1], line 8
      6 except ModuleNotFoundError:
      7     get_ipython().run_line_magic('pip', 'install -qq tensorflow')
----> 8     import tensorflow.compat.v2 as tf
      9 try:
     10     import tensorflow_probability as tfp

File ~/miniconda3/envs/py310/lib/python3.10/site-packages/tensorflow/__init__.py:49
     46 from tensorflow.python import tf2 as _tf2
     47 _tf2.enable()
---> 49 from tensorflow._api.v2 import __internal__
     50 from tensorflow._api.v2 import __operators__
     51 from tensorflow._api.v2 import audio

File ~/miniconda3/envs/py310/lib/python3.10/site-packages/tensorflow/_api/v2/__internal__/__init__.py:13
     11 from tensorflow._api.v2.__internal__ import distribute
     12 from tensorflow._api.v2.__internal__ import eager_context
---> 13 from tensorflow._api.v2.__internal__ import feature_column
     14 from tensorflow._api.v2.__internal__ import function
     15 from tensorflow._api.v2.__internal__ import graph_util

File ~/miniconda3/envs/py310/lib/python3.10/site-packages/tensorflow/_api/v2/__internal__/feature_column/__init__.py:8
      3 """Public API for tf._api.v2.__internal__.feature_column namespace
      4 """
      6 import sys as _sys
----> 8 from tensorflow.python.feature_column.feature_column_v2 import DenseColumn # line: 1777
      9 from tensorflow.python.feature_column.feature_column_v2 import FeatureTransformationCache # line: 1962
     10 from tensorflow.python.feature_column.feature_column_v2 import SequenceDenseColumn # line: 1941

File ~/miniconda3/envs/py310/lib/python3.10/site-packages/tensorflow/python/feature_column/feature_column_v2.py:38
     36 from tensorflow.python.data.ops import readers
     37 from tensorflow.python.eager import context
---> 38 from tensorflow.python.feature_column import feature_column as fc_old
     39 from tensorflow.python.feature_column import feature_column_v2_types as fc_types
     40 from tensorflow.python.feature_column import serialization

File ~/miniconda3/envs/py310/lib/python3.10/site-packages/tensorflow/python/feature_column/feature_column.py:41
     39 from tensorflow.python.framework import sparse_tensor as sparse_tensor_lib
     40 from tensorflow.python.framework import tensor_shape
---> 41 from tensorflow.python.layers import base
     42 from tensorflow.python.ops import array_ops
     43 from tensorflow.python.ops import array_ops_stack

File ~/miniconda3/envs/py310/lib/python3.10/site-packages/tensorflow/python/layers/base.py:16
      1 # Copyright 2015 The TensorFlow Authors. All Rights Reserved.
      2 #
      3 # Licensed under the Apache License, Version 2.0 (the "License");
   (...)
     13 # limitations under the License.
     14 # =============================================================================
     15 """Contains the base Layer class, from which all layers inherit."""
---> 16 from tensorflow.python.keras.legacy_tf_layers import base
     18 InputSpec = base.InputSpec
     20 keras_style_scope = base.keras_style_scope

File ~/miniconda3/envs/py310/lib/python3.10/site-packages/tensorflow/python/keras/__init__.py:25
     22 from tensorflow.python.keras import distribute
     24 # See b/110718070#comment18 for more details about this import.
---> 25 from tensorflow.python.keras import models
     27 from tensorflow.python.keras.engine.input_layer import Input
     28 from tensorflow.python.keras.engine.sequential import Sequential

File ~/miniconda3/envs/py310/lib/python3.10/site-packages/tensorflow/python/keras/models.py:25
     23 from tensorflow.python.keras.engine import sequential
     24 from tensorflow.python.keras.engine import training
---> 25 from tensorflow.python.keras.engine import training_v1
     26 from tensorflow.python.keras.engine.base_layer import AddMetric
     27 from tensorflow.python.keras.engine.base_layer import Layer

File ~/miniconda3/envs/py310/lib/python3.10/site-packages/tensorflow/python/keras/engine/training_v1.py:46
     44 from tensorflow.python.keras.engine import base_layer
     45 from tensorflow.python.keras.engine import training as training_lib
---> 46 from tensorflow.python.keras.engine import training_arrays_v1
     47 from tensorflow.python.keras.engine import training_distributed_v1
     48 from tensorflow.python.keras.engine import training_eager_v1

File ~/miniconda3/envs/py310/lib/python3.10/site-packages/tensorflow/python/keras/engine/training_arrays_v1.py:37
     34 from tensorflow.python.util import nest
     36 try:
---> 37   from scipy.sparse import issparse  # pylint: disable=g-import-not-at-top
     38 except ImportError:
     39   issparse = None

File ~/miniconda3/envs/py310/lib/python3.10/site-packages/scipy/__init__.py:81
     79 # deprecate callable objects, skipping classes
     80 for _key in _num.__all__:
---> 81     _fun = getattr(_num, _key)
     82     if callable(_fun) and not isinstance(_fun, type):
     83         _fun = _deprecated(_msg.format(_key))(_fun)

File ~/miniconda3/envs/py310/lib/python3.10/site-packages/numpy/__init__.py:340, in __getattr__(attr)
    338     x = ones(2, dtype=float32)
    339     if not abs(x.dot(x) - 2.0) < 1e-5:
--> 340         raise AssertionError()
    341 except AssertionError:
    342     msg = ("The current Numpy installation ({!r}) fails to "
    343            "pass simple sanity checks. This can be caused for example "
    344            "by incorrect BLAS library being linked in, or by mixing "
    345            "package managers (pip, conda, apt, ...). Search closed "
    346            "numpy issues for similar problems.")

File ~/miniconda3/envs/py310/lib/python3.10/site-packages/numpy/random/__init__.py:180
    126 __all__ = [
    127     'beta',
    128     'binomial',
   (...)
    176     'zipf',
    177 ]
    179 # add these for module-freeze analysis (like PyInstaller)
--> 180 from . import _pickle
    181 from . import _common
    182 from . import _bounded_integers

File ~/miniconda3/envs/py310/lib/python3.10/site-packages/numpy/random/_pickle.py:1
----> 1 from .mtrand import RandomState
      2 from ._philox import Philox
      3 from ._pcg64 import PCG64, PCG64DXSM

File mtrand.pyx:1, in init numpy.random.mtrand()

ValueError: numpy.dtype size changed, may indicate binary incompatibility. Expected 96 from C header, got 88 from PyObject
